Component: ARM Compiler 5.06 update 7 (build 960) Tool: armlink [4d3601]

==============================================================================

Section Cross References

    startup_stm32f103xe.o(RESET) refers to startup_stm32f103xe.o(STACK) for __initial_sp
    startup_stm32f103xe.o(RESET) refers to startup_stm32f103xe.o(.text) for Reset_Handler
    startup_stm32f103xe.o(RESET) refers to stm32f1xx_it.o(i.NMI_Handler) for NMI_Handler
    startup_stm32f103xe.o(RESET) refers to stm32f1xx_it.o(i.HardFault_Handler) for HardFault_Handler
    startup_stm32f103xe.o(RESET) refers to stm32f1xx_it.o(i.MemManage_Handler) for MemManage_Handler
    startup_stm32f103xe.o(RESET) refers to stm32f1xx_it.o(i.BusFault_Handler) for BusFault_Handler
    startup_stm32f103xe.o(RESET) refers to stm32f1xx_it.o(i.UsageFault_Handler) for UsageFault_Handler
    startup_stm32f103xe.o(RESET) refers to stm32f1xx_it.o(i.SVC_Handler) for SVC_Handler
    startup_stm32f103xe.o(RESET) refers to stm32f1xx_it.o(i.DebugMon_Handler) for DebugMon_Handler
    startup_stm32f103xe.o(RESET) refers to stm32f1xx_it.o(i.PendSV_Handler) for PendSV_Handler
    startup_stm32f103xe.o(RESET) refers to stm32f1xx_it.o(i.SysTick_Handler) for SysTick_Handler
    startup_stm32f103xe.o(RESET) refers to stm32f1xx_it.o(i.ADC1_2_IRQHandler) for ADC1_2_IRQHandler
    startup_stm32f103xe.o(RESET) refers to stm32f1xx_it.o(i.EXTI9_5_IRQHandler) for EXTI9_5_IRQHandler
    startup_stm32f103xe.o(RESET) refers to stm32f1xx_it.o(i.USART3_IRQHandler) for USART3_IRQHandler
    startup_stm32f103xe.o(RESET) refers to stm32f1xx_it.o(i.EXTI15_10_IRQHandler) for EXTI15_10_IRQHandler
    startup_stm32f103xe.o(.text) refers to system_stm32f1xx.o(i.SystemInit) for SystemInit
    startup_stm32f103xe.o(.text) refers to entry.o(.ARM.Collect$$$$00000000) for __main
    gpio_control.o(i.GPIO_DC_CTRL_Callback) refers to stm32f1xx_hal.o(i.HAL_GetTick) for HAL_GetTick
    gpio_control.o(i.GPIO_DC_CTRL_Callback) refers to gpio_control.o(i.GPIO_ReadDC_CTRL) for GPIO_ReadDC_CTRL
    gpio_control.o(i.GPIO_DC_CTRL_Callback) refers to usart.o(i.DEBUG_Printf) for DEBUG_Printf
    gpio_control.o(i.GPIO_DC_CTRL_Callback) refers to gpio_control.o(.data) for .data
    gpio_control.o(i.GPIO_K1_EN_Callback) refers to stm32f1xx_hal.o(i.HAL_GetTick) for HAL_GetTick
    gpio_control.o(i.GPIO_K1_EN_Callback) refers to gpio_control.o(i.GPIO_ReadK1_EN) for GPIO_ReadK1_EN
    gpio_control.o(i.GPIO_K1_EN_Callback) refers to usart.o(i.DEBUG_Printf) for DEBUG_Printf
    gpio_control.o(i.GPIO_K1_EN_Callback) refers to gpio_control.o(.data) for .data
    gpio_control.o(i.GPIO_K2_EN_Callback) refers to stm32f1xx_hal.o(i.HAL_GetTick) for HAL_GetTick
    gpio_control.o(i.GPIO_K2_EN_Callback) refers to gpio_control.o(i.GPIO_ReadK2_EN) for GPIO_ReadK2_EN
    gpio_control.o(i.GPIO_K2_EN_Callback) refers to usart.o(i.DEBUG_Printf) for DEBUG_Printf
    gpio_control.o(i.GPIO_K2_EN_Callback) refers to gpio_control.o(.data) for .data
    gpio_control.o(i.GPIO_K3_EN_Callback) refers to stm32f1xx_hal.o(i.HAL_GetTick) for HAL_GetTick
    gpio_control.o(i.GPIO_K3_EN_Callback) refers to gpio_control.o(i.GPIO_ReadK3_EN) for GPIO_ReadK3_EN
    gpio_control.o(i.GPIO_K3_EN_Callback) refers to usart.o(i.DEBUG_Printf) for DEBUG_Printf
    gpio_control.o(i.GPIO_K3_EN_Callback) refers to gpio_control.o(.data) for .data
    gpio_control.o(i.GPIO_ReadDC_CTRL) refers to stm32f1xx_hal_gpio.o(i.HAL_GPIO_ReadPin) for HAL_GPIO_ReadPin
    gpio_control.o(i.GPIO_ReadFAN_SEN) refers to stm32f1xx_hal_gpio.o(i.HAL_GPIO_ReadPin) for HAL_GPIO_ReadPin
    gpio_control.o(i.GPIO_ReadK1_1_STA) refers to stm32f1xx_hal_gpio.o(i.HAL_GPIO_ReadPin) for HAL_GPIO_ReadPin
    gpio_control.o(i.GPIO_ReadK1_2_STA) refers to stm32f1xx_hal_gpio.o(i.HAL_GPIO_ReadPin) for HAL_GPIO_ReadPin
    gpio_control.o(i.GPIO_ReadK1_EN) refers to stm32f1xx_hal_gpio.o(i.HAL_GPIO_ReadPin) for HAL_GPIO_ReadPin
    gpio_control.o(i.GPIO_ReadK2_1_STA) refers to stm32f1xx_hal_gpio.o(i.HAL_GPIO_ReadPin) for HAL_GPIO_ReadPin
    gpio_control.o(i.GPIO_ReadK2_2_STA) refers to stm32f1xx_hal_gpio.o(i.HAL_GPIO_ReadPin) for HAL_GPIO_ReadPin
    gpio_control.o(i.GPIO_ReadK2_EN) refers to stm32f1xx_hal_gpio.o(i.HAL_GPIO_ReadPin) for HAL_GPIO_ReadPin
    gpio_control.o(i.GPIO_ReadK3_1_STA) refers to stm32f1xx_hal_gpio.o(i.HAL_GPIO_ReadPin) for HAL_GPIO_ReadPin
    gpio_control.o(i.GPIO_ReadK3_2_STA) refers to stm32f1xx_hal_gpio.o(i.HAL_GPIO_ReadPin) for HAL_GPIO_ReadPin
    gpio_control.o(i.GPIO_ReadK3_EN) refers to stm32f1xx_hal_gpio.o(i.HAL_GPIO_ReadPin) for HAL_GPIO_ReadPin
    gpio_control.o(i.GPIO_ReadSW1_STA) refers to stm32f1xx_hal_gpio.o(i.HAL_GPIO_ReadPin) for HAL_GPIO_ReadPin
    gpio_control.o(i.GPIO_ReadSW2_STA) refers to stm32f1xx_hal_gpio.o(i.HAL_GPIO_ReadPin) for HAL_GPIO_ReadPin
    gpio_control.o(i.GPIO_ReadSW3_STA) refers to stm32f1xx_hal_gpio.o(i.HAL_GPIO_ReadPin) for HAL_GPIO_ReadPin
[...]
    i.TIM_OC4_SetConfig                      0x08006928   Section        0  stm32f1xx_hal_tim.o(i.TIM_OC4_SetConfig)
    TIM_OC4_SetConfig                        0x08006929   Thumb Code    70  stm32f1xx_hal_tim.o(i.TIM_OC4_SetConfig)
    i.TIM_TI1_ConfigInputStage               0x08006978   Section        0  stm32f1xx_hal_tim.o(i.TIM_TI1_ConfigInputStage)
    TIM_TI1_ConfigInputStage                 0x08006979   Thumb Code    34  stm32f1xx_hal_tim.o(i.TIM_TI1_ConfigInputStage)
    i.TIM_TI2_ConfigInputStage               0x0800699a   Section        0  stm32f1xx_hal_tim.o(i.TIM_TI2_ConfigInputStage)
    TIM_TI2_ConfigInputStage                 0x0800699b   Thumb Code    36  stm32f1xx_hal_tim.o(i.TIM_TI2_ConfigInputStage)
    i.TemperatureMonitor_CheckAndHandleAlarm 0x080069c0   Section        0  temperature_monitor.o(i.TemperatureMonitor_CheckAndHandleAlarm)
    i.TemperatureMonitor_FanSpeed1sHandler   0x08006a08   Section        0  temperature_monitor.o(i.TemperatureMonitor_FanSpeed1sHandler)
    i.TemperatureMonitor_GetFanPWM           0x08006a20   Section        0  temperature_monitor.o(i.TemperatureMonitor_GetFanPWM)
    i.TemperatureMonitor_GetFanSpeed         0x08006a2c   Section        0  temperature_monitor.o(i.TemperatureMonitor_GetFanSpeed)
    i.TemperatureMonitor_GetInfo             0x08006a3c   Section        0  temperature_monitor.o(i.TemperatureMonitor_GetInfo)
    i.TemperatureMonitor_Init                0x08006a64   Section        0  temperature_monitor.o(i.TemperatureMonitor_Init)
    i.TemperatureMonitor_UpdateAll           0x08006adc   Section        0  temperature_monitor.o(i.TemperatureMonitor_UpdateAll)
    i.UART_DMAAbortOnError                   0x08006c10   Section        0  stm32f1xx_hal_uart.o(i.UART_DMAAbortOnError)
    UART_DMAAbortOnError                     0x08006c11   Thumb Code    16  stm32f1xx_hal_uart.o(i.UART_DMAAbortOnError)
    i.UART_EndRxTransfer                     0x08006c20   Section        0  stm32f1xx_hal_uart.o(i.UART_EndRxTransfer)
    UART_EndRxTransfer                       0x08006c21   Thumb Code    78  stm32f1xx_hal_uart.o(i.UART_EndRxTransfer)
    i.UART_Receive_IT                        0x08006c6e   Section        0  stm32f1xx_hal_uart.o(i.UART_Receive_IT)
    UART_Receive_IT                          0x08006c6f   Thumb Code   194  stm32f1xx_hal_uart.o(i.UART_Receive_IT)
    i.UART_SetConfig                         0x08006d30   Section        0  stm32f1xx_hal_uart.o(i.UART_SetConfig)
    UART_SetConfig                           0x08006d31   Thumb Code   178  stm32f1xx_hal_uart.o(i.UART_SetConfig)
    i.UART_WaitOnFlagUntilTimeout            0x08006de8   Section        0  stm32f1xx_hal_uart.o(i.UART_WaitOnFlagUntilTimeout)
    UART_WaitOnFlagUntilTimeout              0x08006de9   Thumb Code   114  stm32f1xx_hal_uart.o(i.UART_WaitOnFlagUntilTimeout)
    i.USART3_IRQHandler                      0x08006e5c   Section        0  stm32f1xx_it.o(i.USART3_IRQHandler)
    i.UsageFault_Handler                     0x08006e68   Section        0  stm32f1xx_it.o(i.UsageFault_Handler)
    i.__0snprintf                            0x08006e6c   Section        0  printfa.o(i.__0snprintf)
    i.__0sprintf                             0x08006ea0   Section        0  printfa.o(i.__0sprintf)
    i.__0vsprintf                            0x08006ec8   Section        0  printfa.o(i.__0vsprintf)
    i.__NVIC_SetPriority                     0x08006eec   Section        0  stm32f1xx_hal_cortex.o(i.__NVIC_SetPriority)
    __NVIC_SetPriority                       0x08006eed   Thumb Code    32  stm32f1xx_hal_cortex.o(i.__NVIC_SetPriority)
    i.__scatterload_copy                     0x08006f0c   Section       14  handlers.o(i.__scatterload_copy)
    i.__scatterload_null                     0x08006f1a   Section        2  handlers.o(i.__scatterload_null)
    i.__scatterload_zeroinit                 0x08006f1c   Section       14  handlers.o(i.__scatterload_zeroinit)
    i._fp_digits                             0x08006f2c   Section        0  printfa.o(i._fp_digits)
    _fp_digits                               0x08006f2d   Thumb Code   366  printfa.o(i._fp_digits)
    i._printf_core                           0x080070b0   Section        0  printfa.o(i._printf_core)
    _printf_core                             0x080070b1   Thumb Code  1704  printfa.o(i._printf_core)
    i._printf_post_padding                   0x08007764   Section        0  printfa.o(i._printf_post_padding)
    _printf_post_padding                     0x08007765   Thumb Code    36  printfa.o(i._printf_post_padding)
    i._printf_pre_padding                    0x08007788   Section        0  printfa.o(i._printf_pre_padding)
    _printf_pre_padding                      0x08007789   Thumb Code    46  printfa.o(i._printf_pre_padding)
    i._snputc                                0x080077b6   Section        0  printfa.o(i._snputc)
    _snputc                                  0x080077b7   Thumb Code    22  printfa.o(i._snputc)
    i._sputc                                 0x080077cc   Section        0  printfa.o(i._sputc)
    _sputc                                   0x080077cd   Thumb Code    10  printfa.o(i._sputc)
    i.main                                   0x080077d8   Section        0  main.o(i.main)
    .constdata                               0x080079f8   Section     1336  temperature_monitor.o(.constdata)
    ntc_table                                0x08007a00   Data        1328  temperature_monitor.o(.constdata)
    .constdata                               0x08007f30   Section     2032  oled_display.o(.constdata)
    Font6x8                                  0x08007f30   Data         570  oled_display.o(.constdata)
    Font8x16                                 0x0800816a   Data        1008  oled_display.o(.constdata)
    logo_data                                0x0800855a   Data         432  oled_display.o(.constdata)
    .constdata                               0x08008720   Section       20  system_control.o(.constdata)
    .constdata                               0x08008734   Section       18  stm32f1xx_hal_rcc.o(.constdata)
    aPredivFactorTable                       0x08008734   Data           2  stm32f1xx_hal_rcc.o(.constdata)
    aPLLMULFactorTable                       0x08008736   Data          16  stm32f1xx_hal_rcc.o(.constdata)
    .constdata                               0x08008746   Section       16  system_stm32f1xx.o(.constdata)
    .constdata                               0x08008756   Section        8  system_stm32f1xx.o(.constdata)
    .conststring                             0x08008760   Section      161  relay_control.o(.conststring)
    .conststring                             0x08008804   Section       60  oled_display.o(.conststring)
    .conststring                             0x08008840   Section      189  system_control.o(.conststring)
    .conststring                             0x08008900   Section      236  safety_monitor.o(.conststring)
    .data                                    0x20000000   Section        6  relay_control.o(.data)
    enableCheckCount                         0x20000000   Data           3  relay_control.o(.data)
    pendingAction                            0x20000003   Data           3  relay_control.o(.data)
    .data                                    0x20000008   Section       18  temperature_monitor.o(.data)
    fan_pwm                                  0x20000008   Data           1  temperature_monitor.o(.data)
    lastStates                               0x20000009   Data           3  temperature_monitor.o(.data)
    .data                                    0x2000001a   Section        2  oled_display.o(.data)
    g_cache_valid                            0x2000001a   Data           1  oled_display.o(.data)
    g_dirty_count                            0x2000001b   Data           1  oled_display.o(.data)
    .data                                    0x2000001c   Section       20  system_control.o(.data)
    lastRelayTime                            0x2000001c   Data           4  system_control.o(.data)
    lastTempTime                             0x20000020   Data           4  system_control.o(.data)
    lastOledTime                             0x20000024   Data           4  system_control.o(.data)
    lastSafetyTime                           0x20000028   Data           4  system_control.o(.data)
    lastFanSpeedTime                         0x2000002c   Data           4  system_control.o(.data)
    .data                                    0x20000030   Section       60  safety_monitor.o(.data)
    g_alarm_descriptions                     0x20000030   Data          60  safety_monitor.o(.data)
    .data                                    0x2000006c   Section       12  stm32f1xx_hal.o(.data)
    .data                                    0x20000078   Section        4  system_stm32f1xx.o(.data)
    .bss                                     0x2000007c   Section       36  relay_control.o(.bss)
    relayChannels                            0x2000007c   Data          36  relay_control.o(.bss)
    .bss                                     0x200000a0   Section       24  temperature_monitor.o(.bss)
    tempInfos                                0x200000a0   Data          24  temperature_monitor.o(.bss)
    .bss                                     0x200000b8   Section     2344  oled_display.o(.bss)
    OLED_GRAM                                0x200000b8   Data        1024  oled_display.o(.bss)
    g_display_cache                          0x200004b8   Data         256  oled_display.o(.bss)
    g_dirty_regions                          0x200005b8   Data          40  oled_display.o(.bss)
    g_prev_gram                              0x200005e0   Data        1024  oled_display.o(.bss)
    .bss                                     0x200009e0   Section      144  system_control.o(.bss)
    g_system_control                         0x200009e0   Data         144  system_control.o(.bss)
    .bss                                     0x20000a70   Section      116  adc.o(.bss)
    .bss                                     0x20000ae4   Section       84  i2c.o(.bss)
    .bss                                     0x20000b38   Section       88  spi.o(.bss)
    .bss                                     0x20000b90   Section       72  tim.o(.bss)
    .bss                                     0x20000bd8   Section      144  usart.o(.bss)
    .bss                                     0x20000c68   Section      616  safety_monitor.o(.bss)
    g_safety_monitor                         0x20000c68   Data         616  safety_monitor.o(.bss)
    STACK                                    0x20000ed0   Section     1024  startup_stm32f103xe.o(STACK)

    Global Symbols

    Symbol Name                              Value     Ov Type        Size  Object(Section)

    BuildAttributes$$THM_ISAv4$P$D$K$B$S$PE$A:L22UL41UL21$X:L11$S22US41US21$IEEE1$IW$USESV6$~STKCKD$USESV7$~SHL$OTIME$ROPI$EBA8$MICROLIB$REQ8$PRES8$EABIv2 0x00000000   Number         0  anon$$obj.o ABSOLUTE
    __ARM_use_no_argv                        0x00000000   Number         0  main.o ABSOLUTE
    _printf_a                                0x00000000   Number         0  stubs.o ABSOLUTE
    _printf_c                                0x00000000   Number         0  stubs.o ABSOLUTE
    _printf_charcount                        0x00000000   Number         0  stubs.o ABSOLUTE
    _printf_d                                0x00000000   Number         0  stubs.o ABSOLUTE
    _printf_e                                0x00000000   Number         0  stubs.o ABSOLUTE
    _printf_f                                0x00000000   Number         0  stubs.o ABSOLUTE
    _printf_flags                            0x00000000   Number         0  stubs.o ABSOLUTE
    _printf_fp_dec                           0x00000000   Number         0  stubs.o ABSOLUTE
    _printf_fp_hex                           0x00000000   Number         0  stubs.o ABSOLUTE
    _printf_g                                0x00000000   Number         0  stubs.o ABSOLUTE
    _printf_i                                0x00000000   Number         0  stubs.o ABSOLUTE
    _printf_int_dec                          0x00000000   Number         0  stubs.o ABSOLUTE
    _printf_l                                0x00000000   Number         0  stubs.o ABSOLUTE
    _printf_lc                               0x00000000   Number         0  stubs.o ABSOLUTE
    _printf_ll                               0x00000000   Number         0  stubs.o ABSOLUTE
    _printf_lld                              0x00000000   Number         0  stubs.o ABSOLUTE
    _printf_lli                              0x00000000   Number         0  stubs.o ABSOLUTE
    _printf_llo                              0x00000000   Number         0  stubs.o ABSOLUTE
    _printf_llu                              0x00000000   Number         0  stubs.o ABSOLUTE
    _printf_llx                              0x00000000   Number         0  stubs.o ABSOLUTE
    _printf_longlong_dec                     0x00000000   Number         0  stubs.o ABSOLUTE
    _printf_longlong_hex                     0x00000000   Number         0  stubs.o ABSOLUTE
    _printf_longlong_oct                     0x00000000   Number         0  stubs.o ABSOLUTE
    _printf_ls                               0x00000000   Number         0  stubs.o ABSOLUTE
    _printf_mbtowc                           0x00000000   Number         0  stubs.o ABSOLUTE
    _printf_n                                0x00000000   Number         0  stubs.o ABSOLUTE
    _printf_o                                0x00000000   Number         0  stubs.o ABSOLUTE
    _printf_p                                0x00000000   Number         0  stubs.o ABSOLUTE
    _printf_percent                          0x00000000   Number         0  stubs.o ABSOLUTE
    _printf_pre_padding                      0x00000000   Number         0  stubs.o ABSOLUTE
    _printf_return_value                     0x00000000   Number         0  stubs.o ABSOLUTE
    _printf_s                                0x00000000   Number         0  stubs.o ABSOLUTE
    _printf_sizespec                         0x00000000   Number         0  stubs.o ABSOLUTE
    _printf_str                              0x00000000   Number         0  stubs.o ABSOLUTE
    _printf_truncate_signed                  0x00000000   Number         0  stubs.o ABSOLUTE
    _printf_truncate_unsigned                0x00000000   Number         0  stubs.o ABSOLUTE
    _printf_u                                0x00000000   Number         0  stubs.o ABSOLUTE
    _printf_wc                               0x00000000   Number         0  stubs.o ABSOLUTE
    _printf_wctomb                           0x00000000   Number         0  stubs.o ABSOLUTE
    _printf_widthprec                        0x00000000   Number         0  stubs.o ABSOLUTE
    _printf_x                                0x00000000   Number         0  stubs.o ABSOLUTE
    __arm_fini_                               - Undefined Weak Reference
    __cpp_initialize__aeabi_                  - Undefined Weak Reference
    __cxa_finalize                            - Undefined Weak Reference
    __decompress                              - Undefined Weak Reference
    _clock_init                               - Undefined Weak Reference
    _microlib_exit                            - Undefined Weak Reference
    __Vectors_Size                           0x00000130   Number         0  startup_stm32f103xe.o ABSOLUTE
    __Vectors                                0x08000000   Data           4  startup_stm32f103xe.o(RESET)
    __Vectors_End                            0x08000130   Data           0  startup_stm32f103xe.o(RESET)
    __main                                   0x08000131   Thumb Code     0  entry.o(.ARM.Collect$$$$00000000)
    _main_stk                                0x08000131   Thumb Code     0  entry2.o(.ARM.Collect$$$$00000001)
    _main_scatterload                        0x08000135   Thumb Code     0  entry5.o(.ARM.Collect$$$$00000004)
    __main_after_scatterload                 0x08000139   Thumb Code     0  entry5.o(.ARM.Collect$$$$00000004)
    _main_clock                              0x08000139   Thumb Code     0  entry7b.o(.ARM.Collect$$$$00000008)
    _main_cpp_init                           0x08000139   Thumb Code     0  entry8b.o(.ARM.Collect$$$$0000000A)
    _main_init                               0x08000139   Thumb Code     0  entry9a.o(.ARM.Collect$$$$0000000B)
    __rt_lib_shutdown_fini                   0x08000141   Thumb Code     0  entry12b.o(.ARM.Collect$$$$0000000E)
    __rt_final_cpp                           0x08000145   Thumb Code     0  entry10a.o(.ARM.Collect$$$$0000000F)
    __rt_final_exit                          0x08000145   Thumb Code     0  entry11a.o(.ARM.Collect$$$$00000011)
    Reset_Handler                            0x08000149   Thumb Code     8  startup_stm32f103xe.o(.text)
    ADC3_IRQHandler                          0x08000163   Thumb Code     0  startup_stm32f103xe.o(.text)
    CAN1_RX1_IRQHandler                      0x08000163   Thumb Code     0  startup_stm32f103xe.o(.text)
    CAN1_SCE_IRQHandler                      0x08000163   Thumb Code     0  startup_stm32f103xe.o(.text)
    DMA1_Channel1_IRQHandler                 0x08000163   Thumb Code     0  startup_stm32f103xe.o(.text)
    DMA1_Channel2_IRQHandler                 0x08000163   Thumb Code     0  startup_stm32f103xe.o(.text)
    DMA1_Channel3_IRQHandler                 0x08000163   Thumb Code     0  startup_stm32f103xe.o(.text)
    DMA1_Channel4_IRQHandler                 0x08000163   Thumb Code     0  startup_stm32f103xe.o(.text)
    DMA1_Channel5_IRQHandler                 0x08000163   Thumb Code     0  startup_stm32f103xe.o(.text)
    DMA1_Channel6_IRQHandler                 0x08000163   Thumb Code     0  startup_stm32f103xe.o(.text)
    DMA1_Channel7_IRQHandler                 0x08000163   Thumb Code     0  startup_stm32f103xe.o(.text)
    DMA2_Channel1_IRQHandler                 0x08000163   Thumb Code     0  startup_stm32f103xe.o(.text)
    DMA2_Channel2_IRQHandler                 0x08000163   Thumb Code     0  startup_stm32f103xe.o(.text)
    DMA2_Channel3_IRQHandler                 0x08000163   Thumb Code     0  startup_stm32f103xe.o(.text)
    DMA2_Channel4_5_IRQHandler               0x08000163   Thumb Code     0  startup_stm32f103xe.o(.text)
    EXTI0_IRQHandler                         0x08000163   Thumb Code     0  startup_stm32f103xe.o(.text)
    EXTI1_IRQHandler                         0x08000163   Thumb Code     0  startup_stm32f103xe.o(.text)
    EXTI2_IRQHandler                         0x08000163   Thumb Code     0  startup_stm32f103xe.o(.text)
    EXTI3_IRQHandler                         0x08000163   Thumb Code     0  startup_stm32f103xe.o(.text)
    EXTI4_IRQHandler                         0x08000163   Thumb Code     0  startup_stm32f103xe.o(.text)
    FLASH_IRQHandler                         0x08000163   Thumb Code     0  startup_stm32f103xe.o(.text)
    FSMC_IRQHandler                          0x08000163   Thumb Code     0  startup_stm32f103xe.o(.text)
    I2C1_ER_IRQHandler                       0x08000163   Thumb Code     0  startup_stm32f103xe.o(.text)
    I2C1_EV_IRQHandler                       0x08000163   Thumb Code     0  startup_stm32f103xe.o(.text)
    I2C2_ER_IRQHandler                       0x08000163   Thumb Code     0  startup_stm32f103xe.o(.text)
    I2C2_EV_IRQHandler                       0x08000163   Thumb Code     0  startup_stm32f103xe.o(.text)
    PVD_IRQHandler                           0x08000163   Thumb Code     0  startup_stm32f103xe.o(.text)
    RCC_IRQHandler                           0x08000163   Thumb Code     0  startup_stm32f103xe.o(.text)
    RTC_Alarm_IRQHandler                     0x08000163   Thumb Code     0  startup_stm32f103xe.o(.text)
    RTC_IRQHandler                           0x08000163   Thumb Code     0  startup_stm32f103xe.o(.text)
    SDIO_IRQHandler                          0x08000163   Thumb Code     0  startup_stm32f103xe.o(.text)
    SPI1_IRQHandler                          0x08000163   Thumb Code     0  startup_stm32f103xe.o(.text)
    SPI2_IRQHandler                          0x08000163   Thumb Code     0  startup_stm32f103xe.o(.text)
    SPI3_IRQHandler                          0x08000163   Thumb Code     0  startup_stm32f103xe.o(.text)
    TAMPER_IRQHandler                        0x08000163   Thumb Code     0  startup_stm32f103xe.o(.text)
    TIM1_BRK_IRQHandler                      0x08000163   Thumb Code     0  startup_stm32f103xe.o(.text)
    TIM1_CC_IRQHandler                       0x08000163   Thumb Code     0  startup_stm32f103xe.o(.text)
    TIM1_TRG_COM_IRQHandler                  0x08000163   Thumb Code     0  startup_stm32f103xe.o(.text)
    TIM1_UP_IRQHandler                       0x08000163   Thumb Code     0  startup_stm32f103xe.o(.text)
    TIM2_IRQHandler                          0x08000163   Thumb Code     0  startup_stm32f103xe.o(.text)
    TIM3_IRQHandler                          0x08000163   Thumb Code     0  startup_stm32f103xe.o(.text)
    TIM4_IRQHandler                          0x08000163   Thumb Code     0  startup_stm32f103xe.o(.text)
    TIM5_IRQHandler                          0x08000163   Thumb Code     0  startup_stm32f103xe.o(.text)
    TIM6_IRQHandler                          0x08000163   Thumb Code     0  startup_stm32f103xe.o(.text)
    TIM7_IRQHandler                          0x08000163   Thumb Code     0  startup_stm32f103xe.o(.text)
    TIM8_BRK_IRQHandler                      0x08000163   Thumb Code     0  startup_stm32f103xe.o(.text)
    TIM8_CC_IRQHandler                       0x08000163   Thumb Code     0  startup_stm32f103xe.o(.text)
    TIM8_TRG_COM_IRQHandler                  0x08000163   Thumb Code     0  startup_stm32f103xe.o(.text)
    TIM8_UP_IRQHandler                       0x08000163   Thumb Code     0  startup_stm32f103xe.o(.text)
    UART4_IRQHandler                         0x08000163   Thumb Code     0  startup_stm32f103xe.o(.text)
    UART5_IRQHandler                         0x08000163   Thumb Code     0  startup_stm32f103xe.o(.text)
    USART1_IRQHandler                        0x08000163   Thumb Code     0  startup_stm32f103xe.o(.text)
    USART2_IRQHandler                        0x08000163   Thumb Code     0  startup_stm32f103xe.o(.text)
    USBWakeUp_IRQHandler                     0x08000163   Thumb Code     0  startup_stm32f103xe.o(.text)
    USB_HP_CAN1_TX_IRQHandler                0x08000163   Thumb Code     0  startup_stm32f103xe.o(.text)
    USB_LP_CAN1_RX0_IRQHandler               0x08000163   Thumb Code     0  startup_stm32f103xe.o(.text)
    WWDG_IRQHandler                          0x08000163   Thumb Code     0  startup_stm32f103xe.o(.text)
    __aeabi_llsr                             0x0800016d   Thumb Code    32  llushr.o(.text)
    _ll_ushift_r                             0x0800016d   Thumb Code     0  llushr.o(.text)
    __aeabi_memcpy                           0x0800018d   Thumb Code    36  memcpya.o(.text)
    __aeabi_memcpy4                          0x0800018d   Thumb Code     0  memcpya.o(.text)
    __aeabi_memcpy8                          0x0800018d   Thumb Code     0  memcpya.o(.text)
    __aeabi_memset                           0x080001b1   Thumb Code    14  memseta.o(.text)
    __aeabi_memset4                          0x080001b1   Thumb Code     0  memseta.o(.text)
    __aeabi_memset8                          0x080001b1   Thumb Code     0  memseta.o(.text)
    __aeabi_memclr                           0x080001bf   Thumb Code     4  memseta.o(.text)
    __aeabi_memclr4                          0x080001bf   Thumb Code     0  memseta.o(.text)
    __aeabi_memclr8                          0x080001bf   Thumb Code     0  memseta.o(.text)
    _memset$wrapper                          0x080001c3   Thumb Code    18  memseta.o(.text)
    strcat                                   0x080001d5   Thumb Code    24  strcat.o(.text)
    strncpy                                  0x080001ed   Thumb Code    24  strncpy.o(.text)
    strlen                                   0x08000205   Thumb Code    14  strlen.o(.text)
    __aeabi_fadd                             0x08000213   Thumb Code   164  fadd.o(.text)
    __aeabi_fsub                             0x080002b7   Thumb Code     6  fadd.o(.text)
    __aeabi_frsub                            0x080002bd   Thumb Code     6  fadd.o(.text)
    __aeabi_fmul                             0x080002c3   Thumb Code   100  fmul.o(.text)
    __aeabi_fdiv                             0x08000327   Thumb Code   124  fdiv.o(.text)
    __aeabi_ui2f                             0x080003a3   Thumb Code    10  ffltui.o(.text)
    __aeabi_f2d                              0x080003ad   Thumb Code    38  f2d.o(.text)
    __aeabi_cfrcmple                         0x080003d5   Thumb Code    20  cfrcmple.o(.text)
    __aeabi_uidiv                            0x080003e9   Thumb Code     0  uidiv.o(.text)
    __aeabi_uidivmod                         0x080003e9   Thumb Code    44  uidiv.o(.text)
    __aeabi_uldivmod                         0x08000415   Thumb Code    98  uldiv.o(.text)
    __I$use$fp                               0x08000477   Thumb Code     0  iusefp.o(.text)
    _float_round                             0x08000477   Thumb Code    18  fepilogue.o(.text)
    _float_epilogue                          0x08000489   Thumb Code    92  fepilogue.o(.text)
    __aeabi_dadd                             0x080004e5   Thumb Code   322  dadd.o(.text)
    __aeabi_dsub                             0x08000627   Thumb Code     6  dadd.o(.text)
    __aeabi_drsub                            0x0800062d   Thumb Code     6  dadd.o(.text)
    __aeabi_dmul                             0x08000633   Thumb Code   228  dmul.o(.text)
    __aeabi_ddiv                             0x08000717   Thumb Code   222  ddiv.o(.text)
    __aeabi_d2ulz                            0x080007f5   Thumb Code    48  dfixul.o(.text)
    __aeabi_cdrcmple                         0x08000825   Thumb Code    48  cdrcmple.o(.text)
    __scatterload                            0x08000855   Thumb Code    28  init.o(.text)
    __scatterload_rt2                        0x08000855   Thumb Code     0  init.o(.text)
    __aeabi_llsl                             0x08000879   Thumb Code    30  llshl.o(.text)
    _ll_shift_l                              0x08000879   Thumb Code     0  llshl.o(.text)
    __aeabi_lasr                             0x08000897   Thumb Code    36  llsshr.o(.text)
    _ll_sshift_r                             0x08000897   Thumb Code     0  llsshr.o(.text)
    _double_round                            0x080008bb   Thumb Code    30  depilogue.o(.text)
    _double_epilogue                         0x080008d9   Thumb Code   156  depilogue.o(.text)
    ADC1_2_IRQHandler                        0x08000975   Thumb Code     6  stm32f1xx_it.o(i.ADC1_2_IRQHandler)
    ADC_ConversionStop_Disable               0x08000981   Thumb Code    86  stm32f1xx_hal_adc.o(i.ADC_ConversionStop_Disable)
    ADC_DMAConvCplt                          0x080009d7   Thumb Code    78  stm32f1xx_hal_adc.o(i.ADC_DMAConvCplt)
    ADC_DMAError                             0x08000a25   Thumb Code    26  stm32f1xx_hal_adc.o(i.ADC_DMAError)
    ADC_DMAHalfConvCplt                      0x08000a3f   Thumb Code    10  stm32f1xx_hal_adc.o(i.ADC_DMAHalfConvCplt)
    ADC_Enable                               0x08000a49   Thumb Code   114  stm32f1xx_hal_adc.o(i.ADC_Enable)
    BusFault_Handler                         0x08000ac5   Thumb Code     2  stm32f1xx_it.o(i.BusFault_Handler)
    DEBUG_Printf                             0x08000afd   Thumb Code    42  usart.o(i.DEBUG_Printf)
    DebugMon_Handler                         0x08000b57   Thumb Code     2  stm32f1xx_it.o(i.DebugMon_Handler)
    EXTI15_10_IRQHandler                     0x08000b59   Thumb Code    38  stm32f1xx_it.o(i.EXTI15_10_IRQHandler)
    EXTI9_5_IRQHandler                       0x08000b7f   Thumb Code    28  stm32f1xx_it.o(i.EXTI9_5_IRQHandler)
    Error_Handler                            0x08000b9b   Thumb Code     4  main.o(i.Error_Handler)
    GPIO_ReadDC_CTRL                         0x08000ba1   Thumb Code     8  gpio_control.o(i.GPIO_ReadDC_CTRL)
    GPIO_ReadK1_1_STA                        0x08000bad   Thumb Code     8  gpio_control.o(i.GPIO_ReadK1_1_STA)
    GPIO_ReadK1_2_STA                        0x08000bb9   Thumb Code     8  gpio_control.o(i.GPIO_ReadK1_2_STA)
    GPIO_ReadK1_EN                           0x08000bc5   Thumb Code    10  gpio_control.o(i.GPIO_ReadK1_EN)
    GPIO_ReadK2_1_STA                        0x08000bd5   Thumb Code     8  gpio_control.o(i.GPIO_ReadK2_1_STA)
    GPIO_ReadK2_2_STA                        0x08000be1   Thumb Code    10  gpio_control.o(i.GPIO_ReadK2_2_STA)
    GPIO_ReadK2_EN                           0x08000bf1   Thumb Code    10  gpio_control.o(i.GPIO_ReadK2_EN)
    GPIO_ReadK3_1_STA                        0x08000c01   Thumb Code     8  gpio_control.o(i.GPIO_ReadK3_1_STA)
    GPIO_ReadK3_2_STA                        0x08000c0d   Thumb Code    10  gpio_control.o(i.GPIO_ReadK3_2_STA)
    GPIO_ReadK3_EN                           0x08000c1d   Thumb Code    10  gpio_control.o(i.GPIO_ReadK3_EN)
    GPIO_ReadSW1_STA                         0x08000c2d   Thumb Code    10  gpio_control.o(i.GPIO_ReadSW1_STA)
    GPIO_ReadSW2_STA                         0x08000c3d   Thumb Code    10  gpio_control.o(i.GPIO_ReadSW2_STA)
    GPIO_ReadSW3_STA                         0x08000c4d   Thumb Code    10  gpio_control.o(i.GPIO_ReadSW3_STA)
    GPIO_SetAlarmOutput                      0x08000c5d   Thumb Code    16  gpio_control.o(i.GPIO_SetAlarmOutput)
    GPIO_SetBeepOutput                       0x08000c71   Thumb Code    16  gpio_control.o(i.GPIO_SetBeepOutput)
    GPIO_SetK1_1_OFF                         0x08000c85   Thumb Code    10  gpio_control.o(i.GPIO_SetK1_1_OFF)
    GPIO_SetK1_1_ON                          0x08000c95   Thumb Code    10  gpio_control.o(i.GPIO_SetK1_1_ON)
    GPIO_SetK1_2_OFF                         0x08000ca5   Thumb Code    10  gpio_control.o(i.GPIO_SetK1_2_OFF)
    GPIO_SetK1_2_ON                          0x08000cb5   Thumb Code    12  gpio_control.o(i.GPIO_SetK1_2_ON)
    GPIO_SetK2_1_OFF                         0x08000cc5   Thumb Code    10  gpio_control.o(i.GPIO_SetK2_1_OFF)
    GPIO_SetK2_1_ON                          0x08000cd5   Thumb Code    10  gpio_control.o(i.GPIO_SetK2_1_ON)
    GPIO_SetK2_2_OFF                         0x08000ce5   Thumb Code    10  gpio_control.o(i.GPIO_SetK2_2_OFF)
    GPIO_SetK2_2_ON                          0x08000cf5   Thumb Code    10  gpio_control.o(i.GPIO_SetK2_2_ON)
    GPIO_SetK3_1_OFF                         0x08000d05   Thumb Code    10  gpio_control.o(i.GPIO_SetK3_1_OFF)
    GPIO_SetK3_1_ON                          0x08000d15   Thumb Code    10  gpio_control.o(i.GPIO_SetK3_1_ON)
    GPIO_SetK3_2_OFF                         0x08000d25   Thumb Code    10  gpio_control.o(i.GPIO_SetK3_2_OFF)
    GPIO_SetK3_2_ON                          0x08000d35   Thumb Code    10  gpio_control.o(i.GPIO_SetK3_2_ON)
    HAL_ADCEx_InjectedConvCpltCallback       0x08000d45   Thumb Code     2  stm32f1xx_hal_adc_ex.o(i.HAL_ADCEx_InjectedConvCpltCallback)
    HAL_ADC_ConfigChannel                    0x08000d49   Thumb Code   240  stm32f1xx_hal_adc.o(i.HAL_ADC_ConfigChannel)
    HAL_ADC_ConvCpltCallback                 0x08000e45   Thumb Code     2  temperature_monitor.o(i.HAL_ADC_ConvCpltCallback)
    HAL_ADC_ConvHalfCpltCallback             0x08000e47   Thumb Code     2  stm32f1xx_hal_adc.o(i.HAL_ADC_ConvHalfCpltCallback)
    HAL_ADC_ErrorCallback                    0x08000e49   Thumb Code     2  stm32f1xx_hal_adc.o(i.HAL_ADC_ErrorCallback)
    HAL_ADC_IRQHandler                       0x08000e4b   Thumb Code   220  stm32f1xx_hal_adc.o(i.HAL_ADC_IRQHandler)
    HAL_ADC_Init                             0x08000f29   Thumb Code   272  stm32f1xx_hal_adc.o(i.HAL_ADC_Init)
    HAL_ADC_LevelOutOfWindowCallback         0x08001049   Thumb Code     2  stm32f1xx_hal_adc.o(i.HAL_ADC_LevelOutOfWindowCallback)
    HAL_ADC_MspInit                          0x0800104d   Thumb Code   138  adc.o(i.HAL_ADC_MspInit)
    HAL_ADC_Start_DMA                        0x080010ed   Thumb Code   246  stm32f1xx_hal_adc.o(i.HAL_ADC_Start_DMA)
    HAL_DMA_Abort                            0x080011f9   Thumb Code    70  stm32f1xx_hal_dma.o(i.HAL_DMA_Abort)
    HAL_DMA_Abort_IT                         0x08001241   Thumb Code   296  stm32f1xx_hal_dma.o(i.HAL_DMA_Abort_IT)
    HAL_DMA_Init                             0x08001371   Thumb Code   112  stm32f1xx_hal_dma.o(i.HAL_DMA_Init)
    HAL_DMA_Start_IT                         0x080013ed   Thumb Code   112  stm32f1xx_hal_dma.o(i.HAL_DMA_Start_IT)
    HAL_Delay                                0x0800145d   Thumb Code    32  stm32f1xx_hal.o(i.HAL_Delay)
    HAL_GPIO_EXTI_Callback                   0x08001481   Thumb Code   104  gpio.o(i.HAL_GPIO_EXTI_Callback)
    HAL_GPIO_EXTI_IRQHandler                 0x08001509   Thumb Code    18  stm32f1xx_hal_gpio.o(i.HAL_GPIO_EXTI_IRQHandler)
    HAL_GPIO_Init                            0x08001521   Thumb Code   462  stm32f1xx_hal_gpio.o(i.HAL_GPIO_Init)
    HAL_GPIO_ReadPin                         0x08001719   Thumb Code    10  stm32f1xx_hal_gpio.o(i.HAL_GPIO_ReadPin)
    HAL_GPIO_WritePin                        0x08001723   Thumb Code    10  stm32f1xx_hal_gpio.o(i.HAL_GPIO_WritePin)
    HAL_GetTick                              0x0800172d   Thumb Code     6  stm32f1xx_hal.o(i.HAL_GetTick)
    HAL_I2C_Init                             0x08001739   Thumb Code   376  stm32f1xx_hal_i2c.o(i.HAL_I2C_Init)
    HAL_I2C_IsDeviceReady                    0x080018c1   Thumb Code   354  stm32f1xx_hal_i2c.o(i.HAL_I2C_IsDeviceReady)
    HAL_I2C_Mem_Write                        0x08001a2d   Thumb Code   294  stm32f1xx_hal_i2c.o(i.HAL_I2C_Mem_Write)
    HAL_I2C_MspInit                          0x08001b5d   Thumb Code    80  i2c.o(i.HAL_I2C_MspInit)
    HAL_IncTick                              0x08001bb9   Thumb Code    12  stm32f1xx_hal.o(i.HAL_IncTick)
    HAL_Init                                 0x08001bc9   Thumb Code    32  stm32f1xx_hal.o(i.HAL_Init)
    HAL_InitTick                             0x08001bed   Thumb Code    54  stm32f1xx_hal.o(i.HAL_InitTick)
    HAL_MspInit                              0x08001c2d   Thumb Code    52  stm32f1xx_hal_msp.o(i.HAL_MspInit)
    HAL_NVIC_EnableIRQ                       0x08001c69   Thumb Code    26  stm32f1xx_hal_cortex.o(i.HAL_NVIC_EnableIRQ)
    HAL_NVIC_SetPriority                     0x08001c85   Thumb Code    60  stm32f1xx_hal_cortex.o(i.HAL_NVIC_SetPriority)
    HAL_NVIC_SetPriorityGrouping             0x08001cc5   Thumb Code    26  stm32f1xx_hal_cortex.o(i.HAL_NVIC_SetPriorityGrouping)
    HAL_RCCEx_PeriphCLKConfig                0x08001ce9   Thumb Code   224  stm32f1xx_hal_rcc_ex.o(i.HAL_RCCEx_PeriphCLKConfig)
    HAL_RCC_ClockConfig                      0x08001dd5   Thumb Code   280  stm32f1xx_hal_rcc.o(i.HAL_RCC_ClockConfig)
    HAL_RCC_GetPCLK1Freq                     0x08001f01   Thumb Code    20  stm32f1xx_hal_rcc.o(i.HAL_RCC_GetPCLK1Freq)
    HAL_RCC_GetPCLK2Freq                     0x08001f21   Thumb Code    20  stm32f1xx_hal_rcc.o(i.HAL_RCC_GetPCLK2Freq)
    HAL_RCC_GetSysClockFreq                  0x08001f41   Thumb Code    58  stm32f1xx_hal_rcc.o(i.HAL_RCC_GetSysClockFreq)
    HAL_RCC_OscConfig                        0x08001f8d   Thumb Code   778  stm32f1xx_hal_rcc.o(i.HAL_RCC_OscConfig)
    HAL_SPI_Init                             0x080022ad   Thumb Code   178  stm32f1xx_hal_spi.o(i.HAL_SPI_Init)
    HAL_SPI_MspInit                          0x08002361   Thumb Code   102  spi.o(i.HAL_SPI_MspInit)
    HAL_SYSTICK_Config                       0x080023d5   Thumb Code    40  stm32f1xx_hal_cortex.o(i.HAL_SYSTICK_Config)
    HAL_TIMEx_MasterConfigSynchronization    0x080023fd   Thumb Code   104  stm32f1xx_hal_tim_ex.o(i.HAL_TIMEx_MasterConfigSynchronization)
    HAL_TIM_Base_Init                        0x08002479   Thumb Code    90  stm32f1xx_hal_tim.o(i.HAL_TIM_Base_Init)
    HAL_TIM_Base_MspInit                     0x080024d5   Thumb Code    30  tim.o(i.HAL_TIM_Base_MspInit)
    HAL_TIM_ConfigClockSource                0x080024fd   Thumb Code   220  stm32f1xx_hal_tim.o(i.HAL_TIM_ConfigClockSource)
    HAL_TIM_MspPostInit                      0x080025d9   Thumb Code    62  tim.o(i.HAL_TIM_MspPostInit)
    HAL_TIM_PWM_ConfigChannel                0x08002625   Thumb Code   204  stm32f1xx_hal_tim.o(i.HAL_TIM_PWM_ConfigChannel)
    HAL_TIM_PWM_Init                         0x080026f1   Thumb Code    90  stm32f1xx_hal_tim.o(i.HAL_TIM_PWM_Init)
    HAL_TIM_PWM_MspInit                      0x0800274b   Thumb Code     2  stm32f1xx_hal_tim.o(i.HAL_TIM_PWM_MspInit)
    HAL_TIM_PWM_Start                        0x0800274d   Thumb Code   160  stm32f1xx_hal_tim.o(i.HAL_TIM_PWM_Start)
    HAL_UARTEx_RxEventCallback               0x08002801   Thumb Code     2  stm32f1xx_hal_uart.o(i.HAL_UARTEx_RxEventCallback)
    HAL_UART_ErrorCallback                   0x08002803   Thumb Code     2  stm32f1xx_hal_uart.o(i.HAL_UART_ErrorCallback)
    HAL_UART_IRQHandler                      0x08002805   Thumb Code   616  stm32f1xx_hal_uart.o(i.HAL_UART_IRQHandler)
    HAL_UART_Init                            0x08002a71   Thumb Code   100  stm32f1xx_hal_uart.o(i.HAL_UART_Init)
    HAL_UART_MspInit                         0x08002ad5   Thumb Code   204  usart.o(i.HAL_UART_MspInit)
    HAL_UART_RxCpltCallback                  0x08002bb9   Thumb Code     2  stm32f1xx_hal_uart.o(i.HAL_UART_RxCpltCallback)
    HAL_UART_Transmit                        0x08002bbb   Thumb Code   160  stm32f1xx_hal_uart.o(i.HAL_UART_Transmit)
    HAL_UART_TxCpltCallback                  0x08002c5b   Thumb Code     2  stm32f1xx_hal_uart.o(i.HAL_UART_TxCpltCallback)
    HardFault_Handler                        0x08002c5d   Thumb Code     2  stm32f1xx_it.o(i.HardFault_Handler)
    MX_ADC1_Init                             0x08002f31   Thumb Code   112  adc.o(i.MX_ADC1_Init)
    MX_DMA_Init                              0x08002fa9   Thumb Code    22  dma.o(i.MX_DMA_Init)
    MX_GPIO_Init                             0x08002fc5   Thumb Code   396  gpio.o(i.MX_GPIO_Init)
    MX_I2C1_Init                             0x0800316d   Thumb Code    50  i2c.o(i.MX_I2C1_Init)
    MX_SPI2_Init                             0x080031ad   Thumb Code    62  spi.o(i.MX_SPI2_Init)
    MX_TIM3_Init                             0x080031f5   Thumb Code   146  tim.o(i.MX_TIM3_Init)
    MX_USART1_UART_Init                      0x08003291   Thumb Code    48  usart.o(i.MX_USART1_UART_Init)
    MX_USART3_UART_Init                      0x080032c9   Thumb Code    48  usart.o(i.MX_USART3_UART_Init)
    MemManage_Handler                        0x08003301   Thumb Code     2  stm32f1xx_it.o(i.MemManage_Handler)
    NMI_Handler                              0x08003303   Thumb Code     2  stm32f1xx_it.o(i.NMI_Handler)
    OLED_AddDirtyRegion                      0x08003385   Thumb Code   124  oled_display.o(i.OLED_AddDirtyRegion)
    OLED_Clear                               0x08003409   Thumb Code    20  oled_display.o(i.OLED_Clear)
    OLED_ClearDirtyRegions                   0x08003421   Thumb Code    18  oled_display.o(i.OLED_ClearDirtyRegions)
    OLED_DrawString                          0x0800343d   Thumb Code   162  oled_display.o(i.OLED_DrawString)
    OLED_DrawString6x8                       0x080034ed   Thumb Code     6  oled_display.o(i.OLED_DrawString6x8)
    OLED_DrawStringDirty                     0x080034f5   Thumb Code   214  oled_display.o(i.OLED_DrawStringDirty)
    OLED_Init                                0x080035d9   Thumb Code   172  oled_display.o(i.OLED_Init)
    OLED_Refresh                             0x08003685   Thumb Code    66  oled_display.o(i.OLED_Refresh)
    OLED_RefreshDirtyRegions                 0x080036d1   Thumb Code   200  oled_display.o(i.OLED_RefreshDirtyRegions)
    OLED_ResetDisplayCache                   0x080037a9   Thumb Code    20  oled_display.o(i.OLED_ResetDisplayCache)
    OLED_ShowLogo                            0x080037c5   Thumb Code   180  oled_display.o(i.OLED_ShowLogo)
    OLED_ShowMainScreenDirty                 0x08003881   Thumb Code   314  oled_display.o(i.OLED_ShowMainScreenDirty)
    OLED_ShowSelfTestBar                     0x080039d1   Thumb Code   120  oled_display.o(i.OLED_ShowSelfTestBar)
    OLED_ShowSelfTestBarWithStep             0x08003a4d   Thumb Code   260  oled_display.o(i.OLED_ShowSelfTestBarWithStep)
    OLED_TestConnection                      0x08003b5d   Thumb Code    82  oled_display.o(i.OLED_TestConnection)
    PendSV_Handler                           0x08003bdd   Thumb Code     2  stm32f1xx_it.o(i.PendSV_Handler)
    RelayControl_CheckChannelFeedback        0x08003be1   Thumb Code   414  relay_control.o(i.RelayControl_CheckChannelFeedback)
    RelayControl_CheckInterlock              0x08003fed   Thumb Code   152  relay_control.o(i.RelayControl_CheckInterlock)
    RelayControl_CloseChannel                0x08004085   Thumb Code   216  relay_control.o(i.RelayControl_CloseChannel)
    RelayControl_GetChannelState             0x080041dd   Thumb Code    26  relay_control.o(i.RelayControl_GetChannelState)
    RelayControl_HandleEnableSignal          0x080041fd   Thumb Code     2  relay_control.o(i.RelayControl_HandleEnableSignal)
    RelayControl_Init                        0x08004201   Thumb Code   148  relay_control.o(i.RelayControl_Init)
    RelayControl_OpenChannel                 0x080042a1   Thumb Code   272  relay_control.o(i.RelayControl_OpenChannel)
    RelayControl_ProcessPendingActions       0x08004475   Thumb Code   188  relay_control.o(i.RelayControl_ProcessPendingActions)
    SVC_Handler                              0x080045f1   Thumb Code     2  stm32f1xx_it.o(i.SVC_Handler)
    SafetyMonitor_CheckAlarmA_ClearCondition 0x080045f3   Thumb Code    44  safety_monitor.o(i.SafetyMonitor_CheckAlarmA_ClearCondition)
    SafetyMonitor_CheckAlarmBJN_ClearCondition 0x0800461f   Thumb Code   290  safety_monitor.o(i.SafetyMonitor_CheckAlarmBJN_ClearCondition)
    SafetyMonitor_CheckAlarmKM_ClearCondition 0x08004741   Thumb Code    86  safety_monitor.o(i.SafetyMonitor_CheckAlarmKM_ClearCondition)
    SafetyMonitor_CheckAlarmO_ClearCondition 0x0800479d   Thumb Code    32  safety_monitor.o(i.SafetyMonitor_CheckAlarmO_ClearCondition)
    SafetyMonitor_CheckContactorStatus       0x080047e9   Thumb Code   120  safety_monitor.o(i.SafetyMonitor_CheckContactorStatus)
    SafetyMonitor_CheckEnableConflict        0x08004861   Thumb Code    58  safety_monitor.o(i.SafetyMonitor_CheckEnableConflict)
    SafetyMonitor_CheckPowerMonitor          0x080048ad   Thumb Code    68  safety_monitor.o(i.SafetyMonitor_CheckPowerMonitor)
    SafetyMonitor_CheckRelayStatus           0x08004965   Thumb Code   206  safety_monitor.o(i.SafetyMonitor_CheckRelayStatus)
    SafetyMonitor_CheckTemperatureAlarm      0x08004a35   Thumb Code   124  safety_monitor.o(i.SafetyMonitor_CheckTemperatureAlarm)
    SafetyMonitor_ClearAlarmFlag             0x08004ad9   Thumb Code    56  safety_monitor.o(i.SafetyMonitor_ClearAlarmFlag)
    SafetyMonitor_GetAlarmDescription        0x08004b3d   Thumb Code    16  safety_monitor.o(i.SafetyMonitor_GetAlarmDescription)
    SafetyMonitor_GetAlarmFlags              0x08004b5d   Thumb Code     6  safety_monitor.o(i.SafetyMonitor_GetAlarmFlags)
    SafetyMonitor_GetAlarmInfo               0x08004b69   Thumb Code    52  safety_monitor.o(i.SafetyMonitor_GetAlarmInfo)
    SafetyMonitor_GetBeepStateDescription    0x08004ba1   Thumb Code    34  safety_monitor.o(i.SafetyMonitor_GetBeepStateDescription)
    SafetyMonitor_Init                       0x08004c01   Thumb Code   140  safety_monitor.o(i.SafetyMonitor_Init)
    SafetyMonitor_IsAlarmActive              0x08004cb1   Thumb Code    24  safety_monitor.o(i.SafetyMonitor_IsAlarmActive)
    SafetyMonitor_PowerFailureCallback       0x08004ccd   Thumb Code    94  safety_monitor.o(i.SafetyMonitor_PowerFailureCallback)
    SafetyMonitor_Process                    0x08004e15   Thumb Code    22  safety_monitor.o(i.SafetyMonitor_Process)
    SafetyMonitor_ProcessBeep                0x08004e2d   Thumb Code   108  safety_monitor.o(i.SafetyMonitor_ProcessBeep)
    SafetyMonitor_SetAlarmFlag               0x08004e9d   Thumb Code    80  safety_monitor.o(i.SafetyMonitor_SetAlarmFlag)
    SafetyMonitor_UpdateAlarmOutput          0x08004f1d   Thumb Code    52  safety_monitor.o(i.SafetyMonitor_UpdateAlarmOutput)
    SafetyMonitor_UpdateAllAlarmStatus       0x08004f95   Thumb Code    94  safety_monitor.o(i.SafetyMonitor_UpdateAllAlarmStatus)
    SafetyMonitor_UpdateBeepState            0x08004ff5   Thumb Code   210  safety_monitor.o(i.SafetyMonitor_UpdateBeepState)
    SysTick_Handler                          0x080050ed   Thumb Code     4  stm32f1xx_it.o(i.SysTick_Handler)
    SystemClock_Config                       0x080050f1   Thumb Code   122  main.o(i.SystemClock_Config)
    SystemControl_EnterAlarmState            0x0800516d   Thumb Code    32  system_control.o(i.SystemControl_EnterAlarmState)
    SystemControl_EnterErrorState            0x080051ad   Thumb Code    54  system_control.o(i.SystemControl_EnterErrorState)
    SystemControl_EnterNormalState           0x08005215   Thumb Code    36  system_control.o(i.SystemControl_EnterNormalState)
    SystemControl_ExecuteChannelShutdown     0x0800525d   Thumb Code   298  system_control.o(i.SystemControl_ExecuteChannelShutdown)
    SystemControl_ExecuteSelfTest            0x08005535   Thumb Code   214  system_control.o(i.SystemControl_ExecuteSelfTest)
    SystemControl_HandleSelfTestError        0x080056b9   Thumb Code    62  system_control.o(i.SystemControl_HandleSelfTestError)
    SystemControl_Init                       0x08005735   Thumb Code    42  system_control.o(i.SystemControl_Init)
    SystemControl_MainLoopScheduler          0x08005781   Thumb Code   136  system_control.o(i.SystemControl_MainLoopScheduler)
    SystemControl_Process                    0x08005879   Thumb Code   152  system_control.o(i.SystemControl_Process)
    SystemControl_Reset                      0x08005985   Thumb Code    36  system_control.o(i.SystemControl_Reset)
    SystemControl_SelfTest_Step1_ExpectedState 0x080059b9   Thumb Code   110  system_control.o(i.SystemControl_SelfTest_Step1_ExpectedState)
    SystemControl_SelfTest_Step2_RelayCorrection 0x08005b21   Thumb Code   716  system_control.o(i.SystemControl_SelfTest_Step2_RelayCorrection)
    SystemControl_SelfTest_Step3_ContactorCheck 0x080060dd   Thumb Code   176  system_control.o(i.SystemControl_SelfTest_Step3_ContactorCheck)
    SystemControl_SelfTest_Step4_TemperatureSafety 0x08006271   Thumb Code   180  system_control.o(i.SystemControl_SelfTest_Step4_TemperatureSafety)
    SystemControl_StartLogoDisplay           0x08006441   Thumb Code    30  system_control.o(i.SystemControl_StartLogoDisplay)
    SystemControl_StartSelfTest              0x08006489   Thumb Code    34  system_control.o(i.SystemControl_StartSelfTest)
    SystemControl_UpdateDisplay              0x080064d1   Thumb Code   376  system_control.o(i.SystemControl_UpdateDisplay)
    SystemControl_UpdateSelfTestProgress     0x080066b9   Thumb Code    56  system_control.o(i.SystemControl_UpdateSelfTestProgress)
    SystemInit                               0x08006715   Thumb Code     2  system_stm32f1xx.o(i.SystemInit)
    TIM_Base_SetConfig                       0x08006719   Thumb Code   134  stm32f1xx_hal_tim.o(i.TIM_Base_SetConfig)
    TIM_CCxChannelCmd                        0x080067b5   Thumb Code    26  stm32f1xx_hal_tim.o(i.TIM_CCxChannelCmd)
    TIM_ETR_SetConfig                        0x080067cf   Thumb Code    20  stm32f1xx_hal_tim.o(i.TIM_ETR_SetConfig)
    TIM_OC2_SetConfig                        0x08006855   Thumb Code    98  stm32f1xx_hal_tim.o(i.TIM_OC2_SetConfig)
    TemperatureMonitor_CheckAndHandleAlarm   0x080069c1   Thumb Code    34  temperature_monitor.o(i.TemperatureMonitor_CheckAndHandleAlarm)
    TemperatureMonitor_FanSpeed1sHandler     0x08006a09   Thumb Code    20  temperature_monitor.o(i.TemperatureMonitor_FanSpeed1sHandler)
    TemperatureMonitor_GetFanPWM             0x08006a21   Thumb Code     6  temperature_monitor.o(i.TemperatureMonitor_GetFanPWM)
    TemperatureMonitor_GetFanSpeed           0x08006a2d   Thumb Code    12  temperature_monitor.o(i.TemperatureMonitor_GetFanSpeed)
    TemperatureMonitor_GetInfo               0x08006a3d   Thumb Code    32  temperature_monitor.o(i.TemperatureMonitor_GetInfo)
    TemperatureMonitor_Init                  0x08006a65   Thumb Code    58  temperature_monitor.o(i.TemperatureMonitor_Init)
    TemperatureMonitor_UpdateAll             0x08006add   Thumb Code   228  temperature_monitor.o(i.TemperatureMonitor_UpdateAll)
    USART3_IRQHandler                        0x08006e5d   Thumb Code     6  stm32f1xx_it.o(i.USART3_IRQHandler)
    UsageFault_Handler                       0x08006e69   Thumb Code     2  stm32f1xx_it.o(i.UsageFault_Handler)
    __0snprintf                              0x08006e6d   Thumb Code    48  printfa.o(i.__0snprintf)
    __1snprintf                              0x08006e6d   Thumb Code     0  printfa.o(i.__0snprintf)
    __2snprintf                              0x08006e6d   Thumb Code     0  printfa.o(i.__0snprintf)
    __c89snprintf                            0x08006e6d   Thumb Code     0  printfa.o(i.__0snprintf)
    snprintf                                 0x08006e6d   Thumb Code     0  printfa.o(i.__0snprintf)
    __0sprintf                               0x08006ea1   Thumb Code    34  printfa.o(i.__0sprintf)
    __1sprintf                               0x08006ea1   Thumb Code     0  printfa.o(i.__0sprintf)
    __2sprintf                               0x08006ea1   Thumb Code     0  printfa.o(i.__0sprintf)
    __c89sprintf                             0x08006ea1   Thumb Code     0  printfa.o(i.__0sprintf)
    sprintf                                  0x08006ea1   Thumb Code     0  printfa.o(i.__0sprintf)
    __0vsprintf                              0x08006ec9   Thumb Code    30  printfa.o(i.__0vsprintf)
    __1vsprintf                              0x08006ec9   Thumb Code     0  printfa.o(i.__0vsprintf)
    __2vsprintf                              0x08006ec9   Thumb Code     0  printfa.o(i.__0vsprintf)
    __c89vsprintf                            0x08006ec9   Thumb Code     0  printfa.o(i.__0vsprintf)
    vsprintf                                 0x08006ec9   Thumb Code     0  printfa.o(i.__0vsprintf)
    __scatterload_copy                       0x08006f0d   Thumb Code    14  handlers.o(i.__scatterload_copy)
    __scatterload_null                       0x08006f1b   Thumb Code     2  handlers.o(i.__scatterload_null)
    __scatterload_zeroinit                   0x08006f1d   Thumb Code    14  handlers.o(i.__scatterload_zeroinit)
    main                                     0x080077d9   Thumb Code   176  main.o(i.main)
    AHBPrescTable                            0x08008746   Data          16  system_stm32f1xx.o(.constdata)
    APBPrescTable                            0x08008756   Data           8  system_stm32f1xx.o(.constdata)
    Region$$Table$$Base                      0x080089ec   Number         0  anon$$obj.o(Region$$Table)
    Region$$Table$$Limit                     0x08008a0c   Number         0  anon$$obj.o(Region$$Table)
    fan_pulse_count                          0x2000000c   Data           4  temperature_monitor.o(.data)
    fan_rpm                                  0x20000010   Data           4  temperature_monitor.o(.data)
    adc_dma_buf                              0x20000014   Data           6  temperature_monitor.o(.data)
    uwTickFreq                               0x2000006c   Data           1  stm32f1xx_hal.o(.data)
    uwTickPrio                               0x20000070   Data           4  stm32f1xx_hal.o(.data)
    uwTick                                   0x20000074   Data           4  stm32f1xx_hal.o(.data)
    SystemCoreClock                          0x20000078   Data           4  system_stm32f1xx.o(.data)
    hadc1                                    0x20000a70   Data          48  adc.o(.bss)
    hdma_adc1                                0x20000aa0   Data          68  adc.o(.bss)
    hi2c1                                    0x20000ae4   Data          84  i2c.o(.bss)
    hspi2                                    0x20000b38   Data          88  spi.o(.bss)
    htim3                                    0x20000b90   Data          72  tim.o(.bss)
    huart1                                   0x20000bd8   Data          72  usart.o(.bss)
    huart3                                   0x20000c20   Data          72  usart.o(.bss)
    __initial_sp                             0x200012d0   Data           0  startup_stm32f103xe.o(STACK)



==============================================================================

Memory Map of the image

  Image Entry point : 0x08000131

  Load Region LR_IROM1 (Base: 0x08000000, Size: 0x00008a88, Max: 0x00040000, ABSOLUTE)

    Execution Region ER_IROM1 (Exec base: 0x08000000, Load base: 0x08000000, Size: 0x00008a0c, Max: 0x00040000, ABSOLUTE)

    Exec Addr    Load Addr    Size         Type   Attr      Idx    E Section Name        Object

    0x08000000   0x08000000   0x00000130   Data   RO            3    RESET               startup_stm32f103xe.o
    0x08000130   0x08000130   0x00000000   Code   RO         4967  * .ARM.Collect$$$$00000000  mc_w.l(entry.o)
    0x08000130   0x08000130   0x00000004   Code   RO         5259    .ARM.Collect$$$$00000001  mc_w.l(entry2.o)
    0x08000134   0x08000134   0x00000004   Code   RO         5262    .ARM.Collect$$$$00000004  mc_w.l(entry5.o)
    0x08000138   0x08000138   0x00000000   Code   RO         5264    .ARM.Collect$$$$00000008  mc_w.l(entry7b.o)
    0x08000138   0x08000138   0x00000000   Code   RO         5266    .ARM.Collect$$$$0000000A  mc_w.l(entry8b.o)
    0x08000138   0x08000138   0x00000008   Code   RO         5267    .ARM.Collect$$$$0000000B  mc_w.l(entry9a.o)
    0x08000140   0x08000140   0x00000004   Code   RO         5274    .ARM.Collect$$$$0000000E  mc_w.l(entry12b.o)
    0x08000144   0x08000144   0x00000000   Code   RO         5269    .ARM.Collect$$$$0000000F  mc_w.l(entry10a.o)
    0x08000144   0x08000144   0x00000000   Code   RO         5271    .ARM.Collect$$$$00000011  mc_w.l(entry11a.o)
    0x08000144   0x08000144   0x00000004   Code   RO         5260    .ARM.Collect$$$$00002712  mc_w.l(entry2.o)
    0x08000148   0x08000148   0x00000024   Code   RO            4    .text               startup_stm32f103xe.o
    0x0800016c   0x0800016c   0x00000020   Code   RO         4970    .text               mc_w.l(llushr.o)
    0x0800018c   0x0800018c   0x00000024   Code   RO         4972    .text               mc_w.l(memcpya.o)
    0x080001b0   0x080001b0   0x00000024   Code   RO         4974    .text               mc_w.l(memseta.o)
    0x080001d4   0x080001d4   0x00000018   Code   RO         4976    .text               mc_w.l(strcat.o)
    0x080001ec   0x080001ec   0x00000018   Code   RO         4978    .text               mc_w.l(strncpy.o)
    0x08000204   0x08000204   0x0000000e   Code   RO         4980    .text               mc_w.l(strlen.o)
    0x08000212   0x08000212   0x000000b0   Code   RO         5247    .text               mf_w.l(fadd.o)
    0x080002c2   0x080002c2   0x00000064   Code   RO         5249    .text               mf_w.l(fmul.o)
    0x08000326   0x08000326   0x0000007c   Code   RO         5251    .text               mf_w.l(fdiv.o)
    0x080003a2   0x080003a2   0x0000000a   Code   RO         5253    .text               mf_w.l(ffltui.o)
    0x080003ac   0x080003ac   0x00000026   Code   RO         5255    .text               mf_w.l(f2d.o)
    0x080003d2   0x080003d2   0x00000002   PAD
    0x080003d4   0x080003d4   0x00000014   Code   RO         5257    .text               mf_w.l(cfrcmple.o)
    0x080003e8   0x080003e8   0x0000002c   Code   RO         5276    .text               mc_w.l(uidiv.o)
    0x08000414   0x08000414   0x00000062   Code   RO         5278    .text               mc_w.l(uldiv.o)
    0x08000476   0x08000476   0x00000000   Code   RO         5280    .text               mc_w.l(iusefp.o)
    0x08000476   0x08000476   0x0000006e   Code   RO         5281    .text               mf_w.l(fepilogue.o)
    0x080004e4   0x080004e4   0x0000014e   Code   RO         5283    .text               mf_w.l(dadd.o)
    0x08000632   0x08000632   0x000000e4   Code   RO         5285    .text               mf_w.l(dmul.o)
    0x08000716   0x08000716   0x000000de   Code   RO         5287    .text               mf_w.l(ddiv.o)
    0x080007f4   0x080007f4   0x00000030   Code   RO         5289    .text               mf_w.l(dfixul.o)
    0x08000824   0x08000824   0x00000030   Code   RO         5291    .text               mf_w.l(cdrcmple.o)
    0x08000854   0x08000854   0x00000024   Code   RO         5293    .text               mc_w.l(init.o)
    0x08000878   0x08000878   0x0000001e   Code   RO         5295    .text               mc_w.l(llshl.o)
    0x08000896   0x08000896   0x00000024   Code   RO         5297    .text               mc_w.l(llsshr.o)
    0x080008ba   0x080008ba   0x000000ba   Code   RO         5299    .text               mf_w.l(depilogue.o)
    0x08000974   0x08000974   0x0000000c   Code   RO         1223    i.ADC1_2_IRQHandler  stm32f1xx_it.o
    0x08000980   0x08000980   0x00000056   Code   RO         1584    i.ADC_ConversionStop_Disable  stm32f1xx_hal_adc.o
    0x080009d6   0x080009d6   0x0000004e   Code   RO         1585    i.ADC_DMAConvCplt   stm32f1xx_hal_adc.o
    0x08000a24   0x08000a24   0x0000001a   Code   RO         1586    i.ADC_DMAError      stm32f1xx_hal_adc.o
    0x08000a3e   0x08000a3e   0x0000000a   Code   RO         1587    i.ADC_DMAHalfConvCplt  stm32f1xx_hal_adc.o
    0x08000a48   0x08000a48   0x0000007c   Code   RO         1588    i.ADC_Enable        stm32f1xx_hal_adc.o
    0x08000ac4   0x08000ac4   0x00000002   Code   RO         1224    i.BusFault_Handler  stm32f1xx_it.o
    0x08000ac6   0x08000ac6   0x00000002   PAD
    0x08000ac8   0x08000ac8   0x00000034   Code   RO          429    i.CalcNTCRes        temperature_monitor.o
    0x08000afc   0x08000afc   0x00000030   Code   RO         1156    i.DEBUG_Printf      usart.o
    0x08000b2c   0x08000b2c   0x0000002a   Code   RO         2240    i.DMA_SetConfig     stm32f1xx_hal_dma.o
    0x08000b56   0x08000b56   0x00000002   Code   RO         1225    i.DebugMon_Handler  stm32f1xx_it.o
    0x08000b58   0x08000b58   0x00000026   Code   RO         1226    i.EXTI15_10_IRQHandler  stm32f1xx_it.o
    0x08000b7e   0x08000b7e   0x0000001c   Code   RO         1227    i.EXTI9_5_IRQHandler  stm32f1xx_it.o
    0x08000b9a   0x08000b9a   0x00000004   Code   RO          881    i.Error_Handler     main.o
    0x08000b9e   0x08000b9e   0x00000002   PAD
    0x08000ba0   0x08000ba0   0x0000000c   Code   RO           17    i.GPIO_ReadDC_CTRL  gpio_control.o
    0x08000bac   0x08000bac   0x0000000c   Code   RO           19    i.GPIO_ReadK1_1_STA  gpio_control.o
    0x08000bb8   0x08000bb8   0x0000000c   Code   RO           20    i.GPIO_ReadK1_2_STA  gpio_control.o
    0x08000bc4   0x08000bc4   0x00000010   Code   RO           21    i.GPIO_ReadK1_EN    gpio_control.o
    0x08000bd4   0x08000bd4   0x0000000c   Code   RO           22    i.GPIO_ReadK2_1_STA  gpio_control.o
    0x08000be0   0x08000be0   0x00000010   Code   RO           23    i.GPIO_ReadK2_2_STA  gpio_control.o
    0x08000bf0   0x08000bf0   0x00000010   Code   RO           24    i.GPIO_ReadK2_EN    gpio_control.o
    0x08000c00   0x08000c00   0x0000000c   Code   RO           25    i.GPIO_ReadK3_1_STA  gpio_control.o
    0x08000c0c   0x08000c0c   0x00000010   Code   RO           26    i.GPIO_ReadK3_2_STA  gpio_control.o
    0x08000c1c   0x08000c1c   0x00000010   Code   RO           27    i.GPIO_ReadK3_EN    gpio_control.o
    0x08000c2c   0x08000c2c   0x00000010   Code   RO           28    i.GPIO_ReadSW1_STA  gpio_control.o
    0x08000c3c   0x08000c3c   0x00000010   Code   RO           29    i.GPIO_ReadSW2_STA  gpio_control.o
    0x08000c4c   0x08000c4c   0x00000010   Code   RO           30    i.GPIO_ReadSW3_STA  gpio_control.o
    0x08000c5c   0x08000c5c   0x00000014   Code   RO           31    i.GPIO_SetAlarmOutput  gpio_control.o
    0x08000c70   0x08000c70   0x00000014   Code   RO           32    i.GPIO_SetBeepOutput  gpio_control.o
    0x08000c84   0x08000c84   0x00000010   Code   RO           34    i.GPIO_SetK1_1_OFF  gpio_control.o
    0x08000c94   0x08000c94   0x00000010   Code   RO           35    i.GPIO_SetK1_1_ON   gpio_control.o
    0x08000ca4   0x08000ca4   0x00000010   Code   RO           36    i.GPIO_SetK1_2_OFF  gpio_control.o
    0x08000cb4   0x08000cb4   0x00000010   Code   RO           37    i.GPIO_SetK1_2_ON   gpio_control.o
    0x08000cc4   0x08000cc4   0x00000010   Code   RO           38    i.GPIO_SetK2_1_OFF  gpio_control.o
    0x08000cd4   0x08000cd4   0x00000010   Code   RO           39    i.GPIO_SetK2_1_ON   gpio_control.o
    0x08000ce4   0x08000ce4   0x00000010   Code   RO           40    i.GPIO_SetK2_2_OFF  gpio_control.o
    0x08000cf4   0x08000cf4   0x00000010   Code   RO           41    i.GPIO_SetK2_2_ON   gpio_control.o
    0x08000d04   0x08000d04   0x00000010   Code   RO           42    i.GPIO_SetK3_1_OFF  gpio_control.o
    0x08000d14   0x08000d14   0x00000010   Code   RO           43    i.GPIO_SetK3_1_ON   gpio_control.o
    0x08000d24   0x08000d24   0x00000010   Code   RO           44    i.GPIO_SetK3_2_OFF  gpio_control.o
    0x08000d34   0x08000d34   0x00000010   Code   RO           45    i.GPIO_SetK3_2_ON   gpio_control.o
    0x08000d44   0x08000d44   0x00000002   Code   RO         1766    i.HAL_ADCEx_InjectedConvCpltCallback  stm32f1xx_hal_adc_ex.o
    0x08000d46   0x08000d46   0x00000002   PAD
    0x08000d48   0x08000d48   0x000000fc   Code   RO         1590    i.HAL_ADC_ConfigChannel  stm32f1xx_hal_adc.o
    0x08000e44   0x08000e44   0x00000002   Code   RO          430    i.HAL_ADC_ConvCpltCallback  temperature_monitor.o
    0x08000e46   0x08000e46   0x00000002   Code   RO         1592    i.HAL_ADC_ConvHalfCpltCallback  stm32f1xx_hal_adc.o
    0x08000e48   0x08000e48   0x00000002   Code   RO         1594    i.HAL_ADC_ErrorCallback  stm32f1xx_hal_adc.o
    0x08000e4a   0x08000e4a   0x000000dc   Code   RO         1598    i.HAL_ADC_IRQHandler  stm32f1xx_hal_adc.o
    0x08000f26   0x08000f26   0x00000002   PAD
    0x08000f28   0x08000f28   0x00000120   Code   RO         1599    i.HAL_ADC_Init      stm32f1xx_hal_adc.o
    0x08001048   0x08001048   0x00000002   Code   RO         1600    i.HAL_ADC_LevelOutOfWindowCallback  stm32f1xx_hal_adc.o
    0x0800104a   0x0800104a   0x00000002   PAD
    0x0800104c   0x0800104c   0x000000a0   Code   RO          959    i.HAL_ADC_MspInit   adc.o
    0x080010ec   0x080010ec   0x0000010c   Code   RO         1606    i.HAL_ADC_Start_DMA  stm32f1xx_hal_adc.o
    0x080011f8   0x080011f8   0x00000046   Code   RO         2241    i.HAL_DMA_Abort     stm32f1xx_hal_dma.o
    0x0800123e   0x0800123e   0x00000002   PAD
    0x08001240   0x08001240   0x00000130   Code   RO         2242    i.HAL_DMA_Abort_IT  stm32f1xx_hal_dma.o
    0x08001370   0x08001370   0x0000007c   Code   RO         2247    i.HAL_DMA_Init      stm32f1xx_hal_dma.o
    0x080013ec   0x080013ec   0x00000070   Code   RO         2251    i.HAL_DMA_Start_IT  stm32f1xx_hal_dma.o
    0x0800145c   0x0800145c   0x00000024   Code   RO         1867    i.HAL_Delay         stm32f1xx_hal.o
    0x08001480   0x08001480   0x00000088   Code   RO          927    i.HAL_GPIO_EXTI_Callback  gpio.o
    0x08001508   0x08001508   0x00000018   Code   RO         2176    i.HAL_GPIO_EXTI_IRQHandler  stm32f1xx_hal_gpio.o
    0x08001520   0x08001520   0x000001f8   Code   RO         2177    i.HAL_GPIO_Init     stm32f1xx_hal_gpio.o
    0x08001718   0x08001718   0x0000000a   Code   RO         2179    i.HAL_GPIO_ReadPin  stm32f1xx_hal_gpio.o
    0x08001722   0x08001722   0x0000000a   Code   RO         2181    i.HAL_GPIO_WritePin  stm32f1xx_hal_gpio.o
    0x0800172c   0x0800172c   0x0000000c   Code   RO         1871    i.HAL_GetTick       stm32f1xx_hal.o
    0x08001738   0x08001738   0x00000188   Code   RO         2848    i.HAL_I2C_Init      stm32f1xx_hal_i2c.o
    0x080018c0   0x080018c0   0x0000016c   Code   RO         2849    i.HAL_I2C_IsDeviceReady  stm32f1xx_hal_i2c.o
    0x08001a2c   0x08001a2c   0x00000130   Code   RO         2869    i.HAL_I2C_Mem_Write  stm32f1xx_hal_i2c.o
    0x08001b5c   0x08001b5c   0x0000005c   Code   RO         1025    i.HAL_I2C_MspInit   i2c.o
    0x08001bb8   0x08001bb8   0x00000010   Code   RO         1877    i.HAL_IncTick       stm32f1xx_hal.o
    0x08001bc8   0x08001bc8   0x00000024   Code   RO         1878    i.HAL_Init          stm32f1xx_hal.o
    0x08001bec   0x08001bec   0x00000040   Code   RO         1879    i.HAL_InitTick      stm32f1xx_hal.o
    0x08001c2c   0x08001c2c   0x0000003c   Code   RO         1323    i.HAL_MspInit       stm32f1xx_hal_msp.o
    0x08001c68   0x08001c68   0x0000001a   Code   RO         2337    i.HAL_NVIC_EnableIRQ  stm32f1xx_hal_cortex.o
    0x08001c82   0x08001c82   0x00000002   PAD
    0x08001c84   0x08001c84   0x00000040   Code   RO         2343    i.HAL_NVIC_SetPriority  stm32f1xx_hal_cortex.o
    0x08001cc4   0x08001cc4   0x00000024   Code   RO         2344    i.HAL_NVIC_SetPriorityGrouping  stm32f1xx_hal_cortex.o
    0x08001ce8   0x08001ce8   0x000000ec   Code   RO         2139    i.HAL_RCCEx_PeriphCLKConfig  stm32f1xx_hal_rcc_ex.o
    0x08001dd4   0x08001dd4   0x0000012c   Code   RO         2035    i.HAL_RCC_ClockConfig  stm32f1xx_hal_rcc.o
    0x08001f00   0x08001f00   0x00000020   Code   RO         2042    i.HAL_RCC_GetPCLK1Freq  stm32f1xx_hal_rcc.o
    0x08001f20   0x08001f20   0x00000020   Code   RO         2043    i.HAL_RCC_GetPCLK2Freq  stm32f1xx_hal_rcc.o
    0x08001f40   0x08001f40   0x0000004c   Code   RO         2044    i.HAL_RCC_GetSysClockFreq  stm32f1xx_hal_rcc.o
    0x08001f8c   0x08001f8c   0x00000320   Code   RO         2047    i.HAL_RCC_OscConfig  stm32f1xx_hal_rcc.o
    0x080022ac   0x080022ac   0x000000b2   Code   RO         3285    i.HAL_SPI_Init      stm32f1xx_hal_spi.o
    0x0800235e   0x0800235e   0x00000002   PAD
    0x08002360   0x08002360   0x00000074   Code   RO         1067    i.HAL_SPI_MspInit   spi.o
    0x080023d4   0x080023d4   0x00000028   Code   RO         2348    i.HAL_SYSTICK_Config  stm32f1xx_hal_cortex.o
    0x080023fc   0x080023fc   0x0000007c   Code   RO         4321    i.HAL_TIMEx_MasterConfigSynchronization  stm32f1xx_hal_tim_ex.o
    0x08002478   0x08002478   0x0000005a   Code   RO         3598    i.HAL_TIM_Base_Init  stm32f1xx_hal_tim.o
    0x080024d2   0x080024d2   0x00000002   PAD
    0x080024d4   0x080024d4   0x00000028   Code   RO         1109    i.HAL_TIM_Base_MspInit  tim.o
    0x080024fc   0x080024fc   0x000000dc   Code   RO         3607    i.HAL_TIM_ConfigClockSource  stm32f1xx_hal_tim.o
    0x080025d8   0x080025d8   0x0000004c   Code   RO         1110    i.HAL_TIM_MspPostInit  tim.o
    0x08002624   0x08002624   0x000000cc   Code   RO         3670    i.HAL_TIM_PWM_ConfigChannel  stm32f1xx_hal_tim.o
    0x080026f0   0x080026f0   0x0000005a   Code   RO         3673    i.HAL_TIM_PWM_Init  stm32f1xx_hal_tim.o
    0x0800274a   0x0800274a   0x00000002   Code   RO         3675    i.HAL_TIM_PWM_MspInit  stm32f1xx_hal_tim.o
    0x0800274c   0x0800274c   0x000000b4   Code   RO         3678    i.HAL_TIM_PWM_Start  stm32f1xx_hal_tim.o
    0x08002800   0x08002800   0x00000002   Code   RO         4581    i.HAL_UARTEx_RxEventCallback  stm32f1xx_hal_uart.o
    0x08002802   0x08002802   0x00000002   Code   RO         4595    i.HAL_UART_ErrorCallback  stm32f1xx_hal_uart.o
    0x08002804   0x08002804   0x0000026c   Code   RO         4598    i.HAL_UART_IRQHandler  stm32f1xx_hal_uart.o
    0x08002a70   0x08002a70   0x00000064   Code   RO         4599    i.HAL_UART_Init     stm32f1xx_hal_uart.o
    0x08002ad4   0x08002ad4   0x000000e4   Code   RO         1158    i.HAL_UART_MspInit  usart.o
    0x08002bb8   0x08002bb8   0x00000002   Code   RO         4605    i.HAL_UART_RxCpltCallback  stm32f1xx_hal_uart.o
    0x08002bba   0x08002bba   0x000000a0   Code   RO         4607    i.HAL_UART_Transmit  stm32f1xx_hal_uart.o
    0x08002c5a   0x08002c5a   0x00000002   Code   RO         4610    i.HAL_UART_TxCpltCallback  stm32f1xx_hal_uart.o
    0x08002c5c   0x08002c5c   0x00000002   Code   RO         1228    i.HardFault_Handler  stm32f1xx_it.o
    0x08002c5e   0x08002c5e   0x0000002e   Code   RO         2891    i.I2C_IsAcknowledgeFailed  stm32f1xx_hal_i2c.o
    0x08002c8c   0x08002c8c   0x000000a8   Code   RO         2902    i.I2C_RequestMemoryWrite  stm32f1xx_hal_i2c.o
    0x08002d34   0x08002d34   0x00000056   Code   RO         2906    i.I2C_WaitOnBTFFlagUntilTimeout  stm32f1xx_hal_i2c.o
    0x08002d8a   0x08002d8a   0x00000002   PAD
    0x08002d8c   0x08002d8c   0x00000090   Code   RO         2907    i.I2C_WaitOnFlagUntilTimeout  stm32f1xx_hal_i2c.o
    0x08002e1c   0x08002e1c   0x000000bc   Code   RO         2908    i.I2C_WaitOnMasterAddressFlagUntilTimeout  stm32f1xx_hal_i2c.o
    0x08002ed8   0x08002ed8   0x00000056   Code   RO         2910    i.I2C_WaitOnTXEFlagUntilTimeout  stm32f1xx_hal_i2c.o
    0x08002f2e   0x08002f2e   0x00000002   PAD
    0x08002f30   0x08002f30   0x00000078   Code   RO          960    i.MX_ADC1_Init      adc.o
    0x08002fa8   0x08002fa8   0x0000001c   Code   RO         1000    i.MX_DMA_Init       dma.o
    0x08002fc4   0x08002fc4   0x000001a8   Code   RO          928    i.MX_GPIO_Init      gpio.o
    0x0800316c   0x0800316c   0x00000040   Code   RO         1026    i.MX_I2C1_Init      i2c.o
    0x080031ac   0x080031ac   0x00000048   Code   RO         1068    i.MX_SPI2_Init      spi.o
    0x080031f4   0x080031f4   0x0000009c   Code   RO         1111    i.MX_TIM3_Init      tim.o
    0x08003290   0x08003290   0x00000038   Code   RO         1159    i.MX_USART1_UART_Init  usart.o
    0x080032c8   0x080032c8   0x00000038   Code   RO         1160    i.MX_USART3_UART_Init  usart.o
    0x08003300   0x08003300   0x00000002   Code   RO         1229    i.MemManage_Handler  stm32f1xx_it.o
    0x08003302   0x08003302   0x00000002   Code   RO         1230    i.NMI_Handler       stm32f1xx_it.o
    0x08003304   0x08003304   0x00000080   Code   RO          431    i.NTC_ResToTemp     temperature_monitor.o
    0x08003384   0x08003384   0x00000084   Code   RO          544    i.OLED_AddDirtyRegion  oled_display.o
    0x08003408   0x08003408   0x00000018   Code   RO          545    i.OLED_Clear        oled_display.o
    0x08003420   0x08003420   0x0000001c   Code   RO          546    i.OLED_ClearDirtyRegions  oled_display.o
    0x0800343c   0x0800343c   0x000000b0   Code   RO          547    i.OLED_DrawString   oled_display.o
    0x080034ec   0x080034ec   0x00000006   Code   RO          548    i.OLED_DrawString6x8  oled_display.o
    0x080034f2   0x080034f2   0x00000002   PAD
    0x080034f4   0x080034f4   0x000000e4   Code   RO          550    i.OLED_DrawStringDirty  oled_display.o
    0x080035d8   0x080035d8   0x000000ac   Code   RO          552    i.OLED_Init         oled_display.o
    0x08003684   0x08003684   0x0000004c   Code   RO          553    i.OLED_Refresh      oled_display.o
    0x080036d0   0x080036d0   0x000000d8   Code   RO          554    i.OLED_RefreshDirtyRegions  oled_display.o
    0x080037a8   0x080037a8   0x0000001c   Code   RO          555    i.OLED_ResetDisplayCache  oled_display.o
    0x080037c4   0x080037c4   0x000000bc   Code   RO          556    i.OLED_ShowLogo     oled_display.o
    0x08003880   0x08003880   0x00000150   Code   RO          558    i.OLED_ShowMainScreenDirty  oled_display.o
    0x080039d0   0x080039d0   0x0000007c   Code   RO          560    i.OLED_ShowSelfTestBar  oled_display.o
    0x08003a4c   0x08003a4c   0x00000110   Code   RO          561    i.OLED_ShowSelfTestBarWithStep  oled_display.o
    0x08003b5c   0x08003b5c   0x0000005c   Code   RO          562    i.OLED_TestConnection  oled_display.o
    0x08003bb8   0x08003bb8   0x00000024   Code   RO          563    i.OLED_WriteCmd     oled_display.o
    0x08003bdc   0x08003bdc   0x00000002   Code   RO         1231    i.PendSV_Handler    stm32f1xx_it.o
    0x08003bde   0x08003bde   0x00000002   PAD
    0x08003be0   0x08003be0   0x0000040c   Code   RO          341    i.RelayControl_CheckChannelFeedback  relay_control.o
    0x08003fec   0x08003fec   0x00000098   Code   RO          342    i.RelayControl_CheckInterlock  relay_control.o
    0x08004084   0x08004084   0x00000158   Code   RO          344    i.RelayControl_CloseChannel  relay_control.o
    0x080041dc   0x080041dc   0x00000020   Code   RO          345    i.RelayControl_GetChannelState  relay_control.o
    0x080041fc   0x080041fc   0x00000002   Code   RO          347    i.RelayControl_HandleEnableSignal  relay_control.o
    0x080041fe   0x080041fe   0x00000002   PAD
    0x08004200   0x08004200   0x000000a0   Code   RO          348    i.RelayControl_Init  relay_control.o
    0x080042a0   0x080042a0   0x000001d4   Code   RO          349    i.RelayControl_OpenChannel  relay_control.o
    0x08004474   0x08004474   0x0000017c   Code   RO          350    i.RelayControl_ProcessPendingActions  relay_control.o
    0x080045f0   0x080045f0   0x00000002   Code   RO         1232    i.SVC_Handler       stm32f1xx_it.o
    0x080045f2   0x080045f2   0x0000002c   Code   RO         1347    i.SafetyMonitor_CheckAlarmA_ClearCondition  safety_monitor.o
    0x0800461e   0x0800461e   0x00000122   Code   RO         1348    i.SafetyMonitor_CheckAlarmBJN_ClearCondition  safety_monitor.o
    0x08004740   0x08004740   0x0000005c   Code   RO         1349    i.SafetyMonitor_CheckAlarmKM_ClearCondition  safety_monitor.o
    0x0800479c   0x0800479c   0x0000004c   Code   RO         1350    i.SafetyMonitor_CheckAlarmO_ClearCondition  safety_monitor.o
    0x080047e8   0x080047e8   0x00000078   Code   RO         1351    i.SafetyMonitor_CheckContactorStatus  safety_monitor.o
    0x08004860   0x08004860   0x0000004c   Code   RO         1352    i.SafetyMonitor_CheckEnableConflict  safety_monitor.o
    0x080048ac   0x080048ac   0x000000b8   Code   RO         1353    i.SafetyMonitor_CheckPowerMonitor  safety_monitor.o
    0x08004964   0x08004964   0x000000ce   Code   RO         1354    i.SafetyMonitor_CheckRelayStatus  safety_monitor.o
    0x08004a32   0x08004a32   0x00000002   PAD
    0x08004a34   0x08004a34   0x000000a4   Code   RO         1355    i.SafetyMonitor_CheckTemperatureAlarm  safety_monitor.o
    0x08004ad8   0x08004ad8   0x00000064   Code   RO         1356    i.SafetyMonitor_ClearAlarmFlag  safety_monitor.o
    0x08004b3c   0x08004b3c   0x00000020   Code   RO         1363    i.SafetyMonitor_GetAlarmDescription  safety_monitor.o
    0x08004b5c   0x08004b5c   0x0000000c   Code   RO         1364    i.SafetyMonitor_GetAlarmFlags  safety_monitor.o
    0x08004b68   0x08004b68   0x00000038   Code   RO         1365    i.SafetyMonitor_GetAlarmInfo  safety_monitor.o
    0x08004ba0   0x08004ba0   0x00000060   Code   RO         1366    i.SafetyMonitor_GetBeepStateDescription  safety_monitor.o
    0x08004c00   0x08004c00   0x000000b0   Code   RO         1367    i.SafetyMonitor_Init  safety_monitor.o
    0x08004cb0   0x08004cb0   0x0000001c   Code   RO         1368    i.SafetyMonitor_IsAlarmActive  safety_monitor.o
    0x08004ccc   0x08004ccc   0x00000148   Code   RO         1369    i.SafetyMonitor_PowerFailureCallback  safety_monitor.o
    0x08004e14   0x08004e14   0x00000016   Code   RO         1371    i.SafetyMonitor_Process  safety_monitor.o
    0x08004e2a   0x08004e2a   0x00000002   PAD
    0x08004e2c   0x08004e2c   0x00000070   Code   RO         1372    i.SafetyMonitor_ProcessBeep  safety_monitor.o
    0x08004e9c   0x08004e9c   0x00000080   Code   RO         1373    i.SafetyMonitor_SetAlarmFlag  safety_monitor.o
    0x08004f1c   0x08004f1c   0x00000078   Code   RO         1374    i.SafetyMonitor_UpdateAlarmOutput  safety_monitor.o
    0x08004f94   0x08004f94   0x0000005e   Code   RO         1375    i.SafetyMonitor_UpdateAllAlarmStatus  safety_monitor.o
    0x08004ff2   0x08004ff2   0x00000002   PAD
    0x08004ff4   0x08004ff4   0x000000f8   Code   RO         1376    i.SafetyMonitor_UpdateBeepState  safety_monitor.o
    0x080050ec   0x080050ec   0x00000004   Code   RO         1233    i.SysTick_Handler   stm32f1xx_it.o
    0x080050f0   0x080050f0   0x0000007a   Code   RO          882    i.SystemClock_Config  main.o
    0x0800516a   0x0800516a   0x00000002   PAD
    0x0800516c   0x0800516c   0x00000040   Code   RO          699    i.SystemControl_EnterAlarmState  system_control.o
    0x080051ac   0x080051ac   0x00000068   Code   RO          700    i.SystemControl_EnterErrorState  system_control.o
    0x08005214   0x08005214   0x00000048   Code   RO          701    i.SystemControl_EnterNormalState  system_control.o
    0x0800525c   0x0800525c   0x000002d8   Code   RO          702    i.SystemControl_ExecuteChannelShutdown  system_control.o
    0x08005534   0x08005534   0x00000184   Code   RO          703    i.SystemControl_ExecuteSelfTest  system_control.o
    0x080056b8   0x080056b8   0x0000007c   Code   RO          706    i.SystemControl_HandleSelfTestError  system_control.o
    0x08005734   0x08005734   0x0000004c   Code   RO          707    i.SystemControl_Init  system_control.o
    0x08005780   0x08005780   0x000000f8   Code   RO          708    i.SystemControl_MainLoopScheduler  system_control.o
    0x08005878   0x08005878   0x0000010c   Code   RO          710    i.SystemControl_Process  system_control.o
    0x08005984   0x08005984   0x00000034   Code   RO          711    i.SystemControl_Reset  system_control.o
    0x080059b8   0x080059b8   0x00000168   Code   RO          712    i.SystemControl_SelfTest_Step1_ExpectedState  system_control.o
    0x08005b20   0x08005b20   0x000005bc   Code   RO          713    i.SystemControl_SelfTest_Step2_RelayCorrection  system_control.o
    0x080060dc   0x080060dc   0x00000194   Code   RO          714    i.SystemControl_SelfTest_Step3_ContactorCheck  system_control.o
    0x08006270   0x08006270   0x000001d0   Code   RO          715    i.SystemControl_SelfTest_Step4_TemperatureSafety  system_control.o
    0x08006440   0x08006440   0x00000048   Code   RO          717    i.SystemControl_StartLogoDisplay  system_control.o
    0x08006488   0x08006488   0x00000048   Code   RO          718    i.SystemControl_StartSelfTest  system_control.o
    0x080064d0   0x080064d0   0x000001e8   Code   RO          719    i.SystemControl_UpdateDisplay  system_control.o
    0x080066b8   0x080066b8   0x0000005c   Code   RO          720    i.SystemControl_UpdateSelfTestProgress  system_control.o
    0x08006714   0x08006714   0x00000002   Code   RO         4933    i.SystemInit        system_stm32f1xx.o
    0x08006716   0x08006716   0x00000002   PAD
    0x08006718   0x08006718   0x0000009c   Code   RO         3691    i.TIM_Base_SetConfig  stm32f1xx_hal_tim.o
    0x080067b4   0x080067b4   0x0000001a   Code   RO         3692    i.TIM_CCxChannelCmd  stm32f1xx_hal_tim.o
    0x080067ce   0x080067ce   0x00000014   Code   RO         3702    i.TIM_ETR_SetConfig  stm32f1xx_hal_tim.o
    0x080067e2   0x080067e2   0x00000010   Code   RO         3703    i.TIM_ITRx_SetConfig  stm32f1xx_hal_tim.o
    0x080067f2   0x080067f2   0x00000002   PAD
    0x080067f4   0x080067f4   0x00000060   Code   RO         3704    i.TIM_OC1_SetConfig  stm32f1xx_hal_tim.o
    0x08006854   0x08006854   0x0000006c   Code   RO         3705    i.TIM_OC2_SetConfig  stm32f1xx_hal_tim.o
    0x080068c0   0x080068c0   0x00000068   Code   RO         3706    i.TIM_OC3_SetConfig  stm32f1xx_hal_tim.o
    0x08006928   0x08006928   0x00000050   Code   RO         3707    i.TIM_OC4_SetConfig  stm32f1xx_hal_tim.o
    0x08006978   0x08006978   0x00000022   Code   RO         3709    i.TIM_TI1_ConfigInputStage  stm32f1xx_hal_tim.o
    0x0800699a   0x0800699a   0x00000024   Code   RO         3711    i.TIM_TI2_ConfigInputStage  stm32f1xx_hal_tim.o
    0x080069be   0x080069be   0x00000002   PAD
    0x080069c0   0x080069c0   0x00000048   Code   RO          432    i.TemperatureMonitor_CheckAndHandleAlarm  temperature_monitor.o
    0x08006a08   0x08006a08   0x00000018   Code   RO          434    i.TemperatureMonitor_FanSpeed1sHandler  temperature_monitor.o
    0x08006a20   0x08006a20   0x0000000c   Code   RO          436    i.TemperatureMonitor_GetFanPWM  temperature_monitor.o
    0x08006a2c   0x08006a2c   0x00000010   Code   RO          437    i.TemperatureMonitor_GetFanSpeed  temperature_monitor.o
    0x08006a3c   0x08006a3c   0x00000028   Code   RO          438    i.TemperatureMonitor_GetInfo  temperature_monitor.o
    0x08006a64   0x08006a64   0x00000078   Code   RO          439    i.TemperatureMonitor_Init  temperature_monitor.o
    0x08006adc   0x08006adc   0x00000134   Code   RO          441    i.TemperatureMonitor_UpdateAll  temperature_monitor.o
    0x08006c10   0x08006c10   0x00000010   Code   RO         4612    i.UART_DMAAbortOnError  stm32f1xx_hal_uart.o
    0x08006c20   0x08006c20   0x0000004e   Code   RO         4622    i.UART_EndRxTransfer  stm32f1xx_hal_uart.o
    0x08006c6e   0x08006c6e   0x000000c2   Code   RO         4624    i.UART_Receive_IT   stm32f1xx_hal_uart.o
    0x08006d30   0x08006d30   0x000000b8   Code   RO         4625    i.UART_SetConfig    stm32f1xx_hal_uart.o
    0x08006de8   0x08006de8   0x00000072   Code   RO         4628    i.UART_WaitOnFlagUntilTimeout  stm32f1xx_hal_uart.o
    0x08006e5a   0x08006e5a   0x00000002   PAD
    0x08006e5c   0x08006e5c   0x0000000c   Code   RO         1234    i.USART3_IRQHandler  stm32f1xx_it.o
    0x08006e68   0x08006e68   0x00000002   Code   RO         1235    i.UsageFault_Handler  stm32f1xx_it.o
    0x08006e6a   0x08006e6a   0x00000002   PAD
    0x08006e6c   0x08006e6c   0x00000034   Code   RO         5220    i.__0snprintf       mc_w.l(printfa.o)
    0x08006ea0   0x08006ea0   0x00000028   Code   RO         5221    i.__0sprintf        mc_w.l(printfa.o)
    0x08006ec8   0x08006ec8   0x00000024   Code   RO         5225    i.__0vsprintf       mc_w.l(printfa.o)
    0x08006eec   0x08006eec   0x00000020   Code   RO         2350    i.__NVIC_SetPriority  stm32f1xx_hal_cortex.o
    0x08006f0c   0x08006f0c   0x0000000e   Code   RO         5303    i.__scatterload_copy  mc_w.l(handlers.o)
    0x08006f1a   0x08006f1a   0x00000002   Code   RO         5304    i.__scatterload_null  mc_w.l(handlers.o)
    0x08006f1c   0x08006f1c   0x0000000e   Code   RO         5305    i.__scatterload_zeroinit  mc_w.l(handlers.o)
    0x08006f2a   0x08006f2a   0x00000002   PAD
    0x08006f2c   0x08006f2c   0x00000184   Code   RO         5226    i._fp_digits        mc_w.l(printfa.o)
    0x080070b0   0x080070b0   0x000006b4   Code   RO         5227    i._printf_core      mc_w.l(printfa.o)
    0x08007764   0x08007764   0x00000024   Code   RO         5228    i._printf_post_padding  mc_w.l(printfa.o)
    0x08007788   0x08007788   0x0000002e   Code   RO         5229    i._printf_pre_padding  mc_w.l(printfa.o)
    0x080077b6   0x080077b6   0x00000016   Code   RO         5230    i._snputc           mc_w.l(printfa.o)
    0x080077cc   0x080077cc   0x0000000a   Code   RO         5231    i._sputc            mc_w.l(printfa.o)
    0x080077d6   0x080077d6   0x00000002   PAD
    0x080077d8   0x080077d8   0x00000220   Code   RO          883    i.main              main.o
    0x080079f8   0x080079f8   0x00000538   Data   RO          443    .constdata          temperature_monitor.o
    0x08007f30   0x08007f30   0x000007f0   Data   RO          565    .constdata          oled_display.o
    0x08008720   0x08008720   0x00000014   Data   RO          722    .constdata          system_control.o
    0x08008734   0x08008734   0x00000012   Data   RO         2048    .constdata          stm32f1xx_hal_rcc.o
    0x08008746   0x08008746   0x00000010   Data   RO         4934    .constdata          system_stm32f1xx.o
    0x08008756   0x08008756   0x00000008   Data   RO         4935    .constdata          system_stm32f1xx.o
    0x0800875e   0x0800875e   0x00000002   PAD
    0x08008760   0x08008760   0x000000a1   Data   RO          352    .conststring        relay_control.o
    0x08008801   0x08008801   0x00000003   PAD
    0x08008804   0x08008804   0x0000003c   Data   RO          566    .conststring        oled_display.o
    0x08008840   0x08008840   0x000000bd   Data   RO          723    .conststring        system_control.o
    0x080088fd   0x080088fd   0x00000003   PAD
    0x08008900   0x08008900   0x000000ec   Data   RO         1378    .conststring        safety_monitor.o
    0x080089ec   0x080089ec   0x00000020   Data   RO         5301    Region$$Table       anon$$obj.o


    Execution Region RW_IRAM1 (Exec base: 0x20000000, Load base: 0x08008a0c, Size: 0x000012d0, Max: 0x0000c000, ABSOLUTE)

    Exec Addr    Load Addr    Size         Type   Attr      Idx    E Section Name        Object

    0x20000000   0x08008a0c   0x00000006   Data   RW          353    .data               relay_control.o
    0x20000006   0x08008a12   0x00000002   PAD
    0x20000008   0x08008a14   0x00000012   Data   RW          445    .data               temperature_monitor.o
    0x2000001a   0x08008a26   0x00000002   Data   RW          567    .data               oled_display.o
    0x2000001c   0x08008a28   0x00000014   Data   RW          724    .data               system_control.o
    0x20000030   0x08008a3c   0x0000003c   Data   RW         1379    .data               safety_monitor.o
    0x2000006c   0x08008a78   0x0000000c   Data   RW         1885    .data               stm32f1xx_hal.o
    0x20000078   0x08008a84   0x00000004   Data   RW         4936    .data               system_stm32f1xx.o
    0x2000007c        -       0x00000024   Zero   RW          351    .bss                relay_control.o
    0x200000a0        -       0x00000018   Zero   RW          442    .bss                temperature_monitor.o
    0x200000b8        -       0x00000928   Zero   RW          564    .bss                oled_display.o
    0x200009e0        -       0x00000090   Zero   RW          721    .bss                system_control.o
    0x20000a70        -       0x00000074   Zero   RW          961    .bss                adc.o
    0x20000ae4        -       0x00000054   Zero   RW         1027    .bss                i2c.o
    0x20000b38        -       0x00000058   Zero   RW         1069    .bss                spi.o
    0x20000b90        -       0x00000048   Zero   RW         1112    .bss                tim.o
    0x20000bd8        -       0x00000090   Zero   RW         1162    .bss                usart.o
    0x20000c68        -       0x00000268   Zero   RW         1377    .bss                safety_monitor.o
    0x20000ed0        -       0x00000400   Zero   RW            1    STACK               startup_stm32f103xe.o


==============================================================================

Image component sizes


      Code (inc. data)   RO Data    RW Data    ZI Data      Debug   Object Name

       280         30          0          0        116       1739   adc.o
        28          6          0          0          0        710   dma.o
       560         60          0          0          0       1790   gpio.o
       420        146          0          0          0     536334   gpio_control.o
       156         26          0          0         84       1577   i2c.o
       670        368          0          0          0       2208   main.o
      2134        146       2092          2       2344      14610   oled_display.o
      2574       1156        161          6         36       8543   relay_control.o
      2804        788        236         60        616      17417   safety_monitor.o
       188         24          0          0         88       1601   spi.o
        36          8        304          0       1024        788   startup_stm32f103xe.o
       164         28          0         12          0       6401   stm32f1xx_hal.o
      1358         60          0          0          0       9267   stm32f1xx_hal_adc.o
         2          0          0          0          0       1029   stm32f1xx_hal_adc_ex.o
       198         14          0          0          0      28879   stm32f1xx_hal_cortex.o
       652         20          0          0          0       4041   stm32f1xx_hal_dma.o
       548         48          0          0          0       4058   stm32f1xx_hal_gpio.o
      1778         42          0          0          0      10663   stm32f1xx_hal_i2c.o
        60          8          0          0          0        846   stm32f1xx_hal_msp.o
      1240         84         18          0          0       5040   stm32f1xx_hal_rcc.o
       236         12          0          0          0       1356   stm32f1xx_hal_rcc_ex.o
       178          0          0          0          0       1131   stm32f1xx_hal_spi.o
      1462         78          0          0          0      12332   stm32f1xx_hal_tim.o
       124         20          0          0          0       1332   stm32f1xx_hal_tim_ex.o
      1474         10          0          0          0       9912   stm32f1xx_hal_uart.o
       110         12          0          0          0       5550   stm32f1xx_it.o
      5544       2812        209         20        144      17226   system_control.o
         2          0         24          4          0       1079   system_stm32f1xx.o
       774        232       1336         18         24       7931   temperature_monitor.o
       272         34          0          0         72       2224   tim.o
       388         46          0          0        144       3654   usart.o

    ----------------------------------------------------------------------
     26460       6318       4420        124       4692     721268   Object Totals
         0          0         32          0          0          0   (incl. Generated)
        46          0          8          2          0          0   (incl. Padding)

    ----------------------------------------------------------------------

      Code (inc. data)   RO Data    RW Data    ZI Data      Debug   Library Member Name

         0          0          0          0          0          0   entry.o
         0          0          0          0          0          0   entry10a.o
         0          0          0          0          0          0   entry11a.o
         4          0          0          0          0          0   entry12b.o
         8          4          0          0          0          0   entry2.o
         4          0          0          0          0          0   entry5.o
         0          0          0          0          0          0   entry7b.o
         0          0          0          0          0          0   entry8b.o
         8          4          0          0          0          0   entry9a.o
        30          0          0          0          0          0   handlers.o
        36          8          0          0          0         68   init.o
         0          0          0          0          0          0   iusefp.o
        30          0          0          0          0         68   llshl.o
        36          0          0          0          0         68   llsshr.o
        32          0          0          0          0         68   llushr.o
        36          0          0          0          0         68   memcpya.o
        36          0          0          0          0        108   memseta.o
      2346         96          0          0          0        768   printfa.o
        24          0          0          0          0         68   strcat.o
        14          0          0          0          0         68   strlen.o
        24          0          0          0          0         76   strncpy.o
        44          0          0          0          0         80   uidiv.o
        98          0          0          0          0         92   uldiv.o
        48          0          0          0          0         68   cdrcmple.o
        20          0          0          0          0         68   cfrcmple.o
       334          0          0          0          0        148   dadd.o
       222          0          0          0          0        100   ddiv.o
       186          0          0          0          0        176   depilogue.o
        48          0          0          0          0         68   dfixul.o
       228          0          0          0          0         96   dmul.o
        38          0          0          0          0         68   f2d.o
       176          0          0          0          0        140   fadd.o
       124          0          0          0          0         88   fdiv.o
       110          0          0          0          0        168   fepilogue.o
        10          0          0          0          0         68   ffltui.o
       100          0          0          0          0         76   fmul.o

    ----------------------------------------------------------------------
      4460        112          0          0          0       2932   Library Totals
         6          0          0          0          0          0   (incl. Padding)

    ----------------------------------------------------------------------

      Code (inc. data)   RO Data    RW Data    ZI Data      Debug   Library Name

      2810        112          0          0          0       1600   mc_w.l
      1644          0          0          0          0       1332   mf_w.l

    ----------------------------------------------------------------------
      4460        112          0          0          0       2932   Library Totals

    ----------------------------------------------------------------------

==============================================================================


      Code (inc. data)   RO Data    RW Data    ZI Data      Debug   

     30920       6430       4420        124       4692     711872   Grand Totals
     30920       6430       4420        124       4692     711872   ELF Image Totals
     30920       6430       4420        124          0          0   ROM Totals

==============================================================================

    Total RO  Size (Code + RO Data)                35340 (  34.51kB)
    Total RW  Size (RW Data + ZI Data)              4816 (   4.70kB)
    Total ROM Size (Code + RO Data + RW Data)      35464 (  34.63kB)

==============================================================================

