Component: ARM Compiler 5.06 update 7 (build 960) Tool: armlink [4d3601]

==============================================================================

Section Cross References

    startup_stm32f103xe.o(RESET) refers to startup_stm32f103xe.o(STACK) for __initial_sp
    startup_stm32f103xe.o(RESET) refers to startup_stm32f103xe.o(.text) for Reset_Handler
    startup_stm32f103xe.o(RESET) refers to stm32f1xx_it.o(i.NMI_Handler) for NMI_Handler
    startup_stm32f103xe.o(RESET) refers to stm32f1xx_it.o(i.HardFault_Handler) for HardFault_Handler
    startup_stm32f103xe.o(RESET) refers to stm32f1xx_it.o(i.MemManage_Handler) for MemManage_Handler
    startup_stm32f103xe.o(RESET) refers to stm32f1xx_it.o(i.BusFault_Handler) for BusFault_Handler
    startup_stm32f103xe.o(RESET) refers to stm32f1xx_it.o(i.UsageFault_Handler) for UsageFault_Handler
    startup_stm32f103xe.o(RESET) refers to stm32f1xx_it.o(i.SVC_Handler) for SVC_Handler
    startup_stm32f103xe.o(RESET) refers to stm32f1xx_it.o(i.DebugMon_Handler) for DebugMon_Handler
    startup_stm32f103xe.o(RESET) refers to stm32f1xx_it.o(i.PendSV_Handler) for PendSV_Handler
    startup_stm32f103xe.o(RESET) refers to stm32f1xx_it.o(i.SysTick_Handler) for SysTick_Handler
    startup_stm32f103xe.o(RESET) refers to stm32f1xx_it.o(i.ADC1_2_IRQHandler) for ADC1_2_IRQHandler
    startup_stm32f103xe.o(RESET) refers to stm32f1xx_it.o(i.EXTI9_5_IRQHandler) for EXTI9_5_IRQHandler
    startup_stm32f103xe.o(RESET) refers to stm32f1xx_it.o(i.USART3_IRQHandler) for USART3_IRQHandler
    startup_stm32f103xe.o(RESET) refers to stm32f1xx_it.o(i.EXTI15_10_IRQHandler) for EXTI15_10_IRQHandler
    startup_stm32f103xe.o(.text) refers to system_stm32f1xx.o(i.SystemInit) for SystemInit
    startup_stm32f103xe.o(.text) refers to entry.o(.ARM.Collect$$$$00000000) for __main
    gpio_control.o(i.GPIO_DC_CTRL_Callback) refers to stm32f1xx_hal.o(i.HAL_GetTick) for HAL_GetTick
    gpio_control.o(i.GPIO_DC_CTRL_Callback) refers to gpio_control.o(i.GPIO_ReadDC_CTRL) for GPIO_ReadDC_CTRL
    gpio_control.o(i.GPIO_DC_CTRL_Callback) refers to usart.o(i.DEBUG_Printf) for DEBUG_Printf
    gpio_control.o(i.GPIO_DC_CTRL_Callback) refers to gpio_control.o(.data) for .data
    gpio_control.o(i.GPIO_K1_EN_Callback) refers to stm32f1xx_hal.o(i.HAL_GetTick) for HAL_GetTick
    gpio_control.o(i.GPIO_K1_EN_Callback) refers to gpio_control.o(i.GPIO_ReadK1_EN) for GPIO_ReadK1_EN
    gpio_control.o(i.GPIO_K1_EN_Callback) refers to usart.o(i.DEBUG_Printf) for DEBUG_Printf
    gpio_control.o(i.GPIO_K1_EN_Callback) refers to gpio_control.o(.data) for .data
    gpio_control.o(i.GPIO_K2_EN_Callback) refers to stm32f1xx_hal.o(i.HAL_GetTick) for HAL_GetTick
    gpio_control.o(i.GPIO_K2_EN_Callback) refers to gpio_control.o(i.GPIO_ReadK2_EN) for GPIO_ReadK2_EN
    gpio_control.o(i.GPIO_K2_EN_Callback) refers to usart.o(i.DEBUG_Printf) for DEBUG_Printf
    gpio_control.o(i.GPIO_K2_EN_Callback) refers to gpio_control.o(.data) for .data
    gpio_control.o(i.GPIO_K3_EN_Callback) refers to stm32f1xx_hal.o(i.HAL_GetTick) for HAL_GetTick
    gpio_control.o(i.GPIO_K3_EN_Callback) refers to gpio_control.o(i.GPIO_ReadK3_EN) for GPIO_ReadK3_EN
    gpio_control.o(i.GPIO_K3_EN_Callback) refers to usart.o(i.DEBUG_Printf) for DEBUG_Printf
    gpio_control.o(i.GPIO_K3_EN_Callback) refers to gpio_control.o(.data) for .data
    gpio_control.o(i.GPIO_ReadDC_CTRL) refers to stm32f1xx_hal_gpio.o(i.HAL_GPIO_ReadPin) for HAL_GPIO_ReadPin
    gpio_control.o(i.GPIO_ReadFAN_SEN) refers to stm32f1xx_hal_gpio.o(i.HAL_GPIO_ReadPin) for HAL_GPIO_ReadPin
    gpio_control.o(i.GPIO_ReadK1_1_STA) refers to stm32f1xx_hal_gpio.o(i.HAL_GPIO_ReadPin) for HAL_GPIO_ReadPin
    gpio_control.o(i.GPIO_ReadK1_2_STA) refers to stm32f1xx_hal_gpio.o(i.HAL_GPIO_ReadPin) for HAL_GPIO_ReadPin
    gpio_control.o(i.GPIO_ReadK1_EN) refers to stm32f1xx_hal_gpio.o(i.HAL_GPIO_ReadPin) for HAL_GPIO_ReadPin
    gpio_control.o(i.GPIO_ReadK2_1_STA) refers to stm32f1xx_hal_gpio.o(i.HAL_GPIO_ReadPin) for HAL_GPIO_ReadPin
    gpio_control.o(i.GPIO_ReadK2_2_STA) refers to stm32f1xx_hal_gpio.o(i.HAL_GPIO_ReadPin) for HAL_GPIO_ReadPin
    gpio_control.o(i.GPIO_ReadK2_EN) refers to stm32f1xx_hal_gpio.o(i.HAL_GPIO_ReadPin) for HAL_GPIO_ReadPin
    gpio_control.o(i.GPIO_ReadK3_1_STA) refers to stm32f1xx_hal_gpio.o(i.HAL_GPIO_ReadPin) for HAL_GPIO_ReadPin
    gpio_control.o(i.GPIO_ReadK3_2_STA) refers to stm32f1xx_hal_gpio.o(i.HAL_GPIO_ReadPin) for HAL_GPIO_ReadPin
    gpio_control.o(i.GPIO_ReadK3_EN) refers to stm32f1xx_hal_gpio.o(i.HAL_GPIO_ReadPin) for HAL_GPIO_ReadPin
    gpio_control.o(i.GPIO_ReadSW1_STA) refers to stm32f1xx_hal_gpio.o(i.HAL_GPIO_ReadPin) for HAL_GPIO_ReadPin
    gpio_control.o(i.GPIO_ReadSW2_STA) refers to stm32f1xx_hal_gpio.o(i.HAL_GPIO_ReadPin) for HAL_GPIO_ReadPin
    gpio_control.o(i.GPIO_ReadSW3_STA) refers to stm32f1xx_hal_gpio.o(i.HAL_GPIO_ReadPin) for HAL_GPIO_ReadPin
[...]
    UART5_IRQHandler                         0x08000163   Thumb Code     0  startup_stm32f103xe.o(.text)
    USART1_IRQHandler                        0x08000163   Thumb Code     0  startup_stm32f103xe.o(.text)
    USART2_IRQHandler                        0x08000163   Thumb Code     0  startup_stm32f103xe.o(.text)
    USBWakeUp_IRQHandler                     0x08000163   Thumb Code     0  startup_stm32f103xe.o(.text)
    USB_HP_CAN1_TX_IRQHandler                0x08000163   Thumb Code     0  startup_stm32f103xe.o(.text)
    USB_LP_CAN1_RX0_IRQHandler               0x08000163   Thumb Code     0  startup_stm32f103xe.o(.text)
    WWDG_IRQHandler                          0x08000163   Thumb Code     0  startup_stm32f103xe.o(.text)
    __aeabi_llsr                             0x0800016d   Thumb Code    32  llushr.o(.text)
    _ll_ushift_r                             0x0800016d   Thumb Code     0  llushr.o(.text)
    __aeabi_memcpy                           0x0800018d   Thumb Code    36  memcpya.o(.text)
    __aeabi_memcpy4                          0x0800018d   Thumb Code     0  memcpya.o(.text)
    __aeabi_memcpy8                          0x0800018d   Thumb Code     0  memcpya.o(.text)
    __aeabi_memset                           0x080001b1   Thumb Code    14  memseta.o(.text)
    __aeabi_memset4                          0x080001b1   Thumb Code     0  memseta.o(.text)
    __aeabi_memset8                          0x080001b1   Thumb Code     0  memseta.o(.text)
    __aeabi_memclr                           0x080001bf   Thumb Code     4  memseta.o(.text)
    __aeabi_memclr4                          0x080001bf   Thumb Code     0  memseta.o(.text)
    __aeabi_memclr8                          0x080001bf   Thumb Code     0  memseta.o(.text)
    _memset$wrapper                          0x080001c3   Thumb Code    18  memseta.o(.text)
    strcat                                   0x080001d5   Thumb Code    24  strcat.o(.text)
    strncpy                                  0x080001ed   Thumb Code    24  strncpy.o(.text)
    strlen                                   0x08000205   Thumb Code    14  strlen.o(.text)
    strcpy                                   0x08000213   Thumb Code    18  strcpy.o(.text)
    __aeabi_fadd                             0x08000225   Thumb Code   164  fadd.o(.text)
    __aeabi_fsub                             0x080002c9   Thumb Code     6  fadd.o(.text)
    __aeabi_frsub                            0x080002cf   Thumb Code     6  fadd.o(.text)
    __aeabi_fmul                             0x080002d5   Thumb Code   100  fmul.o(.text)
    __aeabi_fdiv                             0x08000339   Thumb Code   124  fdiv.o(.text)
    __aeabi_ui2f                             0x080003b5   Thumb Code    10  ffltui.o(.text)
    __aeabi_f2d                              0x080003bf   Thumb Code    38  f2d.o(.text)
    __aeabi_cfrcmple                         0x080003e5   Thumb Code    20  cfrcmple.o(.text)
    __aeabi_uidiv                            0x080003f9   Thumb Code     0  uidiv.o(.text)
    __aeabi_uidivmod                         0x080003f9   Thumb Code    44  uidiv.o(.text)
    __aeabi_uldivmod                         0x08000425   Thumb Code    98  uldiv.o(.text)
    __I$use$fp                               0x08000487   Thumb Code     0  iusefp.o(.text)
    _float_round                             0x08000487   Thumb Code    18  fepilogue.o(.text)
    _float_epilogue                          0x08000499   Thumb Code    92  fepilogue.o(.text)
    __aeabi_dadd                             0x080004f5   Thumb Code   322  dadd.o(.text)
    __aeabi_dsub                             0x08000637   Thumb Code     6  dadd.o(.text)
    __aeabi_drsub                            0x0800063d   Thumb Code     6  dadd.o(.text)
    __aeabi_dmul                             0x08000643   Thumb Code   228  dmul.o(.text)
    __aeabi_ddiv                             0x08000727   Thumb Code   222  ddiv.o(.text)
    __aeabi_d2ulz                            0x08000805   Thumb Code    48  dfixul.o(.text)
    __aeabi_cdrcmple                         0x08000835   Thumb Code    48  cdrcmple.o(.text)
    __scatterload                            0x08000865   Thumb Code    28  init.o(.text)
    __scatterload_rt2                        0x08000865   Thumb Code     0  init.o(.text)
    __aeabi_llsl                             0x08000889   Thumb Code    30  llshl.o(.text)
    _ll_shift_l                              0x08000889   Thumb Code     0  llshl.o(.text)
    __aeabi_lasr                             0x080008a7   Thumb Code    36  llsshr.o(.text)
    _ll_sshift_r                             0x080008a7   Thumb Code     0  llsshr.o(.text)
    _double_round                            0x080008cb   Thumb Code    30  depilogue.o(.text)
    _double_epilogue                         0x080008e9   Thumb Code   156  depilogue.o(.text)
    ADC1_2_IRQHandler                        0x08000985   Thumb Code     6  stm32f1xx_it.o(i.ADC1_2_IRQHandler)
    ADC_ConversionStop_Disable               0x08000991   Thumb Code    86  stm32f1xx_hal_adc.o(i.ADC_ConversionStop_Disable)
    ADC_DMAConvCplt                          0x080009e7   Thumb Code    78  stm32f1xx_hal_adc.o(i.ADC_DMAConvCplt)
    ADC_DMAError                             0x08000a35   Thumb Code    26  stm32f1xx_hal_adc.o(i.ADC_DMAError)
    ADC_DMAHalfConvCplt                      0x08000a4f   Thumb Code    10  stm32f1xx_hal_adc.o(i.ADC_DMAHalfConvCplt)
    ADC_Enable                               0x08000a59   Thumb Code   114  stm32f1xx_hal_adc.o(i.ADC_Enable)
    BusFault_Handler                         0x08000ad5   Thumb Code     2  stm32f1xx_it.o(i.BusFault_Handler)
    DEBUG_Printf                             0x08000b0d   Thumb Code    42  usart.o(i.DEBUG_Printf)
    DebugMon_Handler                         0x08000b67   Thumb Code     2  stm32f1xx_it.o(i.DebugMon_Handler)
    EXTI15_10_IRQHandler                     0x08000b69   Thumb Code    38  stm32f1xx_it.o(i.EXTI15_10_IRQHandler)
    EXTI9_5_IRQHandler                       0x08000b8f   Thumb Code    28  stm32f1xx_it.o(i.EXTI9_5_IRQHandler)
    Error_Handler                            0x08000bab   Thumb Code     4  main.o(i.Error_Handler)
    GPIO_ReadDC_CTRL                         0x08000bf9   Thumb Code     8  gpio_control.o(i.GPIO_ReadDC_CTRL)
    GPIO_ReadK1_1_STA                        0x08000c05   Thumb Code     8  gpio_control.o(i.GPIO_ReadK1_1_STA)
    GPIO_ReadK1_2_STA                        0x08000c11   Thumb Code     8  gpio_control.o(i.GPIO_ReadK1_2_STA)
    GPIO_ReadK1_EN                           0x08000c1d   Thumb Code    10  gpio_control.o(i.GPIO_ReadK1_EN)
    GPIO_ReadK2_1_STA                        0x08000c2d   Thumb Code     8  gpio_control.o(i.GPIO_ReadK2_1_STA)
    GPIO_ReadK2_2_STA                        0x08000c39   Thumb Code    10  gpio_control.o(i.GPIO_ReadK2_2_STA)
    GPIO_ReadK2_EN                           0x08000c49   Thumb Code    10  gpio_control.o(i.GPIO_ReadK2_EN)
    GPIO_ReadK3_1_STA                        0x08000c59   Thumb Code     8  gpio_control.o(i.GPIO_ReadK3_1_STA)
    GPIO_ReadK3_2_STA                        0x08000c65   Thumb Code    10  gpio_control.o(i.GPIO_ReadK3_2_STA)
    GPIO_ReadK3_EN                           0x08000c75   Thumb Code    10  gpio_control.o(i.GPIO_ReadK3_EN)
    GPIO_ReadSW1_STA                         0x08000c85   Thumb Code    10  gpio_control.o(i.GPIO_ReadSW1_STA)
    GPIO_ReadSW2_STA                         0x08000c95   Thumb Code    10  gpio_control.o(i.GPIO_ReadSW2_STA)
    GPIO_ReadSW3_STA                         0x08000ca5   Thumb Code    10  gpio_control.o(i.GPIO_ReadSW3_STA)
    GPIO_SetAlarmOutput                      0x08000cb5   Thumb Code    16  gpio_control.o(i.GPIO_SetAlarmOutput)
    GPIO_SetBeepOutput                       0x08000cc9   Thumb Code    16  gpio_control.o(i.GPIO_SetBeepOutput)
    GPIO_SetK1_1_OFF                         0x08000cdd   Thumb Code    10  gpio_control.o(i.GPIO_SetK1_1_OFF)
    GPIO_SetK1_1_ON                          0x08000ced   Thumb Code    10  gpio_control.o(i.GPIO_SetK1_1_ON)
    GPIO_SetK1_2_OFF                         0x08000cfd   Thumb Code    10  gpio_control.o(i.GPIO_SetK1_2_OFF)
    GPIO_SetK1_2_ON                          0x08000d0d   Thumb Code    12  gpio_control.o(i.GPIO_SetK1_2_ON)
    GPIO_SetK2_1_OFF                         0x08000d1d   Thumb Code    10  gpio_control.o(i.GPIO_SetK2_1_OFF)
    GPIO_SetK2_1_ON                          0x08000d2d   Thumb Code    10  gpio_control.o(i.GPIO_SetK2_1_ON)
    GPIO_SetK2_2_OFF                         0x08000d3d   Thumb Code    10  gpio_control.o(i.GPIO_SetK2_2_OFF)
    GPIO_SetK2_2_ON                          0x08000d4d   Thumb Code    10  gpio_control.o(i.GPIO_SetK2_2_ON)
    GPIO_SetK3_1_OFF                         0x08000d5d   Thumb Code    10  gpio_control.o(i.GPIO_SetK3_1_OFF)
    GPIO_SetK3_1_ON                          0x08000d6d   Thumb Code    10  gpio_control.o(i.GPIO_SetK3_1_ON)
    GPIO_SetK3_2_OFF                         0x08000d7d   Thumb Code    10  gpio_control.o(i.GPIO_SetK3_2_OFF)
    GPIO_SetK3_2_ON                          0x08000d8d   Thumb Code    10  gpio_control.o(i.GPIO_SetK3_2_ON)
    HAL_ADCEx_InjectedConvCpltCallback       0x08000d9d   Thumb Code     2  stm32f1xx_hal_adc_ex.o(i.HAL_ADCEx_InjectedConvCpltCallback)
    HAL_ADC_ConfigChannel                    0x08000da1   Thumb Code   240  stm32f1xx_hal_adc.o(i.HAL_ADC_ConfigChannel)
    HAL_ADC_ConvCpltCallback                 0x08000e9d   Thumb Code     2  temperature_monitor.o(i.HAL_ADC_ConvCpltCallback)
    HAL_ADC_ConvHalfCpltCallback             0x08000e9f   Thumb Code     2  stm32f1xx_hal_adc.o(i.HAL_ADC_ConvHalfCpltCallback)
    HAL_ADC_ErrorCallback                    0x08000ea1   Thumb Code     2  stm32f1xx_hal_adc.o(i.HAL_ADC_ErrorCallback)
    HAL_ADC_IRQHandler                       0x08000ea3   Thumb Code   220  stm32f1xx_hal_adc.o(i.HAL_ADC_IRQHandler)
    HAL_ADC_Init                             0x08000f81   Thumb Code   272  stm32f1xx_hal_adc.o(i.HAL_ADC_Init)
    HAL_ADC_LevelOutOfWindowCallback         0x080010a1   Thumb Code     2  stm32f1xx_hal_adc.o(i.HAL_ADC_LevelOutOfWindowCallback)
    HAL_ADC_MspInit                          0x080010a5   Thumb Code   138  adc.o(i.HAL_ADC_MspInit)
    HAL_ADC_Start_DMA                        0x08001145   Thumb Code   246  stm32f1xx_hal_adc.o(i.HAL_ADC_Start_DMA)
    HAL_DMA_Abort                            0x08001251   Thumb Code    70  stm32f1xx_hal_dma.o(i.HAL_DMA_Abort)
    HAL_DMA_Abort_IT                         0x08001299   Thumb Code   296  stm32f1xx_hal_dma.o(i.HAL_DMA_Abort_IT)
    HAL_DMA_Init                             0x080013c9   Thumb Code   112  stm32f1xx_hal_dma.o(i.HAL_DMA_Init)
    HAL_DMA_Start_IT                         0x08001445   Thumb Code   112  stm32f1xx_hal_dma.o(i.HAL_DMA_Start_IT)
    HAL_Delay                                0x080014b5   Thumb Code    32  stm32f1xx_hal.o(i.HAL_Delay)
    HAL_GPIO_EXTI_Callback                   0x080014d9   Thumb Code   174  gpio.o(i.HAL_GPIO_EXTI_Callback)
    HAL_GPIO_EXTI_IRQHandler                 0x080015b1   Thumb Code    18  stm32f1xx_hal_gpio.o(i.HAL_GPIO_EXTI_IRQHandler)
    HAL_GPIO_Init                            0x080015c9   Thumb Code   462  stm32f1xx_hal_gpio.o(i.HAL_GPIO_Init)
    HAL_GPIO_ReadPin                         0x080017c1   Thumb Code    10  stm32f1xx_hal_gpio.o(i.HAL_GPIO_ReadPin)
    HAL_GPIO_WritePin                        0x080017cb   Thumb Code    10  stm32f1xx_hal_gpio.o(i.HAL_GPIO_WritePin)
    HAL_GetTick                              0x080017d5   Thumb Code     6  stm32f1xx_hal.o(i.HAL_GetTick)
    HAL_I2C_Init                             0x080017e1   Thumb Code   376  stm32f1xx_hal_i2c.o(i.HAL_I2C_Init)
    HAL_I2C_IsDeviceReady                    0x08001969   Thumb Code   354  stm32f1xx_hal_i2c.o(i.HAL_I2C_IsDeviceReady)
    HAL_I2C_Mem_Write                        0x08001ad5   Thumb Code   294  stm32f1xx_hal_i2c.o(i.HAL_I2C_Mem_Write)
    HAL_I2C_MspInit                          0x08001c05   Thumb Code    80  i2c.o(i.HAL_I2C_MspInit)
    HAL_IWDG_Init                            0x08001c61   Thumb Code    94  stm32f1xx_hal_iwdg.o(i.HAL_IWDG_Init)
    HAL_IWDG_Refresh                         0x08001cbf   Thumb Code    12  stm32f1xx_hal_iwdg.o(i.HAL_IWDG_Refresh)
    HAL_IncTick                              0x08001ccd   Thumb Code    12  stm32f1xx_hal.o(i.HAL_IncTick)
    HAL_Init                                 0x08001cdd   Thumb Code    32  stm32f1xx_hal.o(i.HAL_Init)
    HAL_InitTick                             0x08001d01   Thumb Code    54  stm32f1xx_hal.o(i.HAL_InitTick)
    HAL_MspInit                              0x08001d41   Thumb Code    52  stm32f1xx_hal_msp.o(i.HAL_MspInit)
    HAL_NVIC_EnableIRQ                       0x08001d7d   Thumb Code    26  stm32f1xx_hal_cortex.o(i.HAL_NVIC_EnableIRQ)
    HAL_NVIC_SetPriority                     0x08001d99   Thumb Code    60  stm32f1xx_hal_cortex.o(i.HAL_NVIC_SetPriority)
    HAL_NVIC_SetPriorityGrouping             0x08001dd9   Thumb Code    26  stm32f1xx_hal_cortex.o(i.HAL_NVIC_SetPriorityGrouping)
    HAL_RCCEx_PeriphCLKConfig                0x08001dfd   Thumb Code   224  stm32f1xx_hal_rcc_ex.o(i.HAL_RCCEx_PeriphCLKConfig)
    HAL_RCC_ClockConfig                      0x08001ee9   Thumb Code   280  stm32f1xx_hal_rcc.o(i.HAL_RCC_ClockConfig)
    HAL_RCC_GetPCLK1Freq                     0x08002015   Thumb Code    20  stm32f1xx_hal_rcc.o(i.HAL_RCC_GetPCLK1Freq)
    HAL_RCC_GetPCLK2Freq                     0x08002035   Thumb Code    20  stm32f1xx_hal_rcc.o(i.HAL_RCC_GetPCLK2Freq)
    HAL_RCC_GetSysClockFreq                  0x08002055   Thumb Code    58  stm32f1xx_hal_rcc.o(i.HAL_RCC_GetSysClockFreq)
    HAL_RCC_OscConfig                        0x080020a1   Thumb Code   778  stm32f1xx_hal_rcc.o(i.HAL_RCC_OscConfig)
    HAL_SPI_Init                             0x080023c1   Thumb Code   178  stm32f1xx_hal_spi.o(i.HAL_SPI_Init)
    HAL_SPI_MspInit                          0x08002475   Thumb Code   102  spi.o(i.HAL_SPI_MspInit)
    HAL_SPI_Receive                          0x080024e9   Thumb Code   340  stm32f1xx_hal_spi.o(i.HAL_SPI_Receive)
    HAL_SPI_Transmit                         0x0800263d   Thumb Code   358  stm32f1xx_hal_spi.o(i.HAL_SPI_Transmit)
    HAL_SPI_TransmitReceive                  0x080027a3   Thumb Code   496  stm32f1xx_hal_spi.o(i.HAL_SPI_TransmitReceive)
    HAL_SYSTICK_Config                       0x08002993   Thumb Code    40  stm32f1xx_hal_cortex.o(i.HAL_SYSTICK_Config)
    HAL_TIMEx_MasterConfigSynchronization    0x080029bd   Thumb Code   104  stm32f1xx_hal_tim_ex.o(i.HAL_TIMEx_MasterConfigSynchronization)
    HAL_TIM_Base_Init                        0x08002a39   Thumb Code    90  stm32f1xx_hal_tim.o(i.HAL_TIM_Base_Init)
    HAL_TIM_Base_MspInit                     0x08002a95   Thumb Code    30  tim.o(i.HAL_TIM_Base_MspInit)
    HAL_TIM_ConfigClockSource                0x08002abd   Thumb Code   220  stm32f1xx_hal_tim.o(i.HAL_TIM_ConfigClockSource)
    HAL_TIM_MspPostInit                      0x08002b99   Thumb Code    62  tim.o(i.HAL_TIM_MspPostInit)
    HAL_TIM_PWM_ConfigChannel                0x08002be5   Thumb Code   204  stm32f1xx_hal_tim.o(i.HAL_TIM_PWM_ConfigChannel)
    HAL_TIM_PWM_Init                         0x08002cb1   Thumb Code    90  stm32f1xx_hal_tim.o(i.HAL_TIM_PWM_Init)
    HAL_TIM_PWM_MspInit                      0x08002d0b   Thumb Code     2  stm32f1xx_hal_tim.o(i.HAL_TIM_PWM_MspInit)
    HAL_TIM_PWM_Start                        0x08002d0d   Thumb Code   160  stm32f1xx_hal_tim.o(i.HAL_TIM_PWM_Start)
    HAL_UARTEx_RxEventCallback               0x08002dc1   Thumb Code     2  stm32f1xx_hal_uart.o(i.HAL_UARTEx_RxEventCallback)
    HAL_UART_ErrorCallback                   0x08002dc3   Thumb Code     2  stm32f1xx_hal_uart.o(i.HAL_UART_ErrorCallback)
    HAL_UART_IRQHandler                      0x08002dc5   Thumb Code   616  stm32f1xx_hal_uart.o(i.HAL_UART_IRQHandler)
    HAL_UART_Init                            0x08003031   Thumb Code   100  stm32f1xx_hal_uart.o(i.HAL_UART_Init)
    HAL_UART_MspInit                         0x08003095   Thumb Code   204  usart.o(i.HAL_UART_MspInit)
    HAL_UART_RxCpltCallback                  0x08003179   Thumb Code     2  stm32f1xx_hal_uart.o(i.HAL_UART_RxCpltCallback)
    HAL_UART_Transmit                        0x0800317b   Thumb Code   160  stm32f1xx_hal_uart.o(i.HAL_UART_Transmit)
    HAL_UART_TxCpltCallback                  0x0800321b   Thumb Code     2  stm32f1xx_hal_uart.o(i.HAL_UART_TxCpltCallback)
    HardFault_Handler                        0x0800321d   Thumb Code     2  stm32f1xx_it.o(i.HardFault_Handler)
    IWDG_Refresh                             0x080034f1   Thumb Code     6  iwdg.o(i.IWDG_Refresh)
    IwdgControl_Feed                         0x080034fd   Thumb Code    76  iwdg_control.o(i.IwdgControl_Feed)
    IwdgControl_Init                         0x08003591   Thumb Code    94  iwdg_control.o(i.IwdgControl_Init)
    IwdgControl_IsSystemSafeToFeed           0x08003679   Thumb Code    42  iwdg_control.o(i.IwdgControl_IsSystemSafeToFeed)
    IwdgControl_PrintResetReason             0x080036a5   Thumb Code    50  iwdg_control.o(i.IwdgControl_PrintResetReason)
    IwdgControl_Resume                       0x08003729   Thumb Code    38  iwdg_control.o(i.IwdgControl_Resume)
    IwdgControl_SafetyMonitorIntegration     0x08003785   Thumb Code    72  iwdg_control.o(i.IwdgControl_SafetyMonitorIntegration)
    IwdgControl_SetResetCount                0x08003869   Thumb Code    12  iwdg_control.o(i.IwdgControl_SetResetCount)
    IwdgControl_SetResetReason               0x08003899   Thumb Code    14  iwdg_control.o(i.IwdgControl_SetResetReason)
    IwdgControl_Suspend                      0x080038cd   Thumb Code    80  iwdg_control.o(i.IwdgControl_Suspend)
    IwdgControl_SystemStartupCheck           0x08003991   Thumb Code    52  iwdg_control.o(i.IwdgControl_SystemStartupCheck)
    LogSystem_CalculateChecksum              0x08003a49   Thumb Code    22  log_system.o(i.LogSystem_CalculateChecksum)
    LogSystem_FindLastWritePosition          0x08003a61   Thumb Code   242  log_system.o(i.LogSystem_FindLastWritePosition)
    LogSystem_Format                         0x08003cb1   Thumb Code    82  log_system.o(i.LogSystem_Format)
    LogSystem_FormatTimestamp                0x08003d0d   Thumb Code    84  log_system.o(i.LogSystem_FormatTimestamp)
    LogSystem_GetEntryCount                  0x08003d75   Thumb Code     6  log_system.o(i.LogSystem_GetEntryCount)
    LogSystem_GetEventCodeString             0x08003d81   Thumb Code    90  log_system.o(i.LogSystem_GetEventCodeString)
    LogSystem_GetHealthPercentage            0x08003e29   Thumb Code     8  log_system.o(i.LogSystem_GetHealthPercentage)
    LogSystem_GetLogCount                    0x08003e35   Thumb Code     6  log_system.o(i.LogSystem_GetLogCount)
    LogSystem_GetUsedSize                    0x08003e41   Thumb Code     6  log_system.o(i.LogSystem_GetUsedSize)
    LogSystem_Init                           0x08003e8d   Thumb Code   254  log_system.o(i.LogSystem_Init)
    LogSystem_IsFull                         0x0800419d   Thumb Code     8  log_system.o(i.LogSystem_IsFull)
    LogSystem_IsInitialized                  0x080041a9   Thumb Code     8  log_system.o(i.LogSystem_IsInitialized)
    LogSystem_OutputFooter                   0x080041b5   Thumb Code    36  log_system.o(i.LogSystem_OutputFooter)
    LogSystem_OutputHeader                   0x08004285   Thumb Code    24  log_system.o(i.LogSystem_OutputHeader)
    LogSystem_OutputSingle                   0x08004345   Thumb Code   158  log_system.o(i.LogSystem_OutputSingle)
    LogSystem_Record                         0x08004515   Thumb Code   102  log_system.o(i.LogSystem_Record)
    LogSystem_Reset                          0x08004585   Thumb Code   214  log_system.o(i.LogSystem_Reset)
    LogSystem_UpdateHealthPercentage         0x08004785   Thumb Code    66  log_system.o(i.LogSystem_UpdateHealthPercentage)
    LogSystem_ValidateCategory               0x080047ed   Thumb Code    20  log_system.o(i.LogSystem_ValidateCategory)
    LogSystem_VerifyEntry                    0x08004801   Thumb Code    44  log_system.o(i.LogSystem_VerifyEntry)
    MX_ADC1_Init                             0x08004965   Thumb Code   112  adc.o(i.MX_ADC1_Init)
    MX_DMA_Init                              0x080049dd   Thumb Code    22  dma.o(i.MX_DMA_Init)
    MX_GPIO_Init                             0x080049f9   Thumb Code   420  gpio.o(i.MX_GPIO_Init)
    MX_I2C1_Init                             0x08004bb9   Thumb Code    50  i2c.o(i.MX_I2C1_Init)
    MX_IWDG_Init                             0x08004bf9   Thumb Code    42  iwdg.o(i.MX_IWDG_Init)
    MX_SPI2_Init                             0x08004c49   Thumb Code    60  spi.o(i.MX_SPI2_Init)
    MX_TIM3_Init                             0x08004c8d   Thumb Code   146  tim.o(i.MX_TIM3_Init)
    MX_USART1_UART_Init                      0x08004d29   Thumb Code    48  usart.o(i.MX_USART1_UART_Init)
    MX_USART3_UART_Init                      0x08004d61   Thumb Code    48  usart.o(i.MX_USART3_UART_Init)
    MemManage_Handler                        0x08004d99   Thumb Code     2  stm32f1xx_it.o(i.MemManage_Handler)
    NMI_Handler                              0x08004d9b   Thumb Code     2  stm32f1xx_it.o(i.NMI_Handler)
    OLED_AddDirtyRegion                      0x08004e1d   Thumb Code   124  oled_display.o(i.OLED_AddDirtyRegion)
    OLED_Clear                               0x08004ea1   Thumb Code    20  oled_display.o(i.OLED_Clear)
    OLED_ClearDirtyRegions                   0x08004eb9   Thumb Code    18  oled_display.o(i.OLED_ClearDirtyRegions)
    OLED_DrawString                          0x08004ed5   Thumb Code   162  oled_display.o(i.OLED_DrawString)
    OLED_DrawString6x8                       0x08004f85   Thumb Code     6  oled_display.o(i.OLED_DrawString6x8)
    OLED_DrawStringDirty                     0x08004f8d   Thumb Code   214  oled_display.o(i.OLED_DrawStringDirty)
    OLED_Init                                0x08005071   Thumb Code   172  oled_display.o(i.OLED_Init)
    OLED_Refresh                             0x0800511d   Thumb Code    66  oled_display.o(i.OLED_Refresh)
    OLED_RefreshDirtyRegions                 0x08005169   Thumb Code   200  oled_display.o(i.OLED_RefreshDirtyRegions)
    OLED_ResetDisplayCache                   0x08005241   Thumb Code    20  oled_display.o(i.OLED_ResetDisplayCache)
    OLED_ResetSelfTestBarState               0x0800525d   Thumb Code     6  oled_display.o(i.OLED_ResetSelfTestBarState)
    OLED_ShowCompanyLogo                     0x08005265   Thumb Code   222  oled_display.o(i.OLED_ShowCompanyLogo)
    OLED_ShowLogo                            0x0800534d   Thumb Code   180  oled_display.o(i.OLED_ShowLogo)
    OLED_ShowMainScreenDirty                 0x08005409   Thumb Code   352  oled_display.o(i.OLED_ShowMainScreenDirty)
    OLED_ShowSelfTestBarWithCompanyLogo      0x08005589   Thumb Code   424  oled_display.o(i.OLED_ShowSelfTestBarWithCompanyLogo)
    OLED_ShowSelfTestBarWithStep             0x08005745   Thumb Code   260  oled_display.o(i.OLED_ShowSelfTestBarWithStep)
    OLED_TestConnection                      0x08005855   Thumb Code    82  oled_display.o(i.OLED_TestConnection)
    PendSV_Handler                           0x080058d5   Thumb Code     2  stm32f1xx_it.o(i.PendSV_Handler)
    RelayControl_CheckInterlock              0x080058d7   Thumb Code   152  relay_control.o(i.RelayControl_CheckInterlock)
    RelayControl_CloseChannel                0x08005971   Thumb Code    84  relay_control.o(i.RelayControl_CloseChannel)
    RelayControl_GetAsyncStatistics          0x08005a05   Thumb Code    26  relay_control.o(i.RelayControl_GetAsyncStatistics)
    RelayControl_GetChannelState             0x08005a25   Thumb Code    26  relay_control.o(i.RelayControl_GetChannelState)
    RelayControl_GetHighestPriorityInterrupt 0x08005a45   Thumb Code    54  relay_control.o(i.RelayControl_GetHighestPriorityInterrupt)
    RelayControl_GetInterferenceStatistics   0x08005a81   Thumb Code    18  relay_control.o(i.RelayControl_GetInterferenceStatistics)
    RelayControl_GetOperationResult          0x08005a99   Thumb Code    24  relay_control.o(i.RelayControl_GetOperationResult)
    RelayControl_HandleEnableSignal          0x08005ab5   Thumb Code   158  relay_control.o(i.RelayControl_HandleEnableSignal)
    RelayControl_Init                        0x08005b5d   Thumb Code   240  relay_control.o(i.RelayControl_Init)
    RelayControl_IsChannelBusy               0x08005cd5   Thumb Code    42  relay_control.o(i.RelayControl_IsChannelBusy)
    RelayControl_IsOperationInProgress       0x08005d05   Thumb Code    18  relay_control.o(i.RelayControl_IsOperationInProgress)
    RelayControl_OpenChannel                 0x08005d19   Thumb Code    84  relay_control.o(i.RelayControl_OpenChannel)
    RelayControl_ProcessAsyncOperations      0x08005dad   Thumb Code   688  relay_control.o(i.RelayControl_ProcessAsyncOperations)
    RelayControl_ProcessPendingActions       0x08006159   Thumb Code   464  relay_control.o(i.RelayControl_ProcessPendingActions)
    RelayControl_StartCloseChannel           0x08006535   Thumb Code   110  relay_control.o(i.RelayControl_StartCloseChannel)
    RelayControl_StartOpenChannel            0x08006625   Thumb Code   146  relay_control.o(i.RelayControl_StartOpenChannel)
    RelayControl_ValidateStateChange         0x0800678d   Thumb Code    40  relay_control.o(i.RelayControl_ValidateStateChange)
    SVC_Handler                              0x080068fd   Thumb Code     2  stm32f1xx_it.o(i.SVC_Handler)
    SafetyMonitor_CheckAlarmA_ClearCondition 0x080068ff   Thumb Code    44  safety_monitor.o(i.SafetyMonitor_CheckAlarmA_ClearCondition)
    SafetyMonitor_CheckAlarmBJN_ClearCondition 0x0800692b   Thumb Code   290  safety_monitor.o(i.SafetyMonitor_CheckAlarmBJN_ClearCondition)
    SafetyMonitor_CheckAlarmKM_ClearCondition 0x08006a4d   Thumb Code    86  safety_monitor.o(i.SafetyMonitor_CheckAlarmKM_ClearCondition)
    SafetyMonitor_CheckAlarmO_ClearCondition 0x08006aa9   Thumb Code    32  safety_monitor.o(i.SafetyMonitor_CheckAlarmO_ClearCondition)
    SafetyMonitor_CheckContactorStatus       0x08006af5   Thumb Code   154  safety_monitor.o(i.SafetyMonitor_CheckContactorStatus)
    SafetyMonitor_CheckEnableConflict        0x08006b91   Thumb Code    58  safety_monitor.o(i.SafetyMonitor_CheckEnableConflict)
    SafetyMonitor_CheckPowerMonitor          0x08006bdd   Thumb Code    72  safety_monitor.o(i.SafetyMonitor_CheckPowerMonitor)
    SafetyMonitor_CheckRelayStatus           0x08006c35   Thumb Code   254  safety_monitor.o(i.SafetyMonitor_CheckRelayStatus)
    SafetyMonitor_CheckTemperatureAlarm      0x08006d35   Thumb Code   124  safety_monitor.o(i.SafetyMonitor_CheckTemperatureAlarm)
    SafetyMonitor_ClearAlarmFlag             0x08006dd9   Thumb Code   226  safety_monitor.o(i.SafetyMonitor_ClearAlarmFlag)
    SafetyMonitor_GetAlarmDescription        0x08006ef9   Thumb Code    16  safety_monitor.o(i.SafetyMonitor_GetAlarmDescription)
    SafetyMonitor_GetAlarmFlags              0x08006f19   Thumb Code     6  safety_monitor.o(i.SafetyMonitor_GetAlarmFlags)
    SafetyMonitor_GetAlarmInfo               0x08006f25   Thumb Code    52  safety_monitor.o(i.SafetyMonitor_GetAlarmInfo)
    SafetyMonitor_GetBeepStateDescription    0x08006f5d   Thumb Code    34  safety_monitor.o(i.SafetyMonitor_GetBeepStateDescription)
    SafetyMonitor_Init                       0x08006fbd   Thumb Code   140  safety_monitor.o(i.SafetyMonitor_Init)
    SafetyMonitor_IsAlarmActive              0x0800706d   Thumb Code    24  safety_monitor.o(i.SafetyMonitor_IsAlarmActive)
    SafetyMonitor_PowerFailureCallback       0x08007089   Thumb Code    16  safety_monitor.o(i.SafetyMonitor_PowerFailureCallback)
    SafetyMonitor_Process                    0x0800709d   Thumb Code    22  safety_monitor.o(i.SafetyMonitor_Process)
    SafetyMonitor_ProcessBeep                0x080070b5   Thumb Code   108  safety_monitor.o(i.SafetyMonitor_ProcessBeep)
    SafetyMonitor_ProcessDcCtrlInterrupt     0x08007125   Thumb Code   146  safety_monitor.o(i.SafetyMonitor_ProcessDcCtrlInterrupt)
    SafetyMonitor_SetAlarmFlag               0x08007365   Thumb Code   254  safety_monitor.o(i.SafetyMonitor_SetAlarmFlag)
    SafetyMonitor_UpdateAlarmOutput          0x080074a1   Thumb Code    52  safety_monitor.o(i.SafetyMonitor_UpdateAlarmOutput)
    SafetyMonitor_UpdateAllAlarmStatus       0x08007519   Thumb Code    94  safety_monitor.o(i.SafetyMonitor_UpdateAllAlarmStatus)
    SafetyMonitor_UpdateBeepState            0x08007579   Thumb Code   210  safety_monitor.o(i.SafetyMonitor_UpdateBeepState)
    SmartDelay                               0x08007671   Thumb Code    56  smart_delay.o(i.SmartDelay)
    SmartDelayWithDebug                      0x080076a9   Thumb Code    56  smart_delay.o(i.SmartDelayWithDebug)
    SmartDelayWithForceFeed                  0x080076e1   Thumb Code    82  smart_delay.o(i.SmartDelayWithForceFeed)
    SmartDelay_FeedWatchdog                  0x08007739   Thumb Code    34  smart_delay.o(i.SmartDelay_FeedWatchdog)
    SmartDelay_ShouldFeedWatchdog            0x08007761   Thumb Code    30  smart_delay.o(i.SmartDelay_ShouldFeedWatchdog)
    SysTick_Handler                          0x0800777f   Thumb Code     4  stm32f1xx_it.o(i.SysTick_Handler)
    SystemClock_Config                       0x08007783   Thumb Code   128  main.o(i.SystemClock_Config)
    SystemControl_EnterAlarmState            0x08007805   Thumb Code    32  system_control.o(i.SystemControl_EnterAlarmState)
    SystemControl_EnterErrorState            0x08007845   Thumb Code    70  system_control.o(i.SystemControl_EnterErrorState)
    SystemControl_EnterNormalState           0x080078d5   Thumb Code    50  system_control.o(i.SystemControl_EnterNormalState)
    SystemControl_ExecuteChannelShutdown     0x0800794d   Thumb Code   298  system_control.o(i.SystemControl_ExecuteChannelShutdown)
    SystemControl_ExecuteSelfTest            0x08007c25   Thumb Code   222  system_control.o(i.SystemControl_ExecuteSelfTest)
    SystemControl_FlashCompleteErase         0x08007dd9   Thumb Code    72  system_control.o(i.SystemControl_FlashCompleteErase)
    SystemControl_FlashFillTest              0x08007eed   Thumb Code   538  system_control.o(i.SystemControl_FlashFillTest)
    SystemControl_FlashQuickFillTest         0x08008359   Thumb Code   526  system_control.o(i.SystemControl_FlashQuickFillTest)
    SystemControl_FlashReadTest              0x080086e9   Thumb Code   182  system_control.o(i.SystemControl_FlashReadTest)
    SystemControl_GetState                   0x080088ad   Thumb Code     6  system_control.o(i.SystemControl_GetState)
    SystemControl_HandleSelfTestError        0x080088b9   Thumb Code   106  system_control.o(i.SystemControl_HandleSelfTestError)
    SystemControl_Init                       0x080089bd   Thumb Code    46  system_control.o(i.SystemControl_Init)
    SystemControl_MainLoopScheduler          0x08008a0d   Thumb Code   260  system_control.o(i.SystemControl_MainLoopScheduler)
    SystemControl_PrintFlashStatus           0x08008bf9   Thumb Code   198  system_control.o(i.SystemControl_PrintFlashStatus)
    SystemControl_Process                    0x08008dd9   Thumb Code   148  system_control.o(i.SystemControl_Process)
    SystemControl_Reset                      0x08008ecd   Thumb Code    40  system_control.o(i.SystemControl_Reset)
    SystemControl_ResetSelfTestProgressState 0x08008f05   Thumb Code    10  system_control.o(i.SystemControl_ResetSelfTestProgressState)
    SystemControl_SelfTest_Step1_ExpectedState 0x08008f15   Thumb Code   144  system_control.o(i.SystemControl_SelfTest_Step1_ExpectedState)
    SystemControl_SelfTest_Step2_RelayCorrection 0x080090e5   Thumb Code   534  system_control.o(i.SystemControl_SelfTest_Step2_RelayCorrection)
    SystemControl_SelfTest_Step3_ContactorCheck 0x080095ed   Thumb Code   176  system_control.o(i.SystemControl_SelfTest_Step3_ContactorCheck)
    SystemControl_SelfTest_Step4_TemperatureSafety 0x08009781   Thumb Code   180  system_control.o(i.SystemControl_SelfTest_Step4_TemperatureSafety)
    SystemControl_StartLogoDisplay           0x08009951   Thumb Code    30  system_control.o(i.SystemControl_StartLogoDisplay)
    SystemControl_StartSelfTest              0x08009999   Thumb Code    34  system_control.o(i.SystemControl_StartSelfTest)
    SystemControl_UpdateDisplay              0x080099e1   Thumb Code   376  system_control.o(i.SystemControl_UpdateDisplay)
    SystemControl_UpdateSelfTestProgress     0x08009bc9   Thumb Code    48  system_control.o(i.SystemControl_UpdateSelfTestProgress)
    SystemInit                               0x08009c35   Thumb Code     2  system_stm32f1xx.o(i.SystemInit)
    TIM_Base_SetConfig                       0x08009c39   Thumb Code   134  stm32f1xx_hal_tim.o(i.TIM_Base_SetConfig)
    TIM_CCxChannelCmd                        0x08009cd5   Thumb Code    26  stm32f1xx_hal_tim.o(i.TIM_CCxChannelCmd)
    TIM_ETR_SetConfig                        0x08009cef   Thumb Code    20  stm32f1xx_hal_tim.o(i.TIM_ETR_SetConfig)
    TIM_OC2_SetConfig                        0x08009d75   Thumb Code    98  stm32f1xx_hal_tim.o(i.TIM_OC2_SetConfig)
    TemperatureMonitor_CheckAndHandleAlarm   0x08009ee1   Thumb Code    34  temperature_monitor.o(i.TemperatureMonitor_CheckAndHandleAlarm)
    TemperatureMonitor_FanSpeed1sHandler     0x08009f29   Thumb Code    20  temperature_monitor.o(i.TemperatureMonitor_FanSpeed1sHandler)
    TemperatureMonitor_GetFanPWM             0x08009f41   Thumb Code     6  temperature_monitor.o(i.TemperatureMonitor_GetFanPWM)
    TemperatureMonitor_GetFanSpeed           0x08009f4d   Thumb Code    12  temperature_monitor.o(i.TemperatureMonitor_GetFanSpeed)
    TemperatureMonitor_GetInfo               0x08009f5d   Thumb Code    32  temperature_monitor.o(i.TemperatureMonitor_GetInfo)
    TemperatureMonitor_Init                  0x08009f85   Thumb Code    58  temperature_monitor.o(i.TemperatureMonitor_Init)
    TemperatureMonitor_UpdateAll             0x08009ffd   Thumb Code   228  temperature_monitor.o(i.TemperatureMonitor_UpdateAll)
    USART3_IRQHandler                        0x0800a37d   Thumb Code     6  stm32f1xx_it.o(i.USART3_IRQHandler)
    UsageFault_Handler                       0x0800a389   Thumb Code     2  stm32f1xx_it.o(i.UsageFault_Handler)
    W25Q128_EraseSector                      0x0800a409   Thumb Code   106  w25q128_driver.o(i.W25Q128_EraseSector)
    W25Q128_Init                             0x0800a479   Thumb Code  1442  w25q128_driver.o(i.W25Q128_Init)
    W25Q128_IsAddressValid                   0x0800aa55   Thumb Code    14  w25q128_driver.o(i.W25Q128_IsAddressValid)
    W25Q128_IsBusy                           0x0800aa63   Thumb Code    16  w25q128_driver.o(i.W25Q128_IsBusy)
    W25Q128_PowerUp                          0x0800aa75   Thumb Code    66  w25q128_driver.o(i.W25Q128_PowerUp)
    W25Q128_ReadData                         0x0800aabd   Thumb Code   128  w25q128_driver.o(i.W25Q128_ReadData)
    W25Q128_ReadInfo                         0x0800ab41   Thumb Code   526  w25q128_driver.o(i.W25Q128_ReadInfo)
    W25Q128_ReadStatusRegister               0x0800afc1   Thumb Code    86  w25q128_driver.o(i.W25Q128_ReadStatusRegister)
    W25Q128_TestConnection                   0x0800b055   Thumb Code   126  w25q128_driver.o(i.W25Q128_TestConnection)
    W25Q128_WaitForReady                     0x0800b1f1   Thumb Code    42  w25q128_driver.o(i.W25Q128_WaitForReady)
    W25Q128_WriteData                        0x0800b21d   Thumb Code   164  w25q128_driver.o(i.W25Q128_WriteData)
    W25Q128_WriteEnable                      0x0800b2c5   Thumb Code    72  w25q128_driver.o(i.W25Q128_WriteEnable)
    __0snprintf                              0x0800b311   Thumb Code    48  printfa.o(i.__0snprintf)
    __1snprintf                              0x0800b311   Thumb Code     0  printfa.o(i.__0snprintf)
    __2snprintf                              0x0800b311   Thumb Code     0  printfa.o(i.__0snprintf)
    __c89snprintf                            0x0800b311   Thumb Code     0  printfa.o(i.__0snprintf)
    snprintf                                 0x0800b311   Thumb Code     0  printfa.o(i.__0snprintf)
    __0sprintf                               0x0800b345   Thumb Code    34  printfa.o(i.__0sprintf)
    __1sprintf                               0x0800b345   Thumb Code     0  printfa.o(i.__0sprintf)
    __2sprintf                               0x0800b345   Thumb Code     0  printfa.o(i.__0sprintf)
    __c89sprintf                             0x0800b345   Thumb Code     0  printfa.o(i.__0sprintf)
    sprintf                                  0x0800b345   Thumb Code     0  printfa.o(i.__0sprintf)
    __0vsprintf                              0x0800b36d   Thumb Code    30  printfa.o(i.__0vsprintf)
    __1vsprintf                              0x0800b36d   Thumb Code     0  printfa.o(i.__0vsprintf)
    __2vsprintf                              0x0800b36d   Thumb Code     0  printfa.o(i.__0vsprintf)
    __c89vsprintf                            0x0800b36d   Thumb Code     0  printfa.o(i.__0vsprintf)
    vsprintf                                 0x0800b36d   Thumb Code     0  printfa.o(i.__0vsprintf)
    __scatterload_copy                       0x0800b3b1   Thumb Code    14  handlers.o(i.__scatterload_copy)
    __scatterload_null                       0x0800b3bf   Thumb Code     2  handlers.o(i.__scatterload_null)
    __scatterload_zeroinit                   0x0800b3c1   Thumb Code    14  handlers.o(i.__scatterload_zeroinit)
    main                                     0x0800bc7d   Thumb Code  3636  main.o(i.main)
    gImage_minyerlogo                        0x0800d9f0   Data         411  minyerlogo.o(.constdata)
    AHBPrescTable                            0x0800dbce   Data          16  system_stm32f1xx.o(.constdata)
    APBPrescTable                            0x0800dbde   Data           8  system_stm32f1xx.o(.constdata)
    Region$$Table$$Base                      0x0800e10c   Number         0  anon$$obj.o(Region$$Table)
    Region$$Table$$Limit                     0x0800e12c   Number         0  anon$$obj.o(Region$$Table)
    fan_pulse_count                          0x20000028   Data           4  temperature_monitor.o(.data)
    fan_rpm                                  0x2000002c   Data           4  temperature_monitor.o(.data)
    adc_dma_buf                              0x20000030   Data           6  temperature_monitor.o(.data)
    oled_show_flash_warning                  0x20000036   Data           1  oled_display.o(.data)
    key1_pressed                             0x200000dc   Data           1  gpio.o(.data)
    key2_pressed                             0x200000dd   Data           1  gpio.o(.data)
    key1_press_start_time                    0x200000e0   Data           4  gpio.o(.data)
    key2_press_start_time                    0x200000e4   Data           4  gpio.o(.data)
    key1_long_press_triggered                0x200000e8   Data           1  gpio.o(.data)
    key2_long_press_triggered                0x200000e9   Data           1  gpio.o(.data)
    uwTickFreq                               0x200000ec   Data           1  stm32f1xx_hal.o(.data)
    uwTickPrio                               0x200000f0   Data           4  stm32f1xx_hal.o(.data)
    uwTick                                   0x200000f4   Data           4  stm32f1xx_hal.o(.data)
    SystemCoreClock                          0x200000f8   Data           4  system_stm32f1xx.o(.data)
    hadc1                                    0x20000e50   Data          48  adc.o(.bss)
    hdma_adc1                                0x20000e80   Data          68  adc.o(.bss)
    hi2c1                                    0x20000ec4   Data          84  i2c.o(.bss)
    hiwdg                                    0x20000f18   Data          12  iwdg.o(.bss)
    hspi2                                    0x20000f24   Data          88  spi.o(.bss)
    htim3                                    0x20000f7c   Data          72  tim.o(.bss)
    huart1                                   0x20000fc4   Data          72  usart.o(.bss)
    huart3                                   0x2000100c   Data          72  usart.o(.bss)
    __initial_sp                             0x20001458   Data           0  startup_stm32f103xe.o(STACK)



==============================================================================

Memory Map of the image

  Image Entry point : 0x08000131

  Load Region LR_IROM1 (Base: 0x08000000, Size: 0x0000e228, Max: 0x00040000, ABSOLUTE)

    Execution Region ER_IROM1 (Exec base: 0x08000000, Load base: 0x08000000, Size: 0x0000e12c, Max: 0x00040000, ABSOLUTE)

    Exec Addr    Load Addr    Size         Type   Attr      Idx    E Section Name        Object

    0x08000000   0x08000000   0x00000130   Data   RO            3    RESET               startup_stm32f103xe.o
    0x08000130   0x08000130   0x00000000   Code   RO         5877  * .ARM.Collect$$$$00000000  mc_w.l(entry.o)
    0x08000130   0x08000130   0x00000004   Code   RO         6175    .ARM.Collect$$$$00000001  mc_w.l(entry2.o)
    0x08000134   0x08000134   0x00000004   Code   RO         6178    .ARM.Collect$$$$00000004  mc_w.l(entry5.o)
    0x08000138   0x08000138   0x00000000   Code   RO         6180    .ARM.Collect$$$$00000008  mc_w.l(entry7b.o)
    0x08000138   0x08000138   0x00000000   Code   RO         6182    .ARM.Collect$$$$0000000A  mc_w.l(entry8b.o)
    0x08000138   0x08000138   0x00000008   Code   RO         6183    .ARM.Collect$$$$0000000B  mc_w.l(entry9a.o)
    0x08000140   0x08000140   0x00000004   Code   RO         6190    .ARM.Collect$$$$0000000E  mc_w.l(entry12b.o)
    0x08000144   0x08000144   0x00000000   Code   RO         6185    .ARM.Collect$$$$0000000F  mc_w.l(entry10a.o)
    0x08000144   0x08000144   0x00000000   Code   RO         6187    .ARM.Collect$$$$00000011  mc_w.l(entry11a.o)
    0x08000144   0x08000144   0x00000004   Code   RO         6176    .ARM.Collect$$$$00002712  mc_w.l(entry2.o)
    0x08000148   0x08000148   0x00000024   Code   RO            4    .text               startup_stm32f103xe.o
    0x0800016c   0x0800016c   0x00000020   Code   RO         5880    .text               mc_w.l(llushr.o)
    0x0800018c   0x0800018c   0x00000024   Code   RO         5882    .text               mc_w.l(memcpya.o)
    0x080001b0   0x080001b0   0x00000024   Code   RO         5884    .text               mc_w.l(memseta.o)
    0x080001d4   0x080001d4   0x00000018   Code   RO         5886    .text               mc_w.l(strcat.o)
    0x080001ec   0x080001ec   0x00000018   Code   RO         5888    .text               mc_w.l(strncpy.o)
    0x08000204   0x08000204   0x0000000e   Code   RO         5890    .text               mc_w.l(strlen.o)
    0x08000212   0x08000212   0x00000012   Code   RO         5894    .text               mc_w.l(strcpy.o)
    0x08000224   0x08000224   0x000000b0   Code   RO         6159    .text               mf_w.l(fadd.o)
    0x080002d4   0x080002d4   0x00000064   Code   RO         6161    .text               mf_w.l(fmul.o)
    0x08000338   0x08000338   0x0000007c   Code   RO         6163    .text               mf_w.l(fdiv.o)
    0x080003b4   0x080003b4   0x0000000a   Code   RO         6167    .text               mf_w.l(ffltui.o)
    0x080003be   0x080003be   0x00000026   Code   RO         6171    .text               mf_w.l(f2d.o)
    0x080003e4   0x080003e4   0x00000014   Code   RO         6173    .text               mf_w.l(cfrcmple.o)
    0x080003f8   0x080003f8   0x0000002c   Code   RO         6192    .text               mc_w.l(uidiv.o)
    0x08000424   0x08000424   0x00000062   Code   RO         6194    .text               mc_w.l(uldiv.o)
    0x08000486   0x08000486   0x00000000   Code   RO         6196    .text               mc_w.l(iusefp.o)
    0x08000486   0x08000486   0x0000006e   Code   RO         6197    .text               mf_w.l(fepilogue.o)
    0x080004f4   0x080004f4   0x0000014e   Code   RO         6199    .text               mf_w.l(dadd.o)
    0x08000642   0x08000642   0x000000e4   Code   RO         6201    .text               mf_w.l(dmul.o)
    0x08000726   0x08000726   0x000000de   Code   RO         6203    .text               mf_w.l(ddiv.o)
    0x08000804   0x08000804   0x00000030   Code   RO         6205    .text               mf_w.l(dfixul.o)
    0x08000834   0x08000834   0x00000030   Code   RO         6207    .text               mf_w.l(cdrcmple.o)
    0x08000864   0x08000864   0x00000024   Code   RO         6209    .text               mc_w.l(init.o)
    0x08000888   0x08000888   0x0000001e   Code   RO         6211    .text               mc_w.l(llshl.o)
    0x080008a6   0x080008a6   0x00000024   Code   RO         6213    .text               mc_w.l(llsshr.o)
    0x080008ca   0x080008ca   0x000000ba   Code   RO         6215    .text               mf_w.l(depilogue.o)
    0x08000984   0x08000984   0x0000000c   Code   RO         2304    i.ADC1_2_IRQHandler  stm32f1xx_it.o
    0x08000990   0x08000990   0x00000056   Code   RO         2464    i.ADC_ConversionStop_Disable  stm32f1xx_hal_adc.o
    0x080009e6   0x080009e6   0x0000004e   Code   RO         2465    i.ADC_DMAConvCplt   stm32f1xx_hal_adc.o
    0x08000a34   0x08000a34   0x0000001a   Code   RO         2466    i.ADC_DMAError      stm32f1xx_hal_adc.o
    0x08000a4e   0x08000a4e   0x0000000a   Code   RO         2467    i.ADC_DMAHalfConvCplt  stm32f1xx_hal_adc.o
    0x08000a58   0x08000a58   0x0000007c   Code   RO         2468    i.ADC_Enable        stm32f1xx_hal_adc.o
    0x08000ad4   0x08000ad4   0x00000002   Code   RO         2305    i.BusFault_Handler  stm32f1xx_it.o
    0x08000ad6   0x08000ad6   0x00000002   PAD
    0x08000ad8   0x08000ad8   0x00000034   Code   RO          536    i.CalcNTCRes        temperature_monitor.o
    0x08000b0c   0x08000b0c   0x00000030   Code   RO         2244    i.DEBUG_Printf      usart.o
    0x08000b3c   0x08000b3c   0x0000002a   Code   RO         3120    i.DMA_SetConfig     stm32f1xx_hal_dma.o
    0x08000b66   0x08000b66   0x00000002   Code   RO         2306    i.DebugMon_Handler  stm32f1xx_it.o
    0x08000b68   0x08000b68   0x00000026   Code   RO         2307    i.EXTI15_10_IRQHandler  stm32f1xx_it.o
    0x08000b8e   0x08000b8e   0x0000001c   Code   RO         2308    i.EXTI9_5_IRQHandler  stm32f1xx_it.o
    0x08000baa   0x08000baa   0x00000004   Code   RO         1928    i.Error_Handler     main.o
    0x08000bae   0x08000bae   0x00000002   PAD
    0x08000bb0   0x08000bb0   0x00000028   Code   RO          354    i.FindAsyncOperationByChannel  relay_control.o
    0x08000bd8   0x08000bd8   0x00000020   Code   RO          355    i.FindFreeAsyncSlot  relay_control.o
    0x08000bf8   0x08000bf8   0x0000000c   Code   RO           17    i.GPIO_ReadDC_CTRL  gpio_control.o
    0x08000c04   0x08000c04   0x0000000c   Code   RO           19    i.GPIO_ReadK1_1_STA  gpio_control.o
    0x08000c10   0x08000c10   0x0000000c   Code   RO           20    i.GPIO_ReadK1_2_STA  gpio_control.o
    0x08000c1c   0x08000c1c   0x00000010   Code   RO           21    i.GPIO_ReadK1_EN    gpio_control.o
    0x08000c2c   0x08000c2c   0x0000000c   Code   RO           22    i.GPIO_ReadK2_1_STA  gpio_control.o
    0x08000c38   0x08000c38   0x00000010   Code   RO           23    i.GPIO_ReadK2_2_STA  gpio_control.o
    0x08000c48   0x08000c48   0x00000010   Code   RO           24    i.GPIO_ReadK2_EN    gpio_control.o
    0x08000c58   0x08000c58   0x0000000c   Code   RO           25    i.GPIO_ReadK3_1_STA  gpio_control.o
    0x08000c64   0x08000c64   0x00000010   Code   RO           26    i.GPIO_ReadK3_2_STA  gpio_control.o
    0x08000c74   0x08000c74   0x00000010   Code   RO           27    i.GPIO_ReadK3_EN    gpio_control.o
    0x08000c84   0x08000c84   0x00000010   Code   RO           28    i.GPIO_ReadSW1_STA  gpio_control.o
    0x08000c94   0x08000c94   0x00000010   Code   RO           29    i.GPIO_ReadSW2_STA  gpio_control.o
    0x08000ca4   0x08000ca4   0x00000010   Code   RO           30    i.GPIO_ReadSW3_STA  gpio_control.o
    0x08000cb4   0x08000cb4   0x00000014   Code   RO           31    i.GPIO_SetAlarmOutput  gpio_control.o
    0x08000cc8   0x08000cc8   0x00000014   Code   RO           32    i.GPIO_SetBeepOutput  gpio_control.o
    0x08000cdc   0x08000cdc   0x00000010   Code   RO           34    i.GPIO_SetK1_1_OFF  gpio_control.o
    0x08000cec   0x08000cec   0x00000010   Code   RO           35    i.GPIO_SetK1_1_ON   gpio_control.o
    0x08000cfc   0x08000cfc   0x00000010   Code   RO           36    i.GPIO_SetK1_2_OFF  gpio_control.o
    0x08000d0c   0x08000d0c   0x00000010   Code   RO           37    i.GPIO_SetK1_2_ON   gpio_control.o
    0x08000d1c   0x08000d1c   0x00000010   Code   RO           38    i.GPIO_SetK2_1_OFF  gpio_control.o
    0x08000d2c   0x08000d2c   0x00000010   Code   RO           39    i.GPIO_SetK2_1_ON   gpio_control.o
    0x08000d3c   0x08000d3c   0x00000010   Code   RO           40    i.GPIO_SetK2_2_OFF  gpio_control.o
    0x08000d4c   0x08000d4c   0x00000010   Code   RO           41    i.GPIO_SetK2_2_ON   gpio_control.o
    0x08000d5c   0x08000d5c   0x00000010   Code   RO           42    i.GPIO_SetK3_1_OFF  gpio_control.o
    0x08000d6c   0x08000d6c   0x00000010   Code   RO           43    i.GPIO_SetK3_1_ON   gpio_control.o
    0x08000d7c   0x08000d7c   0x00000010   Code   RO           44    i.GPIO_SetK3_2_OFF  gpio_control.o
    0x08000d8c   0x08000d8c   0x00000010   Code   RO           45    i.GPIO_SetK3_2_ON   gpio_control.o
    0x08000d9c   0x08000d9c   0x00000002   Code   RO         2646    i.HAL_ADCEx_InjectedConvCpltCallback  stm32f1xx_hal_adc_ex.o
    0x08000d9e   0x08000d9e   0x00000002   PAD
    0x08000da0   0x08000da0   0x000000fc   Code   RO         2470    i.HAL_ADC_ConfigChannel  stm32f1xx_hal_adc.o
    0x08000e9c   0x08000e9c   0x00000002   Code   RO          537    i.HAL_ADC_ConvCpltCallback  temperature_monitor.o
    0x08000e9e   0x08000e9e   0x00000002   Code   RO         2472    i.HAL_ADC_ConvHalfCpltCallback  stm32f1xx_hal_adc.o
    0x08000ea0   0x08000ea0   0x00000002   Code   RO         2474    i.HAL_ADC_ErrorCallback  stm32f1xx_hal_adc.o
    0x08000ea2   0x08000ea2   0x000000dc   Code   RO         2478    i.HAL_ADC_IRQHandler  stm32f1xx_hal_adc.o
    0x08000f7e   0x08000f7e   0x00000002   PAD
    0x08000f80   0x08000f80   0x00000120   Code   RO         2479    i.HAL_ADC_Init      stm32f1xx_hal_adc.o
    0x080010a0   0x080010a0   0x00000002   Code   RO         2480    i.HAL_ADC_LevelOutOfWindowCallback  stm32f1xx_hal_adc.o
    0x080010a2   0x080010a2   0x00000002   PAD
    0x080010a4   0x080010a4   0x000000a0   Code   RO         2011    i.HAL_ADC_MspInit   adc.o
    0x08001144   0x08001144   0x0000010c   Code   RO         2486    i.HAL_ADC_Start_DMA  stm32f1xx_hal_adc.o
    0x08001250   0x08001250   0x00000046   Code   RO         3121    i.HAL_DMA_Abort     stm32f1xx_hal_dma.o
    0x08001296   0x08001296   0x00000002   PAD
    0x08001298   0x08001298   0x00000130   Code   RO         3122    i.HAL_DMA_Abort_IT  stm32f1xx_hal_dma.o
    0x080013c8   0x080013c8   0x0000007c   Code   RO         3127    i.HAL_DMA_Init      stm32f1xx_hal_dma.o
    0x08001444   0x08001444   0x00000070   Code   RO         3131    i.HAL_DMA_Start_IT  stm32f1xx_hal_dma.o
    0x080014b4   0x080014b4   0x00000024   Code   RO         2747    i.HAL_Delay         stm32f1xx_hal.o
    0x080014d8   0x080014d8   0x000000d8   Code   RO         1974    i.HAL_GPIO_EXTI_Callback  gpio.o
    0x080015b0   0x080015b0   0x00000018   Code   RO         3056    i.HAL_GPIO_EXTI_IRQHandler  stm32f1xx_hal_gpio.o
    0x080015c8   0x080015c8   0x000001f8   Code   RO         3057    i.HAL_GPIO_Init     stm32f1xx_hal_gpio.o
    0x080017c0   0x080017c0   0x0000000a   Code   RO         3059    i.HAL_GPIO_ReadPin  stm32f1xx_hal_gpio.o
    0x080017ca   0x080017ca   0x0000000a   Code   RO         3061    i.HAL_GPIO_WritePin  stm32f1xx_hal_gpio.o
    0x080017d4   0x080017d4   0x0000000c   Code   RO         2751    i.HAL_GetTick       stm32f1xx_hal.o
    0x080017e0   0x080017e0   0x00000188   Code   RO         3728    i.HAL_I2C_Init      stm32f1xx_hal_i2c.o
    0x08001968   0x08001968   0x0000016c   Code   RO         3729    i.HAL_I2C_IsDeviceReady  stm32f1xx_hal_i2c.o
    0x08001ad4   0x08001ad4   0x00000130   Code   RO         3749    i.HAL_I2C_Mem_Write  stm32f1xx_hal_i2c.o
    0x08001c04   0x08001c04   0x0000005c   Code   RO         2077    i.HAL_I2C_MspInit   i2c.o
    0x08001c60   0x08001c60   0x0000005e   Code   RO         4154    i.HAL_IWDG_Init     stm32f1xx_hal_iwdg.o
    0x08001cbe   0x08001cbe   0x0000000c   Code   RO         4155    i.HAL_IWDG_Refresh  stm32f1xx_hal_iwdg.o
    0x08001cca   0x08001cca   0x00000002   PAD
    0x08001ccc   0x08001ccc   0x00000010   Code   RO         2757    i.HAL_IncTick       stm32f1xx_hal.o
    0x08001cdc   0x08001cdc   0x00000024   Code   RO         2758    i.HAL_Init          stm32f1xx_hal.o
    0x08001d00   0x08001d00   0x00000040   Code   RO         2759    i.HAL_InitTick      stm32f1xx_hal.o
    0x08001d40   0x08001d40   0x0000003c   Code   RO         2404    i.HAL_MspInit       stm32f1xx_hal_msp.o
    0x08001d7c   0x08001d7c   0x0000001a   Code   RO         3217    i.HAL_NVIC_EnableIRQ  stm32f1xx_hal_cortex.o
    0x08001d96   0x08001d96   0x00000002   PAD
    0x08001d98   0x08001d98   0x00000040   Code   RO         3223    i.HAL_NVIC_SetPriority  stm32f1xx_hal_cortex.o
    0x08001dd8   0x08001dd8   0x00000024   Code   RO         3224    i.HAL_NVIC_SetPriorityGrouping  stm32f1xx_hal_cortex.o
    0x08001dfc   0x08001dfc   0x000000ec   Code   RO         3019    i.HAL_RCCEx_PeriphCLKConfig  stm32f1xx_hal_rcc_ex.o
    0x08001ee8   0x08001ee8   0x0000012c   Code   RO         2915    i.HAL_RCC_ClockConfig  stm32f1xx_hal_rcc.o
    0x08002014   0x08002014   0x00000020   Code   RO         2922    i.HAL_RCC_GetPCLK1Freq  stm32f1xx_hal_rcc.o
    0x08002034   0x08002034   0x00000020   Code   RO         2923    i.HAL_RCC_GetPCLK2Freq  stm32f1xx_hal_rcc.o
    0x08002054   0x08002054   0x0000004c   Code   RO         2924    i.HAL_RCC_GetSysClockFreq  stm32f1xx_hal_rcc.o
    0x080020a0   0x080020a0   0x00000320   Code   RO         2927    i.HAL_RCC_OscConfig  stm32f1xx_hal_rcc.o
    0x080023c0   0x080023c0   0x000000b2   Code   RO         4195    i.HAL_SPI_Init      stm32f1xx_hal_spi.o
    0x08002472   0x08002472   0x00000002   PAD
    0x08002474   0x08002474   0x00000074   Code   RO         2155    i.HAL_SPI_MspInit   spi.o
    0x080024e8   0x080024e8   0x00000154   Code   RO         4198    i.HAL_SPI_Receive   stm32f1xx_hal_spi.o
    0x0800263c   0x0800263c   0x00000166   Code   RO         4203    i.HAL_SPI_Transmit  stm32f1xx_hal_spi.o
    0x080027a2   0x080027a2   0x000001f0   Code   RO         4204    i.HAL_SPI_TransmitReceive  stm32f1xx_hal_spi.o
    0x08002992   0x08002992   0x00000028   Code   RO         3228    i.HAL_SYSTICK_Config  stm32f1xx_hal_cortex.o
    0x080029ba   0x080029ba   0x00000002   PAD
    0x080029bc   0x080029bc   0x0000007c   Code   RO         5231    i.HAL_TIMEx_MasterConfigSynchronization  stm32f1xx_hal_tim_ex.o
    0x08002a38   0x08002a38   0x0000005a   Code   RO         4508    i.HAL_TIM_Base_Init  stm32f1xx_hal_tim.o
    0x08002a92   0x08002a92   0x00000002   PAD
    0x08002a94   0x08002a94   0x00000028   Code   RO         2197    i.HAL_TIM_Base_MspInit  tim.o
    0x08002abc   0x08002abc   0x000000dc   Code   RO         4517    i.HAL_TIM_ConfigClockSource  stm32f1xx_hal_tim.o
    0x08002b98   0x08002b98   0x0000004c   Code   RO         2198    i.HAL_TIM_MspPostInit  tim.o
    0x08002be4   0x08002be4   0x000000cc   Code   RO         4580    i.HAL_TIM_PWM_ConfigChannel  stm32f1xx_hal_tim.o
    0x08002cb0   0x08002cb0   0x0000005a   Code   RO         4583    i.HAL_TIM_PWM_Init  stm32f1xx_hal_tim.o
    0x08002d0a   0x08002d0a   0x00000002   Code   RO         4585    i.HAL_TIM_PWM_MspInit  stm32f1xx_hal_tim.o
    0x08002d0c   0x08002d0c   0x000000b4   Code   RO         4588    i.HAL_TIM_PWM_Start  stm32f1xx_hal_tim.o
    0x08002dc0   0x08002dc0   0x00000002   Code   RO         5491    i.HAL_UARTEx_RxEventCallback  stm32f1xx_hal_uart.o
    0x08002dc2   0x08002dc2   0x00000002   Code   RO         5505    i.HAL_UART_ErrorCallback  stm32f1xx_hal_uart.o
    0x08002dc4   0x08002dc4   0x0000026c   Code   RO         5508    i.HAL_UART_IRQHandler  stm32f1xx_hal_uart.o
    0x08003030   0x08003030   0x00000064   Code   RO         5509    i.HAL_UART_Init     stm32f1xx_hal_uart.o
    0x08003094   0x08003094   0x000000e4   Code   RO         2246    i.HAL_UART_MspInit  usart.o
    0x08003178   0x08003178   0x00000002   Code   RO         5515    i.HAL_UART_RxCpltCallback  stm32f1xx_hal_uart.o
    0x0800317a   0x0800317a   0x000000a0   Code   RO         5517    i.HAL_UART_Transmit  stm32f1xx_hal_uart.o
    0x0800321a   0x0800321a   0x00000002   Code   RO         5520    i.HAL_UART_TxCpltCallback  stm32f1xx_hal_uart.o
    0x0800321c   0x0800321c   0x00000002   Code   RO         2309    i.HardFault_Handler  stm32f1xx_it.o
    0x0800321e   0x0800321e   0x0000002e   Code   RO         3771    i.I2C_IsAcknowledgeFailed  stm32f1xx_hal_i2c.o
    0x0800324c   0x0800324c   0x000000a8   Code   RO         3782    i.I2C_RequestMemoryWrite  stm32f1xx_hal_i2c.o
    0x080032f4   0x080032f4   0x00000056   Code   RO         3786    i.I2C_WaitOnBTFFlagUntilTimeout  stm32f1xx_hal_i2c.o
    0x0800334a   0x0800334a   0x00000002   PAD
    0x0800334c   0x0800334c   0x00000090   Code   RO         3787    i.I2C_WaitOnFlagUntilTimeout  stm32f1xx_hal_i2c.o
    0x080033dc   0x080033dc   0x000000bc   Code   RO         3788    i.I2C_WaitOnMasterAddressFlagUntilTimeout  stm32f1xx_hal_i2c.o
    0x08003498   0x08003498   0x00000056   Code   RO         3790    i.I2C_WaitOnTXEFlagUntilTimeout  stm32f1xx_hal_i2c.o
    0x080034ee   0x080034ee   0x00000002   PAD
    0x080034f0   0x080034f0   0x0000000c   Code   RO         2118    i.IWDG_Refresh      iwdg.o
    0x080034fc   0x080034fc   0x00000094   Code   RO         1267    i.IwdgControl_Feed  iwdg_control.o
    0x08003590   0x08003590   0x000000e8   Code   RO         1271    i.IwdgControl_Init  iwdg_control.o
    0x08003678   0x08003678   0x0000002a   Code   RO         1274    i.IwdgControl_IsSystemSafeToFeed  iwdg_control.o
    0x080036a2   0x080036a2   0x00000002   PAD
    0x080036a4   0x080036a4   0x00000084   Code   RO         1275    i.IwdgControl_PrintResetReason  iwdg_control.o
    0x08003728   0x08003728   0x0000005c   Code   RO         1280    i.IwdgControl_Resume  iwdg_control.o
    0x08003784   0x08003784   0x000000e4   Code   RO         1281    i.IwdgControl_SafetyMonitorIntegration  iwdg_control.o
    0x08003868   0x08003868   0x00000030   Code   RO         1282    i.IwdgControl_SetResetCount  iwdg_control.o
    0x08003898   0x08003898   0x00000034   Code   RO         1283    i.IwdgControl_SetResetReason  iwdg_control.o
    0x080038cc   0x080038cc   0x000000c4   Code   RO         1286    i.IwdgControl_Suspend  iwdg_control.o
    0x08003990   0x08003990   0x000000b8   Code   RO         1287    i.IwdgControl_SystemStartupCheck  iwdg_control.o
    0x08003a48   0x08003a48   0x00000016   Code   RO         1591    i.LogSystem_CalculateChecksum  log_system.o
    0x08003a5e   0x08003a5e   0x00000002   PAD
    0x08003a60   0x08003a60   0x00000250   Code   RO         1593    i.LogSystem_FindLastWritePosition  log_system.o
    0x08003cb0   0x08003cb0   0x0000005c   Code   RO         1594    i.LogSystem_Format  log_system.o
    0x08003d0c   0x08003d0c   0x00000068   Code   RO         1595    i.LogSystem_FormatTimestamp  log_system.o
    0x08003d74   0x08003d74   0x0000000c   Code   RO         1599    i.LogSystem_GetEntryCount  log_system.o
    0x08003d80   0x08003d80   0x000000a8   Code   RO         1600    i.LogSystem_GetEventCodeString  log_system.o
    0x08003e28   0x08003e28   0x0000000c   Code   RO         1601    i.LogSystem_GetHealthPercentage  log_system.o
    0x08003e34   0x08003e34   0x0000000c   Code   RO         1602    i.LogSystem_GetLogCount  log_system.o
    0x08003e40   0x08003e40   0x0000000c   Code   RO         1603    i.LogSystem_GetUsedSize  log_system.o
    0x08003e4c   0x08003e4c   0x00000040   Code   RO         1604    i.LogSystem_HandleCircularOverwrite  log_system.o
    0x08003e8c   0x08003e8c   0x00000310   Code   RO         1605    i.LogSystem_Init    log_system.o
    0x0800419c   0x0800419c   0x0000000c   Code   RO         1606    i.LogSystem_IsFull  log_system.o
    0x080041a8   0x080041a8   0x0000000c   Code   RO         1607    i.LogSystem_IsInitialized  log_system.o
    0x080041b4   0x080041b4   0x000000d0   Code   RO         1610    i.LogSystem_OutputFooter  log_system.o
    0x08004284   0x08004284   0x000000c0   Code   RO         1611    i.LogSystem_OutputHeader  log_system.o
    0x08004344   0x08004344   0x00000148   Code   RO         1612    i.LogSystem_OutputSingle  log_system.o
    0x0800448c   0x0800448c   0x00000088   Code   RO         1613    i.LogSystem_PrepareNewSector  log_system.o
    0x08004514   0x08004514   0x00000070   Code   RO         1614    i.LogSystem_Record  log_system.o
    0x08004584   0x08004584   0x00000200   Code   RO         1616    i.LogSystem_Reset   log_system.o
    0x08004784   0x08004784   0x00000068   Code   RO         1617    i.LogSystem_UpdateHealthPercentage  log_system.o
    0x080047ec   0x080047ec   0x00000014   Code   RO         1618    i.LogSystem_ValidateCategory  log_system.o
    0x08004800   0x08004800   0x00000030   Code   RO         1619    i.LogSystem_VerifyEntry  log_system.o
    0x08004830   0x08004830   0x00000134   Code   RO         1620    i.LogSystem_WriteEntry  log_system.o
    0x08004964   0x08004964   0x00000078   Code   RO         2012    i.MX_ADC1_Init      adc.o
    0x080049dc   0x080049dc   0x0000001c   Code   RO         2052    i.MX_DMA_Init       dma.o
    0x080049f8   0x080049f8   0x000001c0   Code   RO         1975    i.MX_GPIO_Init      gpio.o
    0x08004bb8   0x08004bb8   0x00000040   Code   RO         2078    i.MX_I2C1_Init      i2c.o
    0x08004bf8   0x08004bf8   0x00000050   Code   RO         2119    i.MX_IWDG_Init      iwdg.o
    0x08004c48   0x08004c48   0x00000044   Code   RO         2156    i.MX_SPI2_Init      spi.o
    0x08004c8c   0x08004c8c   0x0000009c   Code   RO         2199    i.MX_TIM3_Init      tim.o
    0x08004d28   0x08004d28   0x00000038   Code   RO         2247    i.MX_USART1_UART_Init  usart.o
    0x08004d60   0x08004d60   0x00000038   Code   RO         2248    i.MX_USART3_UART_Init  usart.o
    0x08004d98   0x08004d98   0x00000002   Code   RO         2310    i.MemManage_Handler  stm32f1xx_it.o
    0x08004d9a   0x08004d9a   0x00000002   Code   RO         2311    i.NMI_Handler       stm32f1xx_it.o
    0x08004d9c   0x08004d9c   0x00000080   Code   RO          538    i.NTC_ResToTemp     temperature_monitor.o
    0x08004e1c   0x08004e1c   0x00000084   Code   RO          647    i.OLED_AddDirtyRegion  oled_display.o
    0x08004ea0   0x08004ea0   0x00000018   Code   RO          648    i.OLED_Clear        oled_display.o
    0x08004eb8   0x08004eb8   0x0000001c   Code   RO          649    i.OLED_ClearDirtyRegions  oled_display.o
    0x08004ed4   0x08004ed4   0x000000b0   Code   RO          650    i.OLED_DrawString   oled_display.o
    0x08004f84   0x08004f84   0x00000006   Code   RO          651    i.OLED_DrawString6x8  oled_display.o
    0x08004f8a   0x08004f8a   0x00000002   PAD
    0x08004f8c   0x08004f8c   0x000000e4   Code   RO          653    i.OLED_DrawStringDirty  oled_display.o
    0x08005070   0x08005070   0x000000ac   Code   RO          655    i.OLED_Init         oled_display.o
    0x0800511c   0x0800511c   0x0000004c   Code   RO          656    i.OLED_Refresh      oled_display.o
    0x08005168   0x08005168   0x000000d8   Code   RO          657    i.OLED_RefreshDirtyRegions  oled_display.o
    0x08005240   0x08005240   0x0000001c   Code   RO          658    i.OLED_ResetDisplayCache  oled_display.o
    0x0800525c   0x0800525c   0x00000006   Code   RO          659    i.OLED_ResetSelfTestBarState  oled_display.o
    0x08005262   0x08005262   0x00000002   PAD
    0x08005264   0x08005264   0x000000e8   Code   RO          660    i.OLED_ShowCompanyLogo  oled_display.o
    0x0800534c   0x0800534c   0x000000bc   Code   RO          661    i.OLED_ShowLogo     oled_display.o
    0x08005408   0x08005408   0x00000180   Code   RO          663    i.OLED_ShowMainScreenDirty  oled_display.o
    0x08005588   0x08005588   0x000001bc   Code   RO          666    i.OLED_ShowSelfTestBarWithCompanyLogo  oled_display.o
    0x08005744   0x08005744   0x00000110   Code   RO          667    i.OLED_ShowSelfTestBarWithStep  oled_display.o
    0x08005854   0x08005854   0x0000005c   Code   RO          668    i.OLED_TestConnection  oled_display.o
    0x080058b0   0x080058b0   0x00000024   Code   RO          669    i.OLED_WriteCmd     oled_display.o
    0x080058d4   0x080058d4   0x00000002   Code   RO         2312    i.PendSV_Handler    stm32f1xx_it.o
    0x080058d6   0x080058d6   0x00000098   Code   RO          357    i.RelayControl_CheckInterlock  relay_control.o
    0x0800596e   0x0800596e   0x00000002   PAD
    0x08005970   0x08005970   0x00000094   Code   RO          359    i.RelayControl_CloseChannel  relay_control.o
    0x08005a04   0x08005a04   0x00000020   Code   RO          360    i.RelayControl_GetAsyncStatistics  relay_control.o
    0x08005a24   0x08005a24   0x00000020   Code   RO          362    i.RelayControl_GetChannelState  relay_control.o
    0x08005a44   0x08005a44   0x0000003c   Code   RO          363    i.RelayControl_GetHighestPriorityInterrupt  relay_control.o
    0x08005a80   0x08005a80   0x00000018   Code   RO          364    i.RelayControl_GetInterferenceStatistics  relay_control.o
    0x08005a98   0x08005a98   0x0000001c   Code   RO          366    i.RelayControl_GetOperationResult  relay_control.o
    0x08005ab4   0x08005ab4   0x000000a8   Code   RO          367    i.RelayControl_HandleEnableSignal  relay_control.o
    0x08005b5c   0x08005b5c   0x00000178   Code   RO          368    i.RelayControl_Init  relay_control.o
    0x08005cd4   0x08005cd4   0x00000030   Code   RO          369    i.RelayControl_IsChannelBusy  relay_control.o
    0x08005d04   0x08005d04   0x00000012   Code   RO          370    i.RelayControl_IsOperationInProgress  relay_control.o
    0x08005d16   0x08005d16   0x00000002   PAD
    0x08005d18   0x08005d18   0x00000094   Code   RO          371    i.RelayControl_OpenChannel  relay_control.o
    0x08005dac   0x08005dac   0x000003ac   Code   RO          372    i.RelayControl_ProcessAsyncOperations  relay_control.o
    0x08006158   0x08006158   0x000003dc   Code   RO          373    i.RelayControl_ProcessPendingActions  relay_control.o
    0x08006534   0x08006534   0x000000f0   Code   RO          374    i.RelayControl_StartCloseChannel  relay_control.o
    0x08006624   0x08006624   0x00000168   Code   RO          375    i.RelayControl_StartOpenChannel  relay_control.o
    0x0800678c   0x0800678c   0x00000028   Code   RO          376    i.RelayControl_ValidateStateChange  relay_control.o
    0x080067b4   0x080067b4   0x0000005c   Code   RO         4232    i.SPI_EndRxTransaction  stm32f1xx_hal_spi.o
    0x08006810   0x08006810   0x00000034   Code   RO         4233    i.SPI_EndRxTxTransaction  stm32f1xx_hal_spi.o
    0x08006844   0x08006844   0x000000b8   Code   RO         4238    i.SPI_WaitFlagStateUntilTimeout  stm32f1xx_hal_spi.o
    0x080068fc   0x080068fc   0x00000002   Code   RO         2313    i.SVC_Handler       stm32f1xx_it.o
    0x080068fe   0x080068fe   0x0000002c   Code   RO         1048    i.SafetyMonitor_CheckAlarmA_ClearCondition  safety_monitor.o
    0x0800692a   0x0800692a   0x00000122   Code   RO         1049    i.SafetyMonitor_CheckAlarmBJN_ClearCondition  safety_monitor.o
    0x08006a4c   0x08006a4c   0x0000005c   Code   RO         1050    i.SafetyMonitor_CheckAlarmKM_ClearCondition  safety_monitor.o
    0x08006aa8   0x08006aa8   0x0000004c   Code   RO         1051    i.SafetyMonitor_CheckAlarmO_ClearCondition  safety_monitor.o
    0x08006af4   0x08006af4   0x0000009a   Code   RO         1052    i.SafetyMonitor_CheckContactorStatus  safety_monitor.o
    0x08006b8e   0x08006b8e   0x00000002   PAD
    0x08006b90   0x08006b90   0x0000004c   Code   RO         1053    i.SafetyMonitor_CheckEnableConflict  safety_monitor.o
    0x08006bdc   0x08006bdc   0x00000058   Code   RO         1054    i.SafetyMonitor_CheckPowerMonitor  safety_monitor.o
    0x08006c34   0x08006c34   0x000000fe   Code   RO         1055    i.SafetyMonitor_CheckRelayStatus  safety_monitor.o
    0x08006d32   0x08006d32   0x00000002   PAD
    0x08006d34   0x08006d34   0x000000a4   Code   RO         1056    i.SafetyMonitor_CheckTemperatureAlarm  safety_monitor.o
    0x08006dd8   0x08006dd8   0x00000120   Code   RO         1057    i.SafetyMonitor_ClearAlarmFlag  safety_monitor.o
    0x08006ef8   0x08006ef8   0x00000020   Code   RO         1064    i.SafetyMonitor_GetAlarmDescription  safety_monitor.o
    0x08006f18   0x08006f18   0x0000000c   Code   RO         1065    i.SafetyMonitor_GetAlarmFlags  safety_monitor.o
    0x08006f24   0x08006f24   0x00000038   Code   RO         1066    i.SafetyMonitor_GetAlarmInfo  safety_monitor.o
    0x08006f5c   0x08006f5c   0x00000060   Code   RO         1067    i.SafetyMonitor_GetBeepStateDescription  safety_monitor.o
    0x08006fbc   0x08006fbc   0x000000b0   Code   RO         1068    i.SafetyMonitor_Init  safety_monitor.o
    0x0800706c   0x0800706c   0x0000001c   Code   RO         1069    i.SafetyMonitor_IsAlarmActive  safety_monitor.o
    0x08007088   0x08007088   0x00000014   Code   RO         1070    i.SafetyMonitor_PowerFailureCallback  safety_monitor.o
    0x0800709c   0x0800709c   0x00000016   Code   RO         1072    i.SafetyMonitor_Process  safety_monitor.o
    0x080070b2   0x080070b2   0x00000002   PAD
    0x080070b4   0x080070b4   0x00000070   Code   RO         1073    i.SafetyMonitor_ProcessBeep  safety_monitor.o
    0x08007124   0x08007124   0x00000240   Code   RO         1074    i.SafetyMonitor_ProcessDcCtrlInterrupt  safety_monitor.o
    0x08007364   0x08007364   0x0000013c   Code   RO         1075    i.SafetyMonitor_SetAlarmFlag  safety_monitor.o
    0x080074a0   0x080074a0   0x00000078   Code   RO         1076    i.SafetyMonitor_UpdateAlarmOutput  safety_monitor.o
    0x08007518   0x08007518   0x0000005e   Code   RO         1077    i.SafetyMonitor_UpdateAllAlarmStatus  safety_monitor.o
    0x08007576   0x08007576   0x00000002   PAD
    0x08007578   0x08007578   0x000000f8   Code   RO         1078    i.SafetyMonitor_UpdateBeepState  safety_monitor.o
    0x08007670   0x08007670   0x00000038   Code   RO         1537    i.SmartDelay        smart_delay.o
    0x080076a8   0x080076a8   0x00000038   Code   RO         1538    i.SmartDelayWithDebug  smart_delay.o
    0x080076e0   0x080076e0   0x00000058   Code   RO         1539    i.SmartDelayWithForceFeed  smart_delay.o
    0x08007738   0x08007738   0x00000028   Code   RO         1540    i.SmartDelay_FeedWatchdog  smart_delay.o
    0x08007760   0x08007760   0x0000001e   Code   RO         1541    i.SmartDelay_ShouldFeedWatchdog  smart_delay.o
    0x0800777e   0x0800777e   0x00000004   Code   RO         2314    i.SysTick_Handler   stm32f1xx_it.o
    0x08007782   0x08007782   0x00000080   Code   RO         1929    i.SystemClock_Config  main.o
    0x08007802   0x08007802   0x00000002   PAD
    0x08007804   0x08007804   0x00000040   Code   RO          819    i.SystemControl_EnterAlarmState  system_control.o
    0x08007844   0x08007844   0x00000090   Code   RO          820    i.SystemControl_EnterErrorState  system_control.o
    0x080078d4   0x080078d4   0x00000078   Code   RO          821    i.SystemControl_EnterNormalState  system_control.o
    0x0800794c   0x0800794c   0x000002d8   Code   RO          822    i.SystemControl_ExecuteChannelShutdown  system_control.o
    0x08007c24   0x08007c24   0x000001b4   Code   RO          823    i.SystemControl_ExecuteSelfTest  system_control.o
    0x08007dd8   0x08007dd8   0x00000114   Code   RO          824    i.SystemControl_FlashCompleteErase  system_control.o
    0x08007eec   0x08007eec   0x0000046c   Code   RO          825    i.SystemControl_FlashFillTest  system_control.o
    0x08008358   0x08008358   0x00000390   Code   RO          826    i.SystemControl_FlashQuickFillTest  system_control.o
    0x080086e8   0x080086e8   0x000001c4   Code   RO          827    i.SystemControl_FlashReadTest  system_control.o
    0x080088ac   0x080088ac   0x0000000c   Code   RO          830    i.SystemControl_GetState  system_control.o
    0x080088b8   0x080088b8   0x00000104   Code   RO          831    i.SystemControl_HandleSelfTestError  system_control.o
    0x080089bc   0x080089bc   0x00000050   Code   RO          832    i.SystemControl_Init  system_control.o
    0x08008a0c   0x08008a0c   0x000001ec   Code   RO          833    i.SystemControl_MainLoopScheduler  system_control.o
    0x08008bf8   0x08008bf8   0x000001e0   Code   RO          834    i.SystemControl_PrintFlashStatus  system_control.o
    0x08008dd8   0x08008dd8   0x000000f4   Code   RO          837    i.SystemControl_Process  system_control.o
    0x08008ecc   0x08008ecc   0x00000038   Code   RO          838    i.SystemControl_Reset  system_control.o
    0x08008f04   0x08008f04   0x00000010   Code   RO          839    i.SystemControl_ResetSelfTestProgressState  system_control.o
    0x08008f14   0x08008f14   0x000001d0   Code   RO          840    i.SystemControl_SelfTest_Step1_ExpectedState  system_control.o
    0x080090e4   0x080090e4   0x00000508   Code   RO          841    i.SystemControl_SelfTest_Step2_RelayCorrection  system_control.o
    0x080095ec   0x080095ec   0x00000194   Code   RO          842    i.SystemControl_SelfTest_Step3_ContactorCheck  system_control.o
    0x08009780   0x08009780   0x000001d0   Code   RO          843    i.SystemControl_SelfTest_Step4_TemperatureSafety  system_control.o
    0x08009950   0x08009950   0x00000048   Code   RO          845    i.SystemControl_StartLogoDisplay  system_control.o
    0x08009998   0x08009998   0x00000048   Code   RO          846    i.SystemControl_StartSelfTest  system_control.o
    0x080099e0   0x080099e0   0x000001e8   Code   RO          847    i.SystemControl_UpdateDisplay  system_control.o
    0x08009bc8   0x08009bc8   0x0000006c   Code   RO          848    i.SystemControl_UpdateSelfTestProgress  system_control.o
    0x08009c34   0x08009c34   0x00000002   Code   RO         5843    i.SystemInit        system_stm32f1xx.o
    0x08009c36   0x08009c36   0x00000002   PAD
    0x08009c38   0x08009c38   0x0000009c   Code   RO         4601    i.TIM_Base_SetConfig  stm32f1xx_hal_tim.o
    0x08009cd4   0x08009cd4   0x0000001a   Code   RO         4602    i.TIM_CCxChannelCmd  stm32f1xx_hal_tim.o
    0x08009cee   0x08009cee   0x00000014   Code   RO         4612    i.TIM_ETR_SetConfig  stm32f1xx_hal_tim.o
    0x08009d02   0x08009d02   0x00000010   Code   RO         4613    i.TIM_ITRx_SetConfig  stm32f1xx_hal_tim.o
    0x08009d12   0x08009d12   0x00000002   PAD
    0x08009d14   0x08009d14   0x00000060   Code   RO         4614    i.TIM_OC1_SetConfig  stm32f1xx_hal_tim.o
    0x08009d74   0x08009d74   0x0000006c   Code   RO         4615    i.TIM_OC2_SetConfig  stm32f1xx_hal_tim.o
    0x08009de0   0x08009de0   0x00000068   Code   RO         4616    i.TIM_OC3_SetConfig  stm32f1xx_hal_tim.o
    0x08009e48   0x08009e48   0x00000050   Code   RO         4617    i.TIM_OC4_SetConfig  stm32f1xx_hal_tim.o
    0x08009e98   0x08009e98   0x00000022   Code   RO         4619    i.TIM_TI1_ConfigInputStage  stm32f1xx_hal_tim.o
    0x08009eba   0x08009eba   0x00000024   Code   RO         4621    i.TIM_TI2_ConfigInputStage  stm32f1xx_hal_tim.o
    0x08009ede   0x08009ede   0x00000002   PAD
    0x08009ee0   0x08009ee0   0x00000048   Code   RO          539    i.TemperatureMonitor_CheckAndHandleAlarm  temperature_monitor.o
    0x08009f28   0x08009f28   0x00000018   Code   RO          541    i.TemperatureMonitor_FanSpeed1sHandler  temperature_monitor.o
    0x08009f40   0x08009f40   0x0000000c   Code   RO          543    i.TemperatureMonitor_GetFanPWM  temperature_monitor.o
    0x08009f4c   0x08009f4c   0x00000010   Code   RO          544    i.TemperatureMonitor_GetFanSpeed  temperature_monitor.o
    0x08009f5c   0x08009f5c   0x00000028   Code   RO          545    i.TemperatureMonitor_GetInfo  temperature_monitor.o
    0x08009f84   0x08009f84   0x00000078   Code   RO          546    i.TemperatureMonitor_Init  temperature_monitor.o
    0x08009ffc   0x08009ffc   0x00000134   Code   RO          548    i.TemperatureMonitor_UpdateAll  temperature_monitor.o
    0x0800a130   0x0800a130   0x00000010   Code   RO         5522    i.UART_DMAAbortOnError  stm32f1xx_hal_uart.o
    0x0800a140   0x0800a140   0x0000004e   Code   RO         5532    i.UART_EndRxTransfer  stm32f1xx_hal_uart.o
    0x0800a18e   0x0800a18e   0x000000c2   Code   RO         5534    i.UART_Receive_IT   stm32f1xx_hal_uart.o
    0x0800a250   0x0800a250   0x000000b8   Code   RO         5535    i.UART_SetConfig    stm32f1xx_hal_uart.o
    0x0800a308   0x0800a308   0x00000072   Code   RO         5538    i.UART_WaitOnFlagUntilTimeout  stm32f1xx_hal_uart.o
    0x0800a37a   0x0800a37a   0x00000002   PAD
    0x0800a37c   0x0800a37c   0x0000000c   Code   RO         2315    i.USART3_IRQHandler  stm32f1xx_it.o
    0x0800a388   0x0800a388   0x00000002   Code   RO         2316    i.UsageFault_Handler  stm32f1xx_it.o
    0x0800a38a   0x0800a38a   0x00000002   PAD
    0x0800a38c   0x0800a38c   0x0000007c   Code   RO         1792    i.W25Q128_CS_Init   w25q128_driver.o
    0x0800a408   0x0800a408   0x00000070   Code   RO         1794    i.W25Q128_EraseSector  w25q128_driver.o
    0x0800a478   0x0800a478   0x000005dc   Code   RO         1797    i.W25Q128_Init      w25q128_driver.o
    0x0800aa54   0x0800aa54   0x0000000e   Code   RO         1798    i.W25Q128_IsAddressValid  w25q128_driver.o
    0x0800aa62   0x0800aa62   0x00000010   Code   RO         1799    i.W25Q128_IsBusy    w25q128_driver.o
    0x0800aa72   0x0800aa72   0x00000002   PAD
    0x0800aa74   0x0800aa74   0x00000048   Code   RO         1801    i.W25Q128_PowerUp   w25q128_driver.o
    0x0800aabc   0x0800aabc   0x00000084   Code   RO         1802    i.W25Q128_ReadData  w25q128_driver.o
    0x0800ab40   0x0800ab40   0x00000480   Code   RO         1803    i.W25Q128_ReadInfo  w25q128_driver.o
    0x0800afc0   0x0800afc0   0x0000005c   Code   RO         1804    i.W25Q128_ReadStatusRegister  w25q128_driver.o
    0x0800b01c   0x0800b01c   0x0000001c   Code   RO         1805    i.W25Q128_SPI_Receive  w25q128_driver.o
    0x0800b038   0x0800b038   0x0000001c   Code   RO         1806    i.W25Q128_SPI_Transmit  w25q128_driver.o
    0x0800b054   0x0800b054   0x0000019c   Code   RO         1807    i.W25Q128_TestConnection  w25q128_driver.o
    0x0800b1f0   0x0800b1f0   0x0000002a   Code   RO         1808    i.W25Q128_WaitForReady  w25q128_driver.o
    0x0800b21a   0x0800b21a   0x00000002   PAD
    0x0800b21c   0x0800b21c   0x000000a8   Code   RO         1809    i.W25Q128_WriteData  w25q128_driver.o
    0x0800b2c4   0x0800b2c4   0x0000004c   Code   RO         1811    i.W25Q128_WriteEnable  w25q128_driver.o
    0x0800b310   0x0800b310   0x00000034   Code   RO         6132    i.__0snprintf       mc_w.l(printfa.o)
    0x0800b344   0x0800b344   0x00000028   Code   RO         6133    i.__0sprintf        mc_w.l(printfa.o)
    0x0800b36c   0x0800b36c   0x00000024   Code   RO         6137    i.__0vsprintf       mc_w.l(printfa.o)
    0x0800b390   0x0800b390   0x00000020   Code   RO         3230    i.__NVIC_SetPriority  stm32f1xx_hal_cortex.o
    0x0800b3b0   0x0800b3b0   0x0000000e   Code   RO         6219    i.__scatterload_copy  mc_w.l(handlers.o)
    0x0800b3be   0x0800b3be   0x00000002   Code   RO         6220    i.__scatterload_null  mc_w.l(handlers.o)
    0x0800b3c0   0x0800b3c0   0x0000000e   Code   RO         6221    i.__scatterload_zeroinit  mc_w.l(handlers.o)
    0x0800b3ce   0x0800b3ce   0x00000002   PAD
    0x0800b3d0   0x0800b3d0   0x00000184   Code   RO         6138    i._fp_digits        mc_w.l(printfa.o)
    0x0800b554   0x0800b554   0x000006b4   Code   RO         6139    i._printf_core      mc_w.l(printfa.o)
    0x0800bc08   0x0800bc08   0x00000024   Code   RO         6140    i._printf_post_padding  mc_w.l(printfa.o)
    0x0800bc2c   0x0800bc2c   0x0000002e   Code   RO         6141    i._printf_pre_padding  mc_w.l(printfa.o)
    0x0800bc5a   0x0800bc5a   0x00000016   Code   RO         6142    i._snputc           mc_w.l(printfa.o)
    0x0800bc70   0x0800bc70   0x0000000a   Code   RO         6143    i._sputc            mc_w.l(printfa.o)
    0x0800bc7a   0x0800bc7a   0x00000002   PAD
    0x0800bc7c   0x0800bc7c   0x0000104c   Code   RO         1930    i.main              main.o
    0x0800ccc8   0x0800ccc8   0x00000538   Data   RO          550    .constdata          temperature_monitor.o
    0x0800d200   0x0800d200   0x000007f0   Data   RO          671    .constdata          oled_display.o
    0x0800d9f0   0x0800d9f0   0x0000019b   Data   RO         1251    .constdata          minyerlogo.o
    0x0800db8b   0x0800db8b   0x00000001   PAD
    0x0800db8c   0x0800db8c   0x00000030   Data   RO         1291    .constdata          iwdg_control.o
    0x0800dbbc   0x0800dbbc   0x00000012   Data   RO         2928    .constdata          stm32f1xx_hal_rcc.o
    0x0800dbce   0x0800dbce   0x00000010   Data   RO         5844    .constdata          system_stm32f1xx.o
    0x0800dbde   0x0800dbde   0x00000008   Data   RO         5845    .constdata          system_stm32f1xx.o
    0x0800dbe6   0x0800dbe6   0x00000002   PAD
    0x0800dbe8   0x0800dbe8   0x00000051   Data   RO          378    .conststring        relay_control.o
    0x0800dc39   0x0800dc39   0x00000003   PAD
    0x0800dc3c   0x0800dc3c   0x0000003c   Data   RO          672    .conststring        oled_display.o
    0x0800dc78   0x0800dc78   0x000000ca   Data   RO          851    .conststring        system_control.o
    0x0800dd42   0x0800dd42   0x00000002   PAD
    0x0800dd44   0x0800dd44   0x0000017c   Data   RO         1080    .conststring        safety_monitor.o
    0x0800dec0   0x0800dec0   0x00000079   Data   RO         1292    .conststring        iwdg_control.o
    0x0800df39   0x0800df39   0x00000003   PAD
    0x0800df3c   0x0800df3c   0x00000063   Data   RO         1622    .conststring        log_system.o
    0x0800df9f   0x0800df9f   0x00000001   PAD
    0x0800dfa0   0x0800dfa0   0x0000004e   Data   RO         1813    .conststring        w25q128_driver.o
    0x0800dfee   0x0800dfee   0x00000002   PAD
    0x0800dff0   0x0800dff0   0x00000119   Data   RO         1932    .conststring        main.o
    0x0800e109   0x0800e109   0x00000003   PAD
    0x0800e10c   0x0800e10c   0x00000020   Data   RO         6217    Region$$Table       anon$$obj.o


    Execution Region RW_IRAM1 (Exec base: 0x20000000, Load base: 0x0800e12c, Size: 0x00001458, Max: 0x0000c000, ABSOLUTE)

    Exec Addr    Load Addr    Size         Type   Attr      Idx    E Section Name        Object

    0x20000000   0x0800e12c   0x00000024   Data   RW          379    .data               relay_control.o
    0x20000024   0x0800e150   0x00000012   Data   RW          552    .data               temperature_monitor.o
    0x20000036   0x0800e162   0x00000005   Data   RW          673    .data               oled_display.o
    0x2000003b   0x0800e167   0x00000001   PAD
    0x2000003c   0x0800e168   0x00000024   Data   RW          852    .data               system_control.o
    0x20000060   0x0800e18c   0x00000044   Data   RW         1081    .data               safety_monitor.o
    0x200000a4   0x0800e1d0   0x00000008   Data   RW         1293    .data               iwdg_control.o
    0x200000ac   0x0800e1d8   0x00000004   Data   RW         1542    .data               smart_delay.o
    0x200000b0   0x0800e1dc   0x00000010   Data   RW         1623    .data               log_system.o
    0x200000c0   0x0800e1ec   0x0000001c   Data   RW         1933    .data               main.o
    0x200000dc   0x0800e208   0x0000000c   Data   RW         1976    .data               gpio.o
    0x200000e8   0x0800e214   0x00000001   Data   RW         1977    .data               gpio.o
    0x200000e9   0x0800e215   0x00000001   Data   RW         1978    .data               gpio.o
    0x200000ea   0x0800e216   0x00000002   PAD
    0x200000ec   0x0800e218   0x0000000c   Data   RW         2765    .data               stm32f1xx_hal.o
    0x200000f8   0x0800e224   0x00000004   Data   RW         5846    .data               system_stm32f1xx.o
    0x200000fc        -       0x00000080   Zero   RW          377    .bss                relay_control.o
    0x2000017c        -       0x00000018   Zero   RW          549    .bss                temperature_monitor.o
    0x20000194        -       0x00000928   Zero   RW          670    .bss                oled_display.o
    0x20000abc        -       0x00000090   Zero   RW          849    .bss                system_control.o
    0x20000b4c        -       0x00000268   Zero   RW         1079    .bss                safety_monitor.o
    0x20000db4        -       0x00000030   Zero   RW         1290    .bss                iwdg_control.o
    0x20000de4        -       0x0000003c   Zero   RW         1621    .bss                log_system.o
    0x20000e20        -       0x00000020   Zero   RW         1812    .bss                w25q128_driver.o
    0x20000e40        -       0x00000010   Zero   RW         1931    .bss                main.o
    0x20000e50        -       0x00000074   Zero   RW         2013    .bss                adc.o
    0x20000ec4        -       0x00000054   Zero   RW         2079    .bss                i2c.o
    0x20000f18        -       0x0000000c   Zero   RW         2120    .bss                iwdg.o
    0x20000f24        -       0x00000058   Zero   RW         2157    .bss                spi.o
    0x20000f7c        -       0x00000048   Zero   RW         2200    .bss                tim.o
    0x20000fc4        -       0x00000090   Zero   RW         2250    .bss                usart.o
    0x20001054   0x0800e228   0x00000004   PAD
    0x20001058        -       0x00000400   Zero   RW            1    STACK               startup_stm32f103xe.o


==============================================================================

Image component sizes


      Code (inc. data)   RO Data    RW Data    ZI Data      Debug   Object Name

       280         30          0          0        116       1739   adc.o
        28          6          0          0          0        710   dma.o
       664         70          0         14          0       2430   gpio.o
       420        146          0          0          0     538030   gpio_control.o
       156         26          0          0         84       1577   i2c.o
        92         44          0          0         12       1074   iwdg.o
      1354        824        169          8         48       6614   iwdg_control.o
      3866       2096         99         16         60      16114   log_system.o
      4304       2434        281         28         16       5290   main.o
         0          0        411          0          0        424   minyerlogo.o
      2740        182       2092          5       2344      17755   oled_display.o
      3874       1448         81         36        128      30997   relay_control.o
      3434        952        380         68        616      18882   safety_monitor.o
       270         12          0          4          0       4089   smart_delay.o
       184         22          0          0         88       1601   spi.o
        36          8        304          0       1024        788   startup_stm32f103xe.o
       164         28          0         12          0       6401   stm32f1xx_hal.o
      1358         60          0          0          0       9267   stm32f1xx_hal_adc.o
         2          0          0          0          0       1029   stm32f1xx_hal_adc_ex.o
       198         14          0          0          0      28879   stm32f1xx_hal_cortex.o
       652         20          0          0          0       4041   stm32f1xx_hal_dma.o
       548         48          0          0          0       4058   stm32f1xx_hal_gpio.o
      1778         42          0          0          0      10663   stm32f1xx_hal_i2c.o
       106          0          0          0          0       1819   stm32f1xx_hal_iwdg.o
        60          8          0          0          0        846   stm32f1xx_hal_msp.o
      1240         84         18          0          0       5040   stm32f1xx_hal_rcc.o
       236         12          0          0          0       1356   stm32f1xx_hal_rcc_ex.o
      1700          4          0          0          0       7950   stm32f1xx_hal_spi.o
      1462         78          0          0          0      12332   stm32f1xx_hal_tim.o
       124         20          0          0          0       1332   stm32f1xx_hal_tim_ex.o
      1474         10          0          0          0       9912   stm32f1xx_hal_uart.o
       110         12          0          0          0       5550   stm32f1xx_it.o
      9264       4946        202         36        144      23925   system_control.o
         2          0         24          4          0       1079   system_stm32f1xx.o
       774        232       1336         18         24       7931   temperature_monitor.o
       272         34          0          0         72       2224   tim.o
       388         46          0          0        144       3062   usart.o
      3968       2068         78          0         32      10678   w25q128_driver.o

    ----------------------------------------------------------------------
     47644      16066       5524        252       4956     807488   Object Totals
         0          0         32          0          0          0   (incl. Generated)
        62          0         17          3          4          0   (incl. Padding)

    ----------------------------------------------------------------------

      Code (inc. data)   RO Data    RW Data    ZI Data      Debug   Library Member Name

         0          0          0          0          0          0   entry.o
         0          0          0          0          0          0   entry10a.o
         0          0          0          0          0          0   entry11a.o
         4          0          0          0          0          0   entry12b.o
         8          4          0          0          0          0   entry2.o
         4          0          0          0          0          0   entry5.o
         0          0          0          0          0          0   entry7b.o
         0          0          0          0          0          0   entry8b.o
         8          4          0          0          0          0   entry9a.o
        30          0          0          0          0          0   handlers.o
        36          8          0          0          0         68   init.o
         0          0          0          0          0          0   iusefp.o
        30          0          0          0          0         68   llshl.o
        36          0          0          0          0         68   llsshr.o
        32          0          0          0          0         68   llushr.o
        36          0          0          0          0         68   memcpya.o
        36          0          0          0          0        108   memseta.o
      2346         96          0          0          0        768   printfa.o
        24          0          0          0          0         68   strcat.o
        18          0          0          0          0         68   strcpy.o
        14          0          0          0          0         68   strlen.o
        24          0          0          0          0         76   strncpy.o
        44          0          0          0          0         80   uidiv.o
        98          0          0          0          0         92   uldiv.o
        48          0          0          0          0         68   cdrcmple.o
        20          0          0          0          0         68   cfrcmple.o
       334          0          0          0          0        148   dadd.o
       222          0          0          0          0        100   ddiv.o
       186          0          0          0          0        176   depilogue.o
        48          0          0          0          0         68   dfixul.o
       228          0          0          0          0         96   dmul.o
        38          0          0          0          0         68   f2d.o
       176          0          0          0          0        140   fadd.o
       124          0          0          0          0         88   fdiv.o
       110          0          0          0          0        168   fepilogue.o
        10          0          0          0          0         68   ffltui.o
       100          0          0          0          0         76   fmul.o

    ----------------------------------------------------------------------
      4476        112          0          0          0       3000   Library Totals
         4          0          0          0          0          0   (incl. Padding)

    ----------------------------------------------------------------------

      Code (inc. data)   RO Data    RW Data    ZI Data      Debug   Library Name

      2828        112          0          0          0       1668   mc_w.l
      1644          0          0          0          0       1332   mf_w.l

    ----------------------------------------------------------------------
      4476        112          0          0          0       3000   Library Totals

    ----------------------------------------------------------------------

==============================================================================


      Code (inc. data)   RO Data    RW Data    ZI Data      Debug   

     52120      16178       5524        252       4956     793740   Grand Totals
     52120      16178       5524        252       4956     793740   ELF Image Totals
     52120      16178       5524        252          0          0   ROM Totals

==============================================================================

    Total RO  Size (Code + RO Data)                57644 (  56.29kB)
    Total RW  Size (RW Data + ZI Data)              5208 (   5.09kB)
    Total ROM Size (Code + RO Data + RW Data)      57896 (  56.54kB)

==============================================================================

