<html>
<body>
<pre>
<h1>礦ision Build Log</h1>
<h2>Tool Versions:</h2>
IDE-Version: μVision V5.36.0.0
Copyright (C) 2021 ARM Ltd and ARM Germany GmbH. All rights reserved.
License Information: sun becblue, minyer, LIC=HF82M-XVX73-24USS-LQG6R-5TI5B-9H3EF
 
Tool Versions:
Toolchain:       MDK-ARM Professional  Version: 5.36.0.0
Toolchain Path:  D:\Program Files\Keil_v5\ARM\ARMCC\Bin
C Compiler:      Armcc.exe V5.06 update 7 (build 960)
Assembler:       Armasm.exe V5.06 update 7 (build 960)
Linker/Locator:  ArmLink.exe V5.06 update 7 (build 960)
Library Manager: ArmAr.exe V5.06 update 7 (build 960)
Hex Converter:   FromElf.exe V5.06 update 7 (build 960)
CPU DLL:         SARMCM3.DLL V5.36.0.0
Dialog DLL:      DCM.DLL V1.17.3.0
Target DLL:      CMSIS_AGDI.dll V1.33.0.0
Dialog DLL:      TCM.DLL V1.53.0.0
 
<h2>Project:</h2>
E:\STM32\Three-channel controller_v3.0\MDK-ARM\Three-channel controller_v3.0.uvprojx
Project File Date:  07/01/2025

<h2>Output:</h2>
*** Using Compiler 'V5.06 update 7 (build 960)', folder: 'D:\Program Files\Keil_v5\ARM\ARMCC\Bin'
Rebuild target 'Three-channel controller_v3.0'
assembling startup_stm32f103xe.s...
compiling i2c.c...
compiling iwdg.c...
compiling dma.c...
compiling gpio.c...
compiling adc.c...
compiling spi.c...
compiling main.c...
compiling oled_display.c...
..\Core\Src\oled_display.c(1): warning:  #1-D: last line of file ends without a newline
  // OLED显示相关函数实现 
..\Core\Src\oled_display.c: 1 warning, 0 errors
compiling fan_control.c...
..\Core\Src\fan_control.c(1): warning:  #1-D: last line of file ends without a newline
  // 风扇控制相关函数实现 
..\Core\Src\fan_control.c: 1 warning, 0 errors
compiling alarm.c...
..\Core\Src\alarm.c(1): warning:  #1-D: last line of file ends without a newline
  // 报警系统相关函数实现 
..\Core\Src\alarm.c: 1 warning, 0 errors
compiling relay_control.c...
..\Core\Src\relay_control.c(1): warning:  #1-D: last line of file ends without a newline
  // 继电器控制相关函数实现 
..\Core\Src\relay_control.c: 1 warning, 0 errors
compiling temperature.c...
..\Core\Src\temperature.c(1): warning:  #1-D: last line of file ends without a newline
  // 温度监控相关函数实现 
..\Core\Src\temperature.c: 1 warning, 0 errors
compiling switch_control.c...
..\Core\Src\switch_control.c(1): warning:  #1-D: last line of file ends without a newline
  // 开关控制相关函数实现 
..\Core\Src\switch_control.c: 1 warning, 0 errors
compiling stm32f1xx_hal_gpio_ex.c...
compiling stm32f1xx_it.c...
compiling usart.c...
compiling tim.c...
compiling stm32f1xx_hal_msp.c...
compiling stm32f1xx_hal_adc_ex.c...
compiling stm32f1xx_hal_adc.c...
compiling stm32f1xx_hal.c...
compiling stm32f1xx_hal_cortex.c...
compiling stm32f1xx_hal_gpio.c...
compiling stm32f1xx_hal_rcc_ex.c...
compiling stm32f1xx_hal_pwr.c...
compiling stm32f1xx_hal_rcc.c...
compiling stm32f1xx_hal_dma.c...
compiling stm32f1xx_hal_iwdg.c...
compiling stm32f1xx_hal_exti.c...
compiling stm32f1xx_hal_flash.c...
compiling stm32f1xx_hal_flash_ex.c...
compiling stm32f1xx_hal_spi.c...
compiling stm32f1xx_hal_i2c.c...
compiling stm32f1xx_hal_tim.c...
compiling system_stm32f1xx.c...
compiling stm32f1xx_hal_tim_ex.c...
compiling stm32f1xx_hal_uart.c...
linking...
Program Size: Code=9218 RO-data=378 RW-data=16 ZI-data=1544  
FromELF: creating hex file...
"Three-channel controller_v3.0\Three-channel controller_v3.0" - 0 Error(s), 6 Warning(s).

<h2>Software Packages used:</h2>

Package Vendor: ARM
                http://www.keil.com/pack/ARM.CMSIS.5.8.0.pack
                ARM.CMSIS.5.8.0
                CMSIS (Common Microcontroller Software Interface Standard)
   * Component: CORE Version: 5.5.0

Package Vendor: Keil
                https://www.keil.com/pack/Keil.STM32F1xx_DFP.2.4.1.pack
                Keil.STM32F1xx_DFP.2.4.1
                STMicroelectronics STM32F1 Series Device Support, Drivers and Examples

<h2>Collection of Component include folders:</h2>
  .\RTE\_Three-channel_controller_v3.0
  D:\Program Files\Keil_v5\Arm\Packs\ARM\CMSIS\5.8.0\CMSIS\Core\Include
  D:\Program Files\Keil_v5\Arm\Packs\Keil\STM32F1xx_DFP\2.4.1\Device\Include

<h2>Collection of Component Files used:</h2>

   * Component: ARM::CMSIS:CORE:5.5.0
      Include file:  CMSIS\Core\Include\tz_context.h
Build Time Elapsed:  00:00:10
</pre>
</body>
</html>
